2026-02-12 10:01:33 INFO module=fs msg="request completed"
2026-02-12 00:45:35 INFO module=cache msg="service started"
2026-02-12 19:30:45 ERROR module=disk msg="invalid token"
2026-02-12 05:28:01 INFO module=auth msg="request completed"
2026-02-12 13:01:35 DEBUG module=sched msg="entering handler"
2026-02-12 00:15:00 DEBUG module=disk msg="queue length checked"
2026-02-12 12:49:06 INFO module=db msg="service started"
2026-02-12 23:42:46 INFO module=sched msg="cache warmed up"
2026-02-12 07:17:36 INFO module=cache msg="cache warmed up"
2026-02-12 03:03:25 ERROR module=net msg="permission denied"
2026-02-12 16:56:31 DEBUG module=sched msg="buffer flushed"
2026-02-12 15:42:29 INFO module=auth msg="user logged in"
2026-02-12 16:49:08 INFO module=api msg="config reloaded"
2026-02-12 14:06:11 WARN module=net msg="slow response"
2026-02-12 23:31:32 DEBUG module=auth msg="buffer flushed"
2026-02-12 12:13:14 INFO module=cache msg="user logged in"
2026-02-12 09:25:30 INFO module=db msg="job scheduled"
2026-02-12 15:28:56 INFO module=api msg="job scheduled"
2026-02-12 03:51:10 WARN module=sched msg="deprecated option used"
2026-02-12 19:30:02 WARN module=net msg="retrying request"
2026-02-12 14:36:32 INFO module=fs msg="service started"
2026-02-12 10:03:25 INFO module=cache msg="service started"
2026-02-12 21:43:00 WARN module=disk msg="slow response"
2026-02-12 10:32:39 DEBUG module=sched msg="entering handler"
2026-02-12 11:31:15 INFO module=db msg="job scheduled"
2026-02-12 16:16:10 WARN module=db msg="disk usage above 80%"
2026-02-12 16:21:50 INFO module=disk msg="service started"
2026-02-12 01:32:11 INFO module=auth msg="service started"
2026-02-12 18:21:51 ERROR module=net msg="connection timeout"
2026-02-12 03:27:15 INFO module=db msg="service started"
2026-02-12 23:39:36 INFO module=disk msg="service started"
2026-02-12 06:19:24 INFO module=db msg="service started"
2026-02-12 07:59:00 WARN module=net msg="retrying request"
2026-02-12 02:37:43 INFO module=db msg="cache warmed up"
2026-02-12 04:11:54 INFO module=api msg="service started"
2026-02-12 09:01:11 ERROR module=db msg="permission denied"
2026-02-12 14:38:02 WARN module=cache msg="retrying request"
2026-02-12 15:01:39 WARN module=cache msg="slow response"
2026-02-12 01:56:54 INFO module=db msg="cache warmed up"
2026-02-12 13:59:56 INFO module=auth msg="job scheduled"
2026-02-12 01:46:19 INFO module=db msg="cache warmed up"
2026-02-12 10:52:19 INFO module=auth msg="user logged in"
2026-02-12 07:12:05 ERROR module=db msg="invalid token"
2026-02-12 10:45:48 INFO module=fs msg="service started"
2026-02-12 06:41:01 INFO module=api msg="cache warmed up"
2026-02-12 13:01:43 ERROR module=auth msg="query failed"
2026-02-12 13:07:22 DEBUG module=net msg="heartbeat sent"
2026-02-12 02:38:54 INFO module=sched msg="cache warmed up"
2026-02-12 11:47:01 INFO module=api msg="job scheduled"
2026-02-12 03:27:56 INFO module=api msg="cache warmed up"
2026-02-12 02:30:40 INFO module=sched msg="config reloaded"
2026-02-12 03:23:37 INFO module=cache msg="config reloaded"
2026-02-12 20:46:47 WARN module=cache msg="token expires soon"
2026-02-12 08:37:20 ERROR module=disk msg="segment read failed"
2026-02-12 22:55:10 ERROR module=cache msg="no space left on device"
2026-02-12 01:54:15 INFO module=db msg="service started"
2026-02-12 18:40:16 INFO module=net msg="user logged in"
2026-02-12 11:11:21 ERROR module=db msg="invalid token"
2026-02-12 19:45:38 INFO module=disk msg="request completed"
2026-02-12 20:45:18 INFO module=cache msg="job scheduled"
2026-02-12 01:55:00 WARN module=cache msg="disk usage above 80%"
2026-02-12 06:39:43 INFO module=api msg="request completed"
2026-02-12 11:50:20 INFO module=api msg="user logged in"
2026-02-12 14:34:01 ERROR module=disk msg="invalid token"
2026-02-12 22:33:09 INFO module=cache msg="config reloaded"
2026-02-12 05:37:48 INFO module=cache msg="job scheduled"
2026-02-12 10:16:23 INFO module=fs msg="config reloaded"
2026-02-12 02:13:08 DEBUG module=auth msg="heartbeat sent"
2026-02-12 00:41:07 INFO module=auth msg="user logged in"
2026-02-12 20:58:58 INFO module=auth msg="user logged in"
2026-02-12 12:43:55 INFO module=net msg="user logged in"
2026-02-12 16:57:50 INFO module=net msg="request completed"
2026-02-12 21:37:35 DEBUG module=auth msg="heartbeat sent"
2026-02-12 23:21:29 DEBUG module=net msg="queue length checked"
2026-02-12 11:39:09 INFO module=fs msg="request completed"
2026-02-12 23:04:10 WARN module=auth msg="deprecated option used"
2026-02-12 04:44:11 WARN module=sched msg="disk usage above 80%"
2026-02-12 21:46:51 ERROR module=net msg="permission denied"
2026-02-12 23:21:10 WARN module=disk msg="slow response"
2026-02-12 01:28:25 WARN module=db msg="slow response"
2026-02-12 00:07:17 INFO module=sched msg="request completed"
2026-02-12 19:29:55 INFO module=auth msg="job scheduled"
2026-02-12 04:24:08 INFO module=cache msg="job scheduled"
2026-02-12 15:27:48 INFO module=api msg="cache warmed up"
2026-02-12 16:47:12 DEBUG module=auth msg="queue length checked"
2026-02-12 11:16:49 WARN module=net msg="deprecated option used"
2026-02-12 18:46:38 ERROR module=api msg="connection refused"
2026-02-12 18:39:30 INFO module=cache msg="service started"
2026-02-12 11:48:45 INFO module=db msg="job scheduled"
2026-02-12 06:38:43 DEBUG module=sched msg="heartbeat sent"
2026-02-12 02:54:44 WARN module=cache msg="deprecated option used"
2026-02-12 10:11:10 WARN module=cache msg="token expires soon"
2026-02-12 11:26:38 INFO module=net msg="config reloaded"
2026-02-12 02:38:08 INFO module=api msg="config reloaded"
2026-02-12 21:35:14 INFO module=auth msg="user logged in"
2026-02-12 00:35:20 INFO module=disk msg="request completed"
2026-02-12 13:22:10 ERROR module=db msg="invalid token"
2026-02-12 12:28:59 ERROR module=net msg="permission denied"
2026-02-12 16:10:08 DEBUG module=api msg="heartbeat sent"
2026-02-12 23:11:46 ERROR module=fs msg="query failed"
2026-02-12 03:52:09 INFO module=db msg="user logged in"
2026-02-12 17:09:44 INFO module=disk msg="cache warmed up"
2026-02-12 10:34:44 INFO module=fs msg="request completed"
2026-02-12 01:36:29 INFO module=auth msg="job scheduled"
2026-02-12 06:54:52 INFO module=cache msg="config reloaded"
2026-02-12 13:52:57 INFO module=fs msg="job scheduled"
2026-02-12 04:54:53 INFO module=api msg="job scheduled"
2026-02-12 15:53:53 INFO module=disk msg="job scheduled"
2026-02-12 13:18:25 INFO module=cache msg="request completed"
2026-02-12 11:00:27 INFO module=fs msg="job scheduled"
2026-02-12 00:05:07 WARN module=fs msg="deprecated option used"
2026-02-12 19:25:37 INFO module=net msg="user logged in"
2026-02-12 11:32:36 WARN module=db msg="slow response"
2026-02-12 22:53:06 INFO module=disk msg="service started"
2026-02-12 07:02:14 INFO module=net msg="user logged in"
2026-02-12 12:15:54 INFO module=auth msg="user logged in"
2026-02-12 04:18:24 WARN module=net msg="disk usage above 80%"
2026-02-12 04:57:18 INFO module=net msg="job scheduled"
2026-02-12 03:18:18 WARN module=net msg="token expires soon"
2026-02-12 23:44:01 INFO module=net msg="cache warmed up"
2026-02-12 10:26:43 DEBUG module=cache msg="retry counter reset"
2026-02-12 07:12:23 INFO module=disk msg="service started"
2026-02-12 00:10:50 WARN module=sched msg="retrying request"
2026-02-12 23:32:25 DEBUG module=disk msg="buffer flushed"
2026-02-12 08:02:56 INFO module=disk msg="job scheduled"
2026-02-12 12:46:36 INFO module=net msg="service started"
2026-02-12 05:31:43 DEBUG module=cache msg="queue length checked"
2026-02-12 02:37:15 INFO module=cache msg="config reloaded"
2026-02-12 06:48:34 INFO module=api msg="user logged in"
2026-02-12 06:21:17 WARN module=auth msg="slow response"
2026-02-12 15:49:23 WARN module=cache msg="token expires soon"
2026-02-12 02:08:17 INFO module=sched msg="job scheduled"
2026-02-12 21:43:18 INFO module=auth msg="service started"
2026-02-12 18:25:01 WARN module=db msg="retrying request"
2026-02-12 20:13:23 WARN module=api msg="deprecated option used"
2026-02-12 08:35:25 WARN module=sched msg="token expires soon"
2026-02-12 12:51:38 INFO module=cache msg="request completed"
2026-02-12 19:24:35 INFO module=db msg="request completed"
2026-02-12 01:31:31 INFO module=auth msg="service started"
2026-02-12 08:17:45 WARN module=disk msg="deprecated option used"
2026-02-12 00:35:03 WARN module=disk msg="retrying request"
2026-02-12 15:00:44 WARN module=cache msg="slow response"
2026-02-12 07:46:55 INFO module=api msg="cache warmed up"
2026-02-12 12:21:43 INFO module=db msg="job scheduled"
2026-02-12 23:03:59 INFO module=sched msg="job scheduled"
2026-02-12 17:47:59 INFO module=auth msg="user logged in"
2026-02-12 09:38:12 WARN module=auth msg="retrying request"
2026-02-12 18:42:15 INFO module=net msg="cache warmed up"
2026-02-12 22:37:22 INFO module=db msg="service started"
2026-02-12 04:43:19 WARN module=net msg="retrying request"
2026-02-12 23:35:53 INFO module=db msg="user logged in"
2026-02-12 14:19:56 INFO module=cache msg="config reloaded"
2026-02-12 19:33:20 DEBUG module=sched msg="retry counter reset"
2026-02-12 19:04:58 WARN module=net msg="deprecated option used"
2026-02-12 21:21:20 INFO module=cache msg="cache warmed up"
2026-02-12 06:20:10 INFO module=net msg="cache warmed up"
2026-02-12 12:37:30 INFO module=cache msg="user logged in"
2026-02-12 14:50:47 INFO module=fs msg="job scheduled"
2026-02-12 02:37:35 WARN module=db msg="deprecated option used"
2026-02-12 16:53:51 WARN module=auth msg="retrying request"
2026-02-12 17:53:57 INFO module=net msg="user logged in"
2026-02-12 20:30:07 INFO module=db msg="job scheduled"
2026-02-12 14:06:33 WARN module=disk msg="token expires soon"
2026-02-12 17:16:21 INFO module=sched msg="cache warmed up"
2026-02-12 05:56:28 INFO module=net msg="user logged in"
2026-02-12 15:11:51 WARN module=disk msg="disk usage above 80%"
2026-02-12 23:29:36 INFO module=cache msg="config reloaded"
2026-02-12 17:46:45 WARN module=cache msg="token expires soon"
2026-02-12 00:16:28 INFO module=fs msg="cache warmed up"
2026-02-12 04:30:08 INFO module=sched msg="config reloaded"
2026-02-12 23:30:32 INFO module=api msg="cache warmed up"
2026-02-12 08:11:04 INFO module=auth msg="user logged in"
2026-02-12 13:18:02 WARN module=disk msg="token expires soon"
2026-02-12 17:36:13 INFO module=fs msg="user logged in"
2026-02-12 05:16:57 INFO module=disk msg="user logged in"
2026-02-12 16:17:22 ERROR module=db msg="connection timeout"
2026-02-12 09:56:45 INFO module=auth msg="config reloaded"
2026-02-12 15:41:43 INFO module=api msg="service started"
2026-02-12 16:18:43 INFO module=auth msg="request completed"
2026-02-12 03:14:59 DEBUG module=sched msg="queue length checked"
2026-02-12 00:39:06 INFO module=db msg="cache warmed up"
2026-02-12 01:44:10 INFO module=sched msg="request completed"
2026-02-12 19:36:52 INFO module=api msg="config reloaded"
2026-02-12 22:02:13 INFO module=fs msg="service started"
2026-02-12 17:57:52 INFO module=disk msg="service started"
2026-02-12 14:29:53 INFO module=disk msg="user logged in"
2026-02-12 04:21:41 INFO module=auth msg="job scheduled"
2026-02-12 13:52:43 WARN module=disk msg="deprecated option used"
2026-02-12 20:05:32 INFO module=cache msg="user logged in"
2026-02-12 20:35:50 WARN module=cache msg="slow response"
2026-02-12 23:56:30 INFO module=net msg="job scheduled"
2026-02-12 09:35:12 INFO module=disk msg="user logged in"
2026-02-12 18:04:55 INFO module=auth msg="cache warmed up"
2026-02-12 20:52:23 INFO module=fs msg="service started"
2026-02-12 12:11:01 INFO module=auth msg="request completed"
2026-02-12 18:09:36 INFO module=disk msg="job scheduled"
2026-02-12 20:36:31 INFO module=cache msg="service started"
2026-02-12 00:42:46 ERROR module=db msg="connection refused"
2026-02-12 05:46:29 INFO module=fs msg="service started"
2026-02-12 20:47:40 INFO module=db msg="config reloaded"
2026-02-12 10:34:28 WARN module=disk msg="deprecated option used"
2026-02-12 17:45:43 WARN module=net msg="slow response"
2026-02-12 00:49:12 INFO module=auth msg="request completed"
2026-02-12 08:40:54 INFO module=sched msg="cache warmed up"
2026-02-12 05:11:58 DEBUG module=cache msg="heartbeat sent"
2026-02-12 01:09:30 INFO module=db msg="config reloaded"
2026-02-12 04:30:57 INFO module=net msg="cache warmed up"
2026-02-12 06:42:22 DEBUG module=db msg="buffer flushed"
2026-02-12 13:05:28 WARN module=auth msg="deprecated option used"
2026-02-12 11:18:09 DEBUG module=net msg="entering handler"
2026-02-12 05:00:48 WARN module=auth msg="slow response"
2026-02-12 17:00:37 INFO module=cache msg="cache warmed up"
2026-02-12 07:03:20 DEBUG module=auth msg="entering handler"
2026-02-12 02:41:42 INFO module=cache msg="user logged in"
2026-02-12 15:28:36 INFO module=disk msg="service started"
2026-02-12 03:33:24 INFO module=cache msg="job scheduled"
2026-02-12 04:27:37 DEBUG module=net msg="buffer flushed"
2026-02-12 03:28:22 DEBUG module=api msg="queue length checked"
2026-02-12 04:18:13 INFO module=auth msg="cache warmed up"
2026-02-12 12:51:10 INFO module=net msg="job scheduled"
2026-02-12 16:33:11 INFO module=auth msg="cache warmed up"
2026-02-12 04:23:04 INFO module=api msg="config reloaded"
2026-02-12 22:26:47 DEBUG module=auth msg="retry counter reset"
2026-02-12 09:55:29 DEBUG module=sched msg="queue length checked"
2026-02-12 22:32:17 INFO module=auth msg="job scheduled"
2026-02-12 12:25:25 WARN module=auth msg="slow response"
2026-02-12 13:42:01 INFO module=fs msg="cache warmed up"
2026-02-12 20:02:23 DEBUG module=api msg="heartbeat sent"
2026-02-12 14:29:51 INFO module=auth msg="job scheduled"
2026-02-12 18:57:27 INFO module=disk msg="request completed"
2026-02-12 10:20:57 WARN module=sched msg="retrying request"
2026-02-12 09:06:05 INFO module=api msg="request completed"
2026-02-12 11:07:17 DEBUG module=disk msg="buffer flushed"
2026-02-12 23:43:12 INFO module=disk msg="job scheduled"
2026-02-12 01:21:38 WARN module=net msg="slow response"
2026-02-12 13:17:06 INFO module=net msg="user logged in"
2026-02-12 10:02:12 INFO module=api msg="cache warmed up"
2026-02-12 23:59:14 WARN module=net msg="slow response"
2026-02-12 20:27:13 INFO module=net msg="request completed"
2026-02-12 04:03:49 WARN module=net msg="disk usage above 80%"
2026-02-12 04:03:43 INFO module=disk msg="config reloaded"
2026-02-12 23:53:35 INFO module=db msg="cache warmed up"
2026-02-12 02:24:47 INFO module=db msg="cache warmed up"
2026-02-12 09:06:03 DEBUG module=disk msg="retry counter reset"
2026-02-12 17:28:09 INFO module=cache msg="cache warmed up"
2026-02-12 09:13:30 INFO module=api msg="request completed"
2026-02-12 01:49:13 WARN module=disk msg="slow response"
2026-02-12 04:08:48 ERROR module=db msg="no space left on device"
2026-02-12 17:40:28 INFO module=fs msg="cache warmed up"
2026-02-12 16:35:39 ERROR module=net msg="no space left on device"
2026-02-12 03:32:37 ERROR module=disk msg="query failed"
2026-02-12 11:19:55 DEBUG module=sched msg="entering handler"
2026-02-12 16:28:48 INFO module=sched msg="config reloaded"
2026-02-12 09:18:53 WARN module=api msg="retrying request"
2026-02-12 00:21:40 INFO module=disk msg="user logged in"
2026-02-12 04:54:31 DEBUG module=sched msg="heartbeat sent"
2026-02-12 08:28:26 INFO module=db msg="request completed"
2026-02-12 22:06:23 INFO module=api msg="cache warmed up"
2026-02-12 01:45:25 ERROR module=db msg="segment read failed"
2026-02-12 18:18:46 WARN module=disk msg="deprecated option used"
2026-02-12 19:51:02 DEBUG module=db msg="buffer flushed"
2026-02-12 15:34:21 WARN module=cache msg="slow response"
2026-02-12 20:30:09 INFO module=net msg="user logged in"
2026-02-12 16:08:31 WARN module=cache msg="disk usage above 80%"
2026-02-12 13:14:11 INFO module=sched msg="request completed"
2026-02-12 12:54:28 INFO module=net msg="cache warmed up"
2026-02-12 01:37:56 DEBUG module=disk msg="retry counter reset"
2026-02-12 18:17:18 INFO module=db msg="request completed"
2026-02-12 20:52:44 DEBUG module=cache msg="entering handler"
2026-02-12 20:30:18 WARN module=cache msg="retrying request"
2026-02-12 20:51:30 INFO module=sched msg="job scheduled"
2026-02-12 11:00:53 DEBUG module=auth msg="queue length checked"
2026-02-12 14:41:59 WARN module=cache msg="deprecated option used"
2026-02-12 05:15:31 DEBUG module=cache msg="retry counter reset"
2026-02-12 05:46:33 INFO module=sched msg="request completed"
2026-02-12 05:47:32 ERROR module=disk msg="query failed"
2026-02-12 15:25:41 INFO module=sched msg="config reloaded"
2026-02-12 08:50:31 INFO module=fs msg="service started"
2026-02-12 03:10:21 DEBUG module=net msg="retry counter reset"
2026-02-12 06:46:46 INFO module=sched msg="job scheduled"
2026-02-12 05:48:29 INFO module=cache msg="service started"
2026-02-12 13:00:55 INFO module=disk msg="service started"
2026-02-12 20:51:28 INFO module=api msg="user logged in"
2026-02-12 08:06:44 INFO module=fs msg="cache warmed up"
2026-02-12 21:20:55 DEBUG module=disk msg="buffer flushed"
2026-02-12 15:26:41 INFO module=sched msg="config reloaded"
2026-02-12 14:33:53 WARN module=disk msg="disk usage above 80%"
2026-02-12 16:30:52 INFO module=fs msg="cache warmed up"
2026-02-12 22:10:46 INFO module=api msg="job scheduled"
2026-02-12 03:22:54 INFO module=fs msg="config reloaded"
2026-02-12 05:24:33 INFO module=api msg="service started"
2026-02-12 00:52:27 INFO module=cache msg="request completed"
2026-02-12 22:02:00 INFO module=sched msg="config reloaded"
2026-02-12 02:47:36 WARN module=api msg="token expires soon"
2026-02-12 14:55:59 INFO module=disk msg="cache warmed up"
2026-02-12 11:29:02 DEBUG module=fs msg="queue length checked"
2026-02-12 01:14:36 DEBUG module=api msg="queue length checked"
2026-02-12 16:58:21 INFO module=disk msg="job scheduled"
2026-02-12 14:42:54 INFO module=db msg="service started"
2026-02-12 17:05:48 INFO module=db msg="service started"
2026-02-12 14:47:43 INFO module=auth msg="cache warmed up"
2026-02-12 18:32:55 ERROR module=net msg="segment read failed"
2026-02-12 08:42:41 ERROR module=cache msg="connection timeout"
2026-02-12 16:45:16 INFO module=fs msg="job scheduled"
2026-02-12 09:39:45 INFO module=fs msg="cache warmed up"
2026-02-12 08:09:04 WARN module=auth msg="slow response"
2026-02-12 18:50:42 INFO module=db msg="job scheduled"
2026-02-12 02:33:20 INFO module=db msg="user logged in"
2026-02-12 22:22:55 INFO module=api msg="job scheduled"
2026-02-12 05:17:17 INFO module=api msg="config reloaded"
2026-02-12 03:27:34 DEBUG module=auth msg="retry counter reset"
2026-02-12 11:22:11 INFO module=sched msg="cache warmed up"
2026-02-12 05:43:37 ERROR module=cache msg="segment read failed"
2026-02-12 16:55:07 WARN module=net msg="slow response"
2026-02-12 05:29:43 INFO module=cache msg="request completed"
2026-02-12 16:22:31 ERROR module=auth msg="segment read failed"
2026-02-12 20:20:20 DEBUG module=db msg="queue length checked"
