2026-02-14 13:36:27 INFO module=sched msg="cache warmed up"
2026-02-14 03:24:56 INFO module=sched msg="request completed"
2026-02-14 01:08:15 WARN module=disk msg="retrying request"
2026-02-14 05:43:35 INFO module=net msg="job scheduled"
2026-02-14 08:32:39 INFO module=db msg="service started"
2026-02-14 15:08:18 INFO module=auth msg="config reloaded"
2026-02-14 13:29:11 DEBUG module=api msg="heartbeat sent"
2026-02-14 19:27:55 INFO module=api msg="cache warmed up"
2026-02-14 05:13:29 INFO module=api msg="service started"
2026-02-14 10:43:49 INFO module=cache msg="cache warmed up"
2026-02-14 10:31:09 INFO module=auth msg="config reloaded"
2026-02-14 04:11:12 WARN module=fs msg="slow response"
2026-02-14 03:40:19 ERROR module=disk msg="permission denied"
2026-02-14 00:20:47 INFO module=fs msg="service started"
2026-02-14 08:17:40 ERROR module=db msg="query failed"
2026-02-14 11:55:36 INFO module=db msg="config reloaded"
2026-02-14 17:44:23 WARN module=cache msg="token expires soon"
2026-02-14 18:50:42 INFO module=cache msg="user logged in"
2026-02-14 19:41:50 WARN module=net msg="slow response"
2026-02-14 12:42:51 WARN module=net msg="deprecated option used"
2026-02-14 12:06:11 DEBUG module=api msg="heartbeat sent"
2026-02-14 23:24:05 ERROR module=disk msg="connection refused"
2026-02-14 21:31:43 INFO module=fs msg="cache warmed up"
2026-02-14 06:03:20 INFO module=net msg="request completed"
2026-02-14 12:30:42 INFO module=auth msg="job scheduled"
2026-02-14 04:53:54 DEBUG module=fs msg="heartbeat sent"
2026-02-14 21:23:14 ERROR module=net msg="query failed"
2026-02-14 23:43:18 ERROR module=db msg="permission denied"
2026-02-14 01:13:55 DEBUG module=auth msg="queue length checked"
2026-02-14 06:27:21 INFO module=auth msg="request completed"
2026-02-14 14:11:44 INFO module=api msg="service started"
2026-02-14 09:04:51 INFO module=api msg="user logged in"
2026-02-14 07:15:04 ERROR module=disk msg="connection timeout"
2026-02-14 16:38:52 INFO module=auth msg="job scheduled"
2026-02-14 03:55:39 WARN module=net msg="deprecated option used"
2026-02-14 12:19:44 ERROR module=db msg="no space left on device"
2026-02-14 06:25:49 ERROR module=net msg="connection timeout"
2026-02-14 16:00:00 INFO module=api msg="service started"
2026-02-14 13:49:43 DEBUG module=sched msg="queue length checked"
2026-02-14 14:42:05 INFO module=auth msg="user logged in"
2026-02-14 01:13:13 WARN module=db msg="slow response"
2026-02-14 06:17:28 INFO module=auth msg="config reloaded"
2026-02-14 12:15:18 INFO module=fs msg="config reloaded"
2026-02-14 16:52:10 DEBUG module=disk msg="queue length checked"
2026-02-14 20:14:23 INFO module=api msg="request completed"
2026-02-14 00:31:57 INFO module=sched msg="request completed"
2026-02-14 04:25:27 DEBUG module=fs msg="entering handler"
2026-02-14 17:56:10 INFO module=auth msg="cache warmed up"
2026-02-14 15:57:21 INFO module=auth msg="config reloaded"
2026-02-14 07:56:20 DEBUG module=disk msg="queue length checked"
2026-02-14 10:19:02 INFO module=db msg="user logged in"
2026-02-14 04:49:28 WARN module=disk msg="retrying request"
2026-02-14 16:42:10 INFO module=auth msg="service started"
2026-02-14 19:13:08 INFO module=disk msg="request completed"
2026-02-14 22:00:59 INFO module=db msg="user logged in"
2026-02-14 23:09:10 WARN module=net msg="token expires soon"
2026-02-14 21:57:19 INFO module=api msg="request completed"
2026-02-14 13:56:35 INFO module=net msg="user logged in"
2026-02-14 21:55:16 DEBUG module=api msg="buffer flushed"
2026-02-14 04:19:14 WARN module=net msg="deprecated option used"
2026-02-14 16:06:34 DEBUG module=cache msg="queue length checked"
2026-02-14 02:41:32 INFO module=auth msg="user logged in"
2026-02-14 19:23:55 INFO module=api msg="user logged in"
2026-02-14 10:12:07 WARN module=db msg="retrying request"
2026-02-14 23:07:23 INFO module=auth msg="config reloaded"
2026-02-14 18:50:20 INFO module=sched msg="job scheduled"
2026-02-14 02:21:59 INFO module=api msg="config reloaded"
2026-02-14 07:59:32 WARN module=api msg="disk usage above 80%"
2026-02-14 07:20:39 INFO module=net msg="service started"
2026-02-14 18:26:44 INFO module=sched msg="user logged in"
2026-02-14 04:47:55 INFO module=cache msg="user logged in"
2026-02-14 18:13:48 INFO module=cache msg="user logged in"
2026-02-14 16:27:37 DEBUG module=api msg="entering handler"
2026-02-14 16:44:47 WARN module=net msg="disk usage above 80%"
2026-02-14 14:37:32 DEBUG module=cache msg="entering handler"
2026-02-14 14:44:13 WARN module=disk msg="retrying request"
2026-02-14 03:14:41 DEBUG module=cache msg="entering handler"
2026-02-14 14:02:02 DEBUG module=fs msg="heartbeat sent"
2026-02-14 10:58:55 INFO module=net msg="config reloaded"
2026-02-14 02:44:29 DEBUG module=cache msg="buffer flushed"
2026-02-14 15:25:34 INFO module=db msg="config reloaded"
2026-02-14 23:10:59 ERROR module=db msg="query failed"
2026-02-14 20:36:07 INFO module=net msg="config reloaded"
2026-02-14 07:39:41 WARN module=net msg="disk usage above 80%"
2026-02-14 05:49:24 WARN module=disk msg="disk usage above 80%"
2026-02-14 15:10:18 INFO module=net msg="job scheduled"
2026-02-14 20:43:26 INFO module=disk msg="job scheduled"
2026-02-14 15:23:08 INFO module=net msg="user logged in"
2026-02-14 02:05:16 INFO module=auth msg="config reloaded"
2026-02-14 08:23:10 INFO module=auth msg="cache warmed up"
2026-02-14 00:39:54 INFO module=db msg="service started"
2026-02-14 23:51:33 DEBUG module=sched msg="retry counter reset"
2026-02-14 13:25:30 INFO module=cache msg="cache warmed up"
2026-02-14 01:57:41 DEBUG module=auth msg="retry counter reset"
2026-02-14 18:46:20 WARN module=auth msg="deprecated option used"
2026-02-14 08:29:04 INFO module=auth msg="config reloaded"
2026-02-14 06:12:29 DEBUG module=cache msg="buffer flushed"
2026-02-14 03:20:35 INFO module=disk msg="cache warmed up"
2026-02-14 14:13:12 INFO module=disk msg="cache warmed up"
2026-02-14 09:42:29 DEBUG module=sched msg="buffer flushed"
2026-02-14 19:20:15 INFO module=auth msg="job scheduled"
2026-02-14 11:52:20 INFO module=db msg="service started"
2026-02-14 23:04:07 WARN module=cache msg="token expires soon"
2026-02-14 16:31:44 INFO module=sched msg="service started"
2026-02-14 09:50:35 INFO module=cache msg="job scheduled"
2026-02-14 10:15:14 WARN module=api msg="token expires soon"
2026-02-14 20:21:09 DEBUG module=cache msg="heartbeat sent"
2026-02-14 19:31:55 INFO module=cache msg="cache warmed up"
2026-02-14 04:41:17 WARN module=net msg="token expires soon"
2026-02-14 12:59:25 ERROR module=disk msg="invalid token"
2026-02-14 19:22:51 INFO module=auth msg="config reloaded"
2026-02-14 05:50:42 INFO module=auth msg="request completed"
2026-02-14 05:29:38 DEBUG module=auth msg="buffer flushed"
2026-02-14 21:58:28 INFO module=db msg="request completed"
2026-02-14 23:22:45 WARN module=api msg="slow response"
2026-02-14 21:25:17 WARN module=api msg="retrying request"
2026-02-14 13:15:54 DEBUG module=disk msg="entering handler"
2026-02-14 08:04:55 INFO module=cache msg="job scheduled"
2026-02-14 18:01:06 INFO module=db msg="request completed"
2026-02-14 16:31:11 INFO module=auth msg="service started"
2026-02-14 18:51:01 WARN module=api msg="disk usage above 80%"
2026-02-14 16:20:18 WARN module=auth msg="disk usage above 80%"
2026-02-14 07:59:20 WARN module=sched msg="deprecated option used"
2026-02-14 07:28:22 ERROR module=net msg="query failed"
2026-02-14 09:43:36 INFO module=sched msg="user logged in"
2026-02-14 22:21:15 INFO module=disk msg="config reloaded"
2026-02-14 06:17:06 WARN module=cache msg="token expires soon"
2026-02-14 17:51:39 INFO module=db msg="job scheduled"
2026-02-14 17:20:16 INFO module=api msg="request completed"
2026-02-14 01:29:05 INFO module=net msg="cache warmed up"
2026-02-14 06:49:39 INFO module=api msg="request completed"
2026-02-14 02:51:32 INFO module=fs msg="request completed"
2026-02-14 20:41:04 DEBUG module=sched msg="buffer flushed"
2026-02-14 04:59:26 DEBUG module=sched msg="heartbeat sent"
2026-02-14 03:24:17 INFO module=api msg="cache warmed up"
2026-02-14 19:55:30 ERROR module=net msg="query failed"
2026-02-14 23:39:54 INFO module=sched msg="user logged in"
2026-02-14 11:37:14 WARN module=net msg="retrying request"
2026-02-14 00:52:53 INFO module=net msg="service started"
2026-02-14 20:24:54 INFO module=net msg="config reloaded"
2026-02-14 05:47:55 INFO module=fs msg="cache warmed up"
2026-02-14 02:22:02 ERROR module=api msg="query failed"
2026-02-14 15:53:27 WARN module=auth msg="retrying request"
2026-02-14 00:57:58 INFO module=cache msg="cache warmed up"
2026-02-14 16:47:23 INFO module=db msg="config reloaded"
2026-02-14 20:45:29 INFO module=db msg="service started"
2026-02-14 08:12:56 INFO module=net msg="config reloaded"
2026-02-14 02:04:40 WARN module=sched msg="token expires soon"
2026-02-14 02:13:17 INFO module=auth msg="user logged in"
2026-02-14 16:24:26 INFO module=api msg="request completed"
2026-02-14 15:39:33 DEBUG module=disk msg="retry counter reset"
2026-02-14 21:00:09 INFO module=disk msg="service started"
2026-02-14 00:12:22 DEBUG module=cache msg="heartbeat sent"
2026-02-14 02:35:11 INFO module=cache msg="config reloaded"
2026-02-14 16:27:40 INFO module=cache msg="service started"
2026-02-14 16:00:42 WARN module=cache msg="slow response"
2026-02-14 15:14:28 INFO module=cache msg="request completed"
2026-02-14 18:29:32 INFO module=cache msg="request completed"
2026-02-14 14:47:04 INFO module=disk msg="config reloaded"
2026-02-14 10:19:43 ERROR module=disk msg="permission denied"
2026-02-14 12:44:41 INFO module=db msg="user logged in"
2026-02-14 00:23:29 INFO module=auth msg="cache warmed up"
2026-02-14 20:58:15 INFO module=db msg="config reloaded"
2026-02-14 04:58:53 INFO module=net msg="request completed"
2026-02-14 17:59:08 ERROR module=db msg="segment read failed"
2026-02-14 12:54:52 INFO module=net msg="request completed"
2026-02-14 15:19:51 INFO module=sched msg="service started"
2026-02-14 20:24:29 DEBUG module=net msg="retry counter reset"
2026-02-14 21:40:26 DEBUG module=cache msg="queue length checked"
2026-02-14 09:19:15 INFO module=disk msg="job scheduled"
2026-02-14 12:12:32 INFO module=api msg="config reloaded"
2026-02-14 08:00:48 INFO module=net msg="request completed"
2026-02-14 04:50:51 INFO module=fs msg="config reloaded"
2026-02-14 03:18:17 WARN module=auth msg="token expires soon"
2026-02-14 07:45:10 WARN module=net msg="disk usage above 80%"
2026-02-14 16:09:01 WARN module=disk msg="disk usage above 80%"
2026-02-14 22:51:30 INFO module=net msg="user logged in"
2026-02-14 16:20:52 ERROR module=net msg="no space left on device"
2026-02-14 17:21:32 WARN module=db msg="disk usage above 80%"
2026-02-14 08:37:29 ERROR module=db msg="connection refused"
2026-02-14 10:33:06 INFO module=api msg="user logged in"
2026-02-14 05:03:28 ERROR module=cache msg="query failed"
2026-02-14 14:41:17 INFO module=db msg="user logged in"
2026-02-14 09:05:18 ERROR module=disk msg="no space left on device"
2026-02-14 05:57:51 INFO module=net msg="job scheduled"
2026-02-14 18:37:52 INFO module=sched msg="config reloaded"
2026-02-14 09:52:53 INFO module=auth msg="user logged in"
2026-02-14 05:17:41 WARN module=cache msg="slow response"
2026-02-14 21:31:11 WARN module=net msg="deprecated option used"
2026-02-14 22:20:54 DEBUG module=sched msg="queue length checked"
2026-02-14 20:22:27 ERROR module=db msg="query failed"
2026-02-14 03:53:38 WARN module=sched msg="token expires soon"
2026-02-14 09:54:46 INFO module=net msg="cache warmed up"
2026-02-14 17:35:18 INFO module=api msg="config reloaded"
2026-02-14 16:43:36 ERROR module=auth msg="no space left on device"
2026-02-14 11:11:00 INFO module=net msg="user logged in"
2026-02-14 20:20:22 ERROR module=net msg="invalid token"
2026-02-14 03:51:27 WARN module=auth msg="retrying request"
2026-02-14 06:07:59 INFO module=auth msg="job scheduled"
2026-02-14 04:39:39 DEBUG module=net msg="retry counter reset"
2026-02-14 17:42:35 INFO module=disk msg="request completed"
2026-02-14 09:19:11 INFO module=disk msg="job scheduled"
2026-02-14 18:26:46 INFO module=db msg="config reloaded"
2026-02-14 09:21:13 ERROR module=net msg="invalid token"
2026-02-14 02:34:52 DEBUG module=sched msg="queue length checked"
2026-02-14 17:54:31 ERROR module=auth msg="permission denied"
2026-02-14 17:34:20 INFO module=api msg="request completed"
2026-02-14 00:23:06 ERROR module=cache msg="connection refused"
2026-02-14 21:48:25 INFO module=net msg="config reloaded"
2026-02-14 00:52:30 INFO module=fs msg="cache warmed up"
2026-02-14 21:24:27 WARN module=auth msg="deprecated option used"
2026-02-14 21:47:55 INFO module=db msg="config reloaded"
2026-02-14 03:20:09 INFO module=auth msg="request completed"
2026-02-14 06:43:30 INFO module=db msg="job scheduled"
2026-02-14 02:21:27 INFO module=sched msg="job scheduled"
2026-02-14 09:59:07 WARN module=cache msg="disk usage above 80%"
2026-02-14 15:24:41 ERROR module=net msg="query failed"
2026-02-14 03:28:41 WARN module=auth msg="deprecated option used"
2026-02-14 06:24:38 INFO module=sched msg="config reloaded"
2026-02-14 08:00:50 INFO module=net msg="config reloaded"
2026-02-14 02:37:14 INFO module=auth msg="service started"
2026-02-14 18:36:00 INFO module=fs msg="job scheduled"
2026-02-14 13:42:11 INFO module=net msg="job scheduled"
2026-02-14 02:31:44 INFO module=api msg="request completed"
2026-02-14 08:11:55 INFO module=auth msg="job scheduled"
2026-02-14 23:04:22 DEBUG module=fs msg="retry counter reset"
2026-02-14 09:21:20 INFO module=cache msg="config reloaded"
2026-02-14 23:56:31 DEBUG module=sched msg="heartbeat sent"
2026-02-14 18:13:47 DEBUG module=disk msg="entering handler"
2026-02-14 13:02:47 ERROR module=disk msg="invalid token"
2026-02-14 20:09:17 WARN module=cache msg="disk usage above 80%"
2026-02-14 05:13:36 WARN module=net msg="disk usage above 80%"
2026-02-14 08:15:42 INFO module=fs msg="service started"
2026-02-14 02:29:14 WARN module=db msg="disk usage above 80%"
2026-02-14 11:17:27 WARN module=sched msg="slow response"
2026-02-14 11:21:16 INFO module=net msg="job scheduled"
2026-02-14 01:43:11 WARN module=cache msg="slow response"
2026-02-14 11:14:56 ERROR module=db msg="connection timeout"
2026-02-14 21:01:59 DEBUG module=cache msg="buffer flushed"
2026-02-14 11:40:00 WARN module=disk msg="retrying request"
2026-02-14 00:32:09 DEBUG module=cache msg="retry counter reset"
2026-02-14 00:49:17 INFO module=auth msg="request completed"
2026-02-14 19:46:20 INFO module=net msg="service started"
2026-02-14 01:17:25 INFO module=db msg="config reloaded"
2026-02-14 08:58:26 ERROR module=net msg="query failed"
2026-02-14 20:58:05 INFO module=auth msg="config reloaded"
2026-02-14 04:23:37 INFO module=auth msg="config reloaded"
2026-02-14 08:08:04 INFO module=db msg="job scheduled"
2026-02-14 01:03:11 ERROR module=auth msg="invalid token"
2026-02-14 13:30:14 DEBUG module=auth msg="queue length checked"
2026-02-14 13:58:08 INFO module=fs msg="user logged in"
2026-02-14 08:55:49 WARN module=auth msg="retrying request"
2026-02-14 17:04:54 INFO module=sched msg="service started"
2026-02-14 09:15:45 DEBUG module=api msg="entering handler"
2026-02-14 15:53:20 INFO module=db msg="user logged in"
2026-02-14 18:08:42 ERROR module=disk msg="segment read failed"
2026-02-14 19:37:38 WARN module=api msg="retrying request"
2026-02-14 17:16:12 INFO module=cache msg="job scheduled"
2026-02-14 10:04:19 INFO module=net msg="config reloaded"
2026-02-14 23:00:08 INFO module=sched msg="request completed"
2026-02-14 06:50:46 INFO module=api msg="cache warmed up"
2026-02-14 05:57:20 ERROR module=db msg="no space left on device"
2026-02-14 00:40:57 ERROR module=db msg="no space left on device"
2026-02-14 10:21:01 ERROR module=cache msg="query failed"
2026-02-14 02:36:01 WARN module=disk msg="deprecated option used"
2026-02-14 08:49:52 DEBUG module=disk msg="heartbeat sent"
2026-02-14 17:02:24 INFO module=sched msg="job scheduled"
2026-02-14 20:07:47 INFO module=cache msg="cache warmed up"
2026-02-14 23:23:50 INFO module=cache msg="user logged in"
2026-02-14 00:04:40 INFO module=auth msg="config reloaded"
2026-02-14 15:09:50 DEBUG module=fs msg="heartbeat sent"
2026-02-14 21:19:21 INFO module=api msg="config reloaded"
2026-02-14 20:29:52 INFO module=db msg="config reloaded"
2026-02-14 03:09:16 INFO module=sched msg="user logged in"
2026-02-14 11:54:39 INFO module=api msg="config reloaded"
2026-02-14 07:08:51 INFO module=db msg="service started"
2026-02-14 17:00:17 INFO module=net msg="config reloaded"
2026-02-14 19:17:14 INFO module=net msg="user logged in"
2026-02-14 00:46:19 INFO module=sched msg="cache warmed up"
2026-02-14 10:04:01 INFO module=db msg="request completed"
2026-02-14 19:35:25 INFO module=auth msg="config reloaded"
2026-02-14 00:41:47 INFO module=sched msg="user logged in"
2026-02-14 00:21:02 ERROR module=net msg="connection timeout"
2026-02-14 01:45:11 WARN module=cache msg="deprecated option used"
2026-02-14 02:59:29 DEBUG module=fs msg="retry counter reset"
2026-02-14 10:23:12 INFO module=auth msg="request completed"
2026-02-14 22:30:33 INFO module=sched msg="user logged in"
2026-02-14 06:02:06 INFO module=cache msg="request completed"
2026-02-14 03:33:22 DEBUG module=db msg="heartbeat sent"
2026-02-14 00:54:40 DEBUG module=cache msg="retry counter reset"
2026-02-14 06:11:22 INFO module=sched msg="cache warmed up"
2026-02-14 16:24:41 INFO module=fs msg="request completed"
2026-02-14 19:20:08 INFO module=cache msg="config reloaded"
2026-02-14 17:50:31 WARN module=disk msg="retrying request"
2026-02-14 22:05:04 DEBUG module=cache msg="retry counter reset"
2026-02-14 14:11:56 INFO module=cache msg="job scheduled"
2026-02-14 08:37:17 INFO module=db msg="config reloaded"
2026-02-14 00:54:51 WARN module=disk msg="slow response"
2026-02-14 02:04:29 ERROR module=fs msg="query failed"
2026-02-14 07:13:32 INFO module=cache msg="job scheduled"
2026-02-14 17:25:25 INFO module=auth msg="cache warmed up"
2026-02-14 23:08:41 INFO module=fs msg="service started"
2026-02-14 00:34:38 INFO module=db msg="request completed"
2026-02-14 10:41:56 INFO module=api msg="service started"
2026-02-14 04:21:11 INFO module=db msg="user logged in"
2026-02-14 07:49:16 WARN module=net msg="slow response"
2026-02-14 14:30:47 WARN module=db msg="deprecated option used"
2026-02-14 17:08:50 INFO module=fs msg="cache warmed up"
2026-02-14 13:35:53 DEBUG module=net msg="entering handler"
2026-02-14 16:32:59 INFO module=fs msg="config reloaded"
2026-02-14 20:32:32 DEBUG module=cache msg="queue length checked"
2026-02-14 09:28:54 INFO module=auth msg="cache warmed up"
2026-02-14 19:30:35 WARN module=db msg="disk usage above 80%"
2026-02-14 12:35:22 INFO module=disk msg="user logged in"
2026-02-14 21:14:42 DEBUG module=auth msg="entering handler"
2026-02-14 20:21:32 INFO module=cache msg="request completed"
2026-02-14 05:15:41 INFO module=auth msg="service started"
2026-02-14 07:47:49 INFO module=api msg="cache warmed up"
2026-02-14 15:36:33 WARN module=disk msg="disk usage above 80%"
2026-02-14 18:07:36 INFO module=disk msg="service started"
2026-02-14 17:13:52 WARN module=net msg="retrying request"
2026-02-14 14:39:25 INFO module=sched msg="user logged in"
2026-02-14 07:13:03 INFO module=cache msg="job scheduled"
2026-02-14 05:52:32 INFO module=api msg="request completed"
2026-02-14 10:04:31 INFO module=sched msg="cache warmed up"
2026-02-14 01:47:20 INFO module=auth msg="user logged in"
2026-02-14 18:28:43 INFO module=api msg="config reloaded"
2026-02-14 10:47:43 INFO module=api msg="job scheduled"
2026-02-14 15:50:16 DEBUG module=sched msg="retry counter reset"
2026-02-14 22:45:30 INFO module=disk msg="job scheduled"
2026-02-14 23:22:59 DEBUG module=fs msg="buffer flushed"
2026-02-14 14:04:37 INFO module=api msg="job scheduled"
2026-02-14 23:03:47 INFO module=sched msg="config reloaded"
2026-02-14 17:32:49 INFO module=db msg="cache warmed up"
2026-02-14 00:37:49 WARN module=db msg="deprecated option used"
2026-02-14 05:33:08 INFO module=auth msg="cache warmed up"
2026-02-14 01:21:04 WARN module=disk msg="slow response"
2026-02-14 18:11:06 DEBUG module=auth msg="retry counter reset"
2026-02-14 14:06:02 INFO module=db msg="job scheduled"
2026-02-14 05:45:51 DEBUG module=net msg="entering handler"
2026-02-14 16:59:33 INFO module=db msg="cache warmed up"
2026-02-14 02:59:19 ERROR module=auth msg="permission denied"
2026-02-14 23:37:09 INFO module=auth msg="service started"
2026-02-14 00:11:09 INFO module=db msg="service started"
2026-02-14 08:18:49 WARN module=api msg="disk usage above 80%"
2026-02-14 04:04:10 INFO module=api msg="job scheduled"
2026-02-14 05:09:58 INFO module=db msg="request completed"
2026-02-14 05:22:10 DEBUG module=sched msg="buffer flushed"
2026-02-14 23:28:02 DEBUG module=auth msg="queue length checked"
2026-02-14 03:06:18 INFO module=cache msg="user logged in"
2026-02-14 01:14:17 INFO module=cache msg="user logged in"
2026-02-14 14:44:50 INFO module=auth msg="config reloaded"
2026-02-14 04:02:13 WARN module=cache msg="disk usage above 80%"
2026-02-14 09:25:02 INFO module=cache msg="config reloaded"
2026-02-14 09:21:31 INFO module=db msg="service started"
2026-02-14 20:33:22 DEBUG module=disk msg="buffer flushed"
2026-02-14 21:24:47 INFO module=auth msg="config reloaded"
2026-02-14 03:21:10 INFO module=db msg="job scheduled"
2026-02-14 08:57:12 INFO module=api msg="service started"
2026-02-14 14:33:51 INFO module=net msg="job scheduled"
2026-02-14 08:35:42 ERROR module=net msg="connection timeout"
2026-02-14 03:03:46 INFO module=db msg="service started"
2026-02-14 02:27:17 INFO module=api msg="config reloaded"
2026-02-14 01:15:56 INFO module=db msg="config reloaded"
2026-02-14 10:07:18 INFO module=net msg="service started"
2026-02-14 15:18:00 ERROR module=net msg="permission denied"
2026-02-14 08:33:40 WARN module=db msg="retrying request"
2026-02-14 12:16:15 DEBUG module=api msg="retry counter reset"
2026-02-14 00:42:08 INFO module=auth msg="config reloaded"
2026-02-14 21:20:10 WARN module=auth msg="token expires soon"
2026-02-14 22:42:54 INFO module=net msg="config reloaded"
2026-02-14 13:45:36 WARN module=sched msg="retrying request"
2026-02-14 03:39:04 INFO module=fs msg="config reloaded"
2026-02-14 09:37:17 INFO module=net msg="job scheduled"
2026-02-14 14:17:30 INFO module=auth msg="config reloaded"
2026-02-14 15:20:09 INFO module=auth msg="config reloaded"
2026-02-14 20:39:56 INFO module=fs msg="user logged in"
2026-02-14 22:17:38 INFO module=db msg="service started"
2026-02-14 14:52:05 INFO module=api msg="cache warmed up"
2026-02-14 04:57:33 WARN module=net msg="disk usage above 80%"
2026-02-14 13:46:19 WARN module=db msg="disk usage above 80%"
2026-02-14 22:43:18 INFO module=db msg="service started"
2026-02-14 01:00:51 INFO module=fs msg="request completed"
2026-02-14 11:24:29 DEBUG module=auth msg="entering handler"
2026-02-14 13:45:21 INFO module=sched msg="job scheduled"
2026-02-14 20:20:35 WARN module=disk msg="token expires soon"
2026-02-14 01:13:53 DEBUG module=cache msg="buffer flushed"
2026-02-14 17:02:43 INFO module=auth msg="user logged in"
2026-02-14 15:39:06 INFO module=disk msg="request completed"
2026-02-14 20:18:35 DEBUG module=sched msg="queue length checked"
2026-02-14 18:46:13 INFO module=net msg="service started"
2026-02-14 06:38:26 ERROR module=net msg="connection timeout"
2026-02-14 18:40:34 INFO module=api msg="user logged in"
2026-02-14 17:42:27 INFO module=fs msg="request completed"
2026-02-14 22:15:08 ERROR module=auth msg="segment read failed"
2026-02-14 20:34:47 INFO module=api msg="cache warmed up"
2026-02-14 23:01:38 INFO module=fs msg="user logged in"
2026-02-14 14:49:51 DEBUG module=api msg="heartbeat sent"
2026-02-14 16:00:06 ERROR module=cache msg="connection refused"
2026-02-14 20:38:25 WARN module=net msg="token expires soon"
2026-02-14 23:49:18 INFO module=fs msg="service started"
2026-02-14 10:53:45 ERROR module=net msg="permission denied"
2026-02-14 23:21:16 INFO module=sched msg="user logged in"
2026-02-14 01:34:37 WARN module=net msg="deprecated option used"
2026-02-14 16:49:27 INFO module=net msg="config reloaded"
2026-02-14 04:47:48 DEBUG module=api msg="entering handler"
2026-02-14 12:12:48 WARN module=db msg="deprecated option used"
2026-02-14 13:48:14 INFO module=sched msg="service started"
2026-02-14 01:23:15 INFO module=db msg="service started"
2026-02-14 13:32:44 WARN module=auth msg="token expires soon"
2026-02-14 22:25:09 INFO module=fs msg="request completed"
2026-02-14 04:57:26 INFO module=fs msg="job scheduled"
2026-02-14 18:04:48 WARN module=disk msg="retrying request"
2026-02-14 15:59:33 WARN module=disk msg="token expires soon"
2026-02-14 20:15:42 INFO module=db msg="cache warmed up"
2026-02-14 11:37:51 WARN module=disk msg="retrying request"
2026-02-14 00:21:41 WARN module=net msg="slow response"
2026-02-14 03:07:13 DEBUG module=db msg="heartbeat sent"
2026-02-14 12:48:11 WARN module=api msg="slow response"
2026-02-14 07:34:12 INFO module=auth msg="user logged in"
2026-02-14 10:03:59 DEBUG module=fs msg="heartbeat sent"
2026-02-14 00:07:11 INFO module=cache msg="cache warmed up"
2026-02-14 16:17:37 INFO module=auth msg="job scheduled"
2026-02-14 14:52:26 INFO module=cache msg="cache warmed up"
2026-02-14 16:27:14 INFO module=sched msg="job scheduled"
2026-02-14 20:52:46 WARN module=auth msg="disk usage above 80%"
2026-02-14 02:16:53 ERROR module=auth msg="connection timeout"
2026-02-14 19:46:05 DEBUG module=auth msg="heartbeat sent"
2026-02-14 15:45:24 INFO module=net msg="request completed"
2026-02-14 09:08:40 INFO module=db msg="config reloaded"
2026-02-14 06:19:49 INFO module=db msg="user logged in"
2026-02-14 22:38:58 ERROR module=disk msg="permission denied"
2026-02-14 04:15:17 ERROR module=net msg="connection timeout"
2026-02-14 06:02:00 DEBUG module=sched msg="entering handler"
2026-02-14 08:06:50 WARN module=db msg="token expires soon"
2026-02-14 02:24:47 INFO module=net msg="job scheduled"
2026-02-14 07:31:32 INFO module=fs msg="request completed"
2026-02-14 07:08:41 WARN module=net msg="deprecated option used"
2026-02-14 22:00:17 INFO module=auth msg="cache warmed up"
2026-02-14 15:56:14 WARN module=api msg="deprecated option used"
2026-02-14 03:43:58 INFO module=db msg="request completed"
2026-02-14 10:33:22 WARN module=cache msg="slow response"
2026-02-14 03:01:01 INFO module=net msg="config reloaded"
2026-02-14 22:24:23 INFO module=disk msg="cache warmed up"
2026-02-14 21:43:51 INFO module=sched msg="service started"
2026-02-14 15:04:50 INFO module=auth msg="request completed"
2026-02-14 20:30:32 ERROR module=db msg="invalid token"
2026-02-14 12:21:34 INFO module=cache msg="cache warmed up"
2026-02-14 04:11:18 WARN module=cache msg="retrying request"
2026-02-14 11:08:53 INFO module=db msg="job scheduled"
2026-02-14 10:06:08 INFO module=auth msg="service started"
2026-02-14 07:57:00 INFO module=disk msg="user logged in"
2026-02-14 19:55:22 WARN module=disk msg="disk usage above 80%"
2026-02-14 23:49:29 INFO module=sched msg="user logged in"
2026-02-14 14:16:14 INFO module=disk msg="config reloaded"
2026-02-14 17:43:21 INFO module=auth msg="request completed"
2026-02-14 00:45:23 INFO module=disk msg="service started"
2026-02-14 04:40:52 INFO module=auth msg="cache warmed up"
2026-02-14 19:45:52 INFO module=net msg="service started"
2026-02-14 09:40:54 INFO module=auth msg="user logged in"
2026-02-14 07:49:50 INFO module=net msg="service started"
2026-02-14 02:38:39 DEBUG module=db msg="entering handler"
2026-02-14 02:40:25 WARN module=sched msg="retrying request"
2026-02-14 03:14:04 INFO module=cache msg="job scheduled"
2026-02-14 12:38:41 WARN module=disk msg="disk usage above 80%"
2026-02-14 02:05:45 DEBUG module=net msg="buffer flushed"
2026-02-14 10:38:52 INFO module=fs msg="cache warmed up"
2026-02-14 21:32:38 INFO module=disk msg="config reloaded"
2026-02-14 20:37:50 INFO module=auth msg="config reloaded"
2026-02-14 08:38:45 INFO module=auth msg="cache warmed up"
2026-02-14 08:47:51 WARN module=net msg="disk usage above 80%"
2026-02-14 02:59:48 INFO module=sched msg="config reloaded"
2026-02-14 23:26:23 DEBUG module=cache msg="buffer flushed"
2026-02-14 11:48:10 INFO module=api msg="user logged in"
2026-02-14 14:28:21 INFO module=auth msg="job scheduled"
2026-02-14 13:04:51 WARN module=net msg="deprecated option used"
2026-02-14 02:52:48 ERROR module=db msg="segment read failed"
2026-02-14 00:50:27 INFO module=fs msg="config reloaded"
2026-02-14 05:53:35 WARN module=disk msg="token expires soon"
2026-02-14 14:50:48 INFO module=fs msg="user logged in"
2026-02-14 18:34:41 INFO module=sched msg="request completed"
2026-02-14 07:01:34 INFO module=auth msg="config reloaded"
2026-02-14 03:32:50 DEBUG module=fs msg="entering handler"
2026-02-14 06:11:59 WARN module=sched msg="disk usage above 80%"
2026-02-14 10:03:29 INFO module=auth msg="cache warmed up"
2026-02-14 14:24:37 INFO module=disk msg="config reloaded"
2026-02-14 11:17:41 ERROR module=db msg="permission denied"
2026-02-14 00:36:59 INFO module=fs msg="config reloaded"
2026-02-14 08:44:37 DEBUG module=net msg="retry counter reset"
2026-02-14 05:37:22 INFO module=db msg="cache warmed up"
2026-02-14 17:23:17 INFO module=auth msg="job scheduled"
2026-02-14 11:05:16 INFO module=sched msg="job scheduled"
2026-02-14 09:47:09 WARN module=disk msg="slow response"
2026-02-14 00:26:45 ERROR module=net msg="permission denied"
2026-02-14 10:15:45 DEBUG module=db msg="buffer flushed"
2026-02-14 03:27:30 ERROR module=auth msg="segment read failed"
2026-02-14 20:59:08 INFO module=db msg="request completed"
2026-02-14 17:12:55 WARN module=db msg="deprecated option used"
2026-02-14 16:36:19 INFO module=sched msg="user logged in"
2026-02-14 17:24:45 WARN module=net msg="retrying request"
2026-02-14 17:47:07 INFO module=api msg="cache warmed up"
2026-02-14 17:58:07 INFO module=db msg="cache warmed up"
2026-02-14 11:05:07 DEBUG module=cache msg="entering handler"
2026-02-14 14:53:19 INFO module=net msg="user logged in"
2026-02-14 02:35:09 INFO module=api msg="user logged in"
2026-02-14 01:51:51 ERROR module=sched msg="no space left on device"
2026-02-14 09:15:29 WARN module=api msg="deprecated option used"
2026-02-14 05:12:10 WARN module=sched msg="retrying request"
2026-02-14 20:34:54 DEBUG module=db msg="queue length checked"
2026-02-14 07:44:51 DEBUG module=disk msg="retry counter reset"
2026-02-14 12:33:41 WARN module=disk msg="token expires soon"
2026-02-14 01:09:30 INFO module=sched msg="config reloaded"
2026-02-14 19:52:42 INFO module=disk msg="request completed"
2026-02-14 06:18:26 WARN module=cache msg="token expires soon"
2026-02-14 21:34:01 INFO module=disk msg="cache warmed up"
2026-02-14 07:56:41 INFO module=sched msg="request completed"
2026-02-14 22:39:53 INFO module=cache msg="service started"
2026-02-14 05:49:35 WARN module=cache msg="deprecated option used"
2026-02-14 04:51:02 INFO module=auth msg="user logged in"
2026-02-14 17:30:53 INFO module=cache msg="cache warmed up"
2026-02-14 20:18:17 INFO module=disk msg="config reloaded"
2026-02-14 03:59:45 INFO module=net msg="request completed"
2026-02-14 04:35:05 DEBUG module=cache msg="retry counter reset"
2026-02-14 17:02:06 DEBUG module=cache msg="heartbeat sent"
2026-02-14 10:18:17 WARN module=disk msg="disk usage above 80%"
2026-02-14 18:45:26 INFO module=auth msg="user logged in"
2026-02-14 18:31:39 DEBUG module=cache msg="queue length checked"
2026-02-14 22:16:14 ERROR module=cache msg="segment read failed"
2026-02-14 04:59:11 INFO module=fs msg="service started"
2026-02-14 12:28:31 ERROR module=db msg="permission denied"
2026-02-14 10:32:52 WARN module=disk msg="deprecated option used"
2026-02-14 13:13:29 ERROR module=disk msg="segment read failed"
2026-02-14 20:58:44 INFO module=db msg="request completed"
2026-02-14 06:27:44 WARN module=cache msg="retrying request"
2026-02-14 09:37:39 DEBUG module=cache msg="entering handler"
2026-02-14 19:48:07 WARN module=sched msg="slow response"
2026-02-14 11:36:11 INFO module=api msg="config reloaded"
2026-02-14 00:06:10 ERROR module=disk msg="segment read failed"
2026-02-14 06:21:23 WARN module=cache msg="deprecated option used"
2026-02-14 20:42:50 ERROR module=db msg="connection refused"
2026-02-14 07:16:55 DEBUG module=net msg="buffer flushed"
2026-02-14 06:31:44 INFO module=db msg="request completed"
2026-02-14 01:42:34 WARN module=cache msg="retrying request"
2026-02-14 23:54:07 INFO module=cache msg="service started"
2026-02-14 05:07:27 INFO module=sched msg="job scheduled"
2026-02-14 23:41:00 INFO module=disk msg="user logged in"
2026-02-14 23:11:03 INFO module=cache msg="job scheduled"
2026-02-14 20:15:03 INFO module=db msg="user logged in"
2026-02-14 23:39:29 DEBUG module=db msg="entering handler"
2026-02-14 02:07:11 ERROR module=disk msg="no space left on device"
2026-02-14 10:18:51 ERROR module=db msg="permission denied"
2026-02-14 13:49:51 WARN module=auth msg="disk usage above 80%"
2026-02-14 02:01:51 WARN module=net msg="disk usage above 80%"
2026-02-14 10:35:12 INFO module=net msg="request completed"
2026-02-14 12:55:06 DEBUG module=cache msg="heartbeat sent"
2026-02-14 18:42:45 INFO module=auth msg="request completed"
2026-02-14 02:24:25 INFO module=auth msg="user logged in"
2026-02-14 00:41:11 DEBUG module=db msg="retry counter reset"
2026-02-14 06:50:14 INFO module=disk msg="cache warmed up"
2026-02-14 07:33:36 INFO module=net msg="user logged in"
2026-02-14 13:36:05 WARN module=net msg="deprecated option used"
2026-02-14 14:27:33 INFO module=db msg="config reloaded"
2026-02-14 21:53:19 INFO module=sched msg="job scheduled"
2026-02-14 01:33:17 DEBUG module=cache msg="retry counter reset"
2026-02-14 10:05:00 ERROR module=db msg="query failed"
2026-02-14 06:29:37 INFO module=net msg="job scheduled"
2026-02-14 05:57:06 INFO module=net msg="request completed"
2026-02-14 04:00:35 WARN module=net msg="token expires soon"
2026-02-14 04:05:17 DEBUG module=sched msg="heartbeat sent"
2026-02-14 03:18:33 DEBUG module=sched msg="queue length checked"
2026-02-14 23:26:10 INFO module=cache msg="job scheduled"
2026-02-14 19:56:21 DEBUG module=sched msg="buffer flushed"
2026-02-14 01:30:40 DEBUG module=db msg="queue length checked"
2026-02-14 15:35:33 INFO module=fs msg="cache warmed up"
2026-02-14 23:23:43 INFO module=db msg="request completed"
2026-02-14 18:51:53 INFO module=api msg="service started"
2026-02-14 06:27:25 INFO module=auth msg="request completed"
2026-02-14 03:09:26 INFO module=auth msg="job scheduled"
2026-02-14 23:04:56 INFO module=sched msg="service started"
2026-02-14 21:49:33 INFO module=sched msg="job scheduled"
2026-02-14 21:22:42 WARN module=disk msg="retrying request"
2026-02-14 11:32:37 INFO module=cache msg="user logged in"
2026-02-14 19:20:55 DEBUG module=db msg="heartbeat sent"
2026-02-14 19:18:23 INFO module=auth msg="config reloaded"
2026-02-14 06:15:30 ERROR module=net msg="permission denied"
2026-02-14 23:07:02 WARN module=net msg="slow response"
2026-02-14 13:14:39 WARN module=db msg="token expires soon"
2026-02-14 15:47:18 INFO module=cache msg="request completed"
2026-02-14 06:45:56 INFO module=sched msg="request completed"
2026-02-14 09:09:15 INFO module=net msg="request completed"
2026-02-14 05:01:47 DEBUG module=fs msg="retry counter reset"
2026-02-14 01:14:12 INFO module=api msg="request completed"
2026-02-14 09:14:17 DEBUG module=db msg="entering handler"
2026-02-14 22:22:47 INFO module=net msg="cache warmed up"
2026-02-14 09:30:23 INFO module=auth msg="config reloaded"
2026-02-14 21:34:48 INFO module=api msg="service started"
2026-02-14 08:34:36 WARN module=auth msg="deprecated option used"
2026-02-14 05:15:30 DEBUG module=db msg="queue length checked"
2026-02-14 15:23:24 WARN module=net msg="token expires soon"
2026-02-14 17:47:26 INFO module=disk msg="user logged in"
2026-02-14 12:11:46 WARN module=api msg="deprecated option used"
2026-02-14 06:15:34 INFO module=net msg="cache warmed up"
2026-02-14 09:01:11 INFO module=fs msg="job scheduled"
2026-02-14 08:33:46 WARN module=cache msg="token expires soon"
2026-02-14 13:20:14 INFO module=net msg="service started"
2026-02-14 08:11:00 WARN module=fs msg="retrying request"
2026-02-14 22:03:38 ERROR module=net msg="connection timeout"
2026-02-14 10:50:13 INFO module=api msg="request completed"
2026-02-14 00:38:32 DEBUG module=sched msg="retry counter reset"
2026-02-14 08:49:06 INFO module=disk msg="cache warmed up"
2026-02-14 04:15:42 DEBUG module=fs msg="buffer flushed"
2026-02-14 23:55:28 ERROR module=db msg="permission denied"
2026-02-14 00:16:14 INFO module=fs msg="user logged in"
2026-02-14 01:17:07 INFO module=net msg="service started"
2026-02-14 23:25:18 WARN module=sched msg="retrying request"
2026-02-14 05:24:42 DEBUG module=sched msg="retry counter reset"
2026-02-14 03:24:13 ERROR module=db msg="no space left on device"
2026-02-14 14:35:06 INFO module=disk msg="user logged in"
2026-02-14 22:03:02 ERROR module=net msg="permission denied"
2026-02-14 07:23:09 INFO module=disk msg="config reloaded"
2026-02-14 09:23:48 INFO module=cache msg="config reloaded"
2026-02-14 04:13:57 INFO module=api msg="user logged in"
2026-02-14 17:54:56 INFO module=db msg="job scheduled"
2026-02-14 04:01:42 INFO module=sched msg="job scheduled"
2026-02-14 20:34:32 WARN module=auth msg="retrying request"
2026-02-14 13:37:54 INFO module=api msg="user logged in"
2026-02-14 04:15:09 ERROR module=auth msg="segment read failed"
2026-02-14 11:31:17 INFO module=net msg="job scheduled"
2026-02-14 11:46:45 WARN module=disk msg="token expires soon"
2026-02-14 17:26:33 INFO module=auth msg="request completed"
2026-02-14 10:55:06 ERROR module=fs msg="invalid token"
2026-02-14 10:38:07 ERROR module=disk msg="connection timeout"
2026-02-14 18:20:31 DEBUG module=fs msg="queue length checked"
2026-02-14 21:58:05 INFO module=fs msg="request completed"
2026-02-14 00:06:39 ERROR module=net msg="segment read failed"
2026-02-14 09:12:05 ERROR module=api msg="connection refused"
2026-02-14 13:50:53 INFO module=net msg="config reloaded"
2026-02-14 22:11:20 ERROR module=db msg="connection refused"
2026-02-14 23:33:38 DEBUG module=net msg="retry counter reset"
2026-02-14 16:18:00 WARN module=net msg="retrying request"
2026-02-14 08:00:42 INFO module=fs msg="user logged in"
2026-02-14 16:34:47 INFO module=net msg="service started"
2026-02-14 18:35:30 INFO module=net msg="request completed"
2026-02-14 15:29:56 DEBUG module=sched msg="retry counter reset"
2026-02-14 06:17:32 DEBUG module=auth msg="queue length checked"
2026-02-14 05:56:58 WARN module=disk msg="deprecated option used"
2026-02-14 15:41:09 WARN module=db msg="slow response"
2026-02-14 00:48:47 INFO module=api msg="cache warmed up"
2026-02-14 10:32:08 ERROR module=net msg="invalid token"
2026-02-14 01:18:52 WARN module=api msg="deprecated option used"
2026-02-14 19:26:29 DEBUG module=db msg="buffer flushed"
2026-02-14 07:21:07 INFO module=net msg="request completed"
2026-02-14 15:38:29 ERROR module=db msg="permission denied"
2026-02-14 18:50:47 INFO module=api msg="service started"
2026-02-14 12:42:57 INFO module=sched msg="request completed"
2026-02-14 07:26:57 DEBUG module=cache msg="heartbeat sent"
2026-02-14 15:21:12 INFO module=sched msg="user logged in"
2026-02-14 19:22:21 INFO module=net msg="request completed"
2026-02-14 13:35:37 WARN module=api msg="disk usage above 80%"
2026-02-14 08:00:35 INFO module=net msg="request completed"
2026-02-14 17:15:41 INFO module=api msg="service started"
2026-02-14 14:21:52 INFO module=auth msg="cache warmed up"
2026-02-14 08:29:27 INFO module=auth msg="config reloaded"
2026-02-14 00:56:56 WARN module=sched msg="deprecated option used"
2026-02-14 12:44:58 WARN module=db msg="deprecated option used"
2026-02-14 06:12:11 INFO module=api msg="user logged in"
2026-02-14 10:04:16 INFO module=fs msg="request completed"
2026-02-14 01:52:38 INFO module=fs msg="user logged in"
2026-02-14 01:11:44 WARN module=api msg="disk usage above 80%"
2026-02-14 01:56:08 WARN module=disk msg="retrying request"
2026-02-14 22:52:57 INFO module=fs msg="cache warmed up"
2026-02-14 04:44:05 INFO module=api msg="user logged in"
2026-02-14 03:43:57 INFO module=sched msg="user logged in"
2026-02-14 09:50:25 DEBUG module=db msg="queue length checked"
2026-02-14 09:17:34 ERROR module=disk msg="no space left on device"
2026-02-14 02:43:07 ERROR module=db msg="permission denied"
2026-02-14 03:46:58 DEBUG module=auth msg="entering handler"
2026-02-14 18:06:43 INFO module=db msg="config reloaded"
2026-02-14 01:19:45 INFO module=net msg="config reloaded"
2026-02-14 01:51:57 INFO module=net msg="user logged in"
2026-02-14 22:39:59 DEBUG module=net msg="buffer flushed"
2026-02-14 21:29:20 INFO module=fs msg="service started"
2026-02-14 07:21:43 DEBUG module=cache msg="buffer flushed"
2026-02-14 10:30:50 INFO module=db msg="config reloaded"
2026-02-14 07:28:49 WARN module=disk msg="token expires soon"
2026-02-14 05:50:32 INFO module=auth msg="request completed"
