2026-02-27 04:56:51 INFO module=auth msg="request completed"
2026-02-27 14:22:21 INFO module=sched msg="job scheduled"
2026-02-27 23:31:32 INFO module=auth msg="user logged in"
2026-02-27 08:46:43 INFO module=net msg="request completed"
2026-02-27 18:16:50 DEBUG module=auth msg="entering handler"
2026-02-27 17:52:48 DEBUG module=sched msg="entering handler"
2026-02-27 12:44:01 INFO module=sched msg="job scheduled"
2026-02-27 04:31:51 DEBUG module=cache msg="retry counter reset"
2026-02-27 06:12:54 WARN module=net msg="deprecated option used"
2026-02-27 09:54:01 WARN module=api msg="token expires soon"
2026-02-27 07:19:59 INFO module=net msg="config reloaded"
2026-02-27 21:31:57 INFO module=db msg="job scheduled"
2026-02-27 00:25:35 WARN module=api msg="deprecated option used"
2026-02-27 03:28:09 INFO module=api msg="request completed"
2026-02-27 03:57:42 INFO module=disk msg="cache warmed up"
2026-02-27 05:33:25 INFO module=auth msg="job scheduled"
2026-02-27 19:43:05 INFO module=net msg="config reloaded"
2026-02-27 09:26:15 INFO module=db msg="cache warmed up"
2026-02-27 07:16:55 INFO module=sched msg="user logged in"
2026-02-27 17:09:21 INFO module=db msg="service started"
2026-02-27 21:22:12 WARN module=db msg="disk usage above 80%"
2026-02-27 13:34:13 DEBUG module=auth msg="retry counter reset"
2026-02-27 07:14:46 WARN module=net msg="token expires soon"
2026-02-27 09:47:52 INFO module=disk msg="user logged in"
2026-02-27 16:45:39 INFO module=api msg="user logged in"
2026-02-27 20:53:47 INFO module=cache msg="user logged in"
2026-02-27 20:06:33 ERROR module=db msg="connection timeout"
2026-02-27 07:02:41 INFO module=fs msg="request completed"
2026-02-27 02:35:26 WARN module=net msg="token expires soon"
2026-02-27 00:44:06 INFO module=net msg="cache warmed up"
2026-02-27 06:35:41 INFO module=auth msg="config reloaded"
2026-02-27 03:10:58 INFO module=disk msg="config reloaded"
2026-02-27 02:45:45 WARN module=net msg="deprecated option used"
2026-02-27 14:24:54 INFO module=net msg="request completed"
2026-02-27 00:17:38 INFO module=fs msg="user logged in"
2026-02-27 08:11:58 INFO module=fs msg="user logged in"
2026-02-27 22:25:21 INFO module=sched msg="config reloaded"
2026-02-27 17:02:31 INFO module=db msg="cache warmed up"
2026-02-27 13:29:08 DEBUG module=sched msg="queue length checked"
2026-02-27 15:43:18 WARN module=cache msg="retrying request"
2026-02-27 10:08:29 INFO module=api msg="user logged in"
2026-02-27 13:25:23 INFO module=disk msg="job scheduled"
2026-02-27 11:49:14 INFO module=api msg="job scheduled"
2026-02-27 21:34:02 INFO module=api msg="cache warmed up"
2026-02-27 12:06:32 INFO module=disk msg="service started"
2026-02-27 19:30:49 DEBUG module=db msg="retry counter reset"
2026-02-27 10:24:14 INFO module=disk msg="cache warmed up"
2026-02-27 02:11:24 INFO module=db msg="config reloaded"
2026-02-27 04:07:36 INFO module=api msg="service started"
2026-02-27 12:16:57 WARN module=disk msg="deprecated option used"
2026-02-27 21:18:14 INFO module=sched msg="config reloaded"
2026-02-27 06:50:18 INFO module=fs msg="job scheduled"
2026-02-27 23:26:14 INFO module=auth msg="job scheduled"
2026-02-27 13:26:43 ERROR module=net msg="permission denied"
2026-02-27 23:56:43 INFO module=sched msg="service started"
2026-02-27 13:44:50 INFO module=disk msg="cache warmed up"
2026-02-27 18:42:42 INFO module=disk msg="request completed"
2026-02-27 12:21:36 INFO module=disk msg="config reloaded"
2026-02-27 00:26:08 WARN module=cache msg="disk usage above 80%"
2026-02-27 09:13:36 INFO module=api msg="service started"
2026-02-27 00:08:58 DEBUG module=net msg="queue length checked"
2026-02-27 11:57:07 INFO module=net msg="service started"
2026-02-27 22:37:13 INFO module=api msg="cache warmed up"
2026-02-27 18:15:40 INFO module=fs msg="service started"
2026-02-27 19:10:06 DEBUG module=sched msg="buffer flushed"
2026-02-27 21:59:07 INFO module=sched msg="config reloaded"
2026-02-27 18:10:04 DEBUG module=disk msg="queue length checked"
2026-02-27 08:33:14 INFO module=auth msg="job scheduled"
2026-02-27 08:00:06 INFO module=cache msg="request completed"
2026-02-27 05:03:47 INFO module=net msg="user logged in"
2026-02-27 08:58:06 INFO module=disk msg="config reloaded"
2026-02-27 20:31:04 WARN module=cache msg="deprecated option used"
2026-02-27 03:49:24 INFO module=cache msg="request completed"
2026-02-27 11:07:12 INFO module=disk msg="user logged in"
2026-02-27 20:42:24 WARN module=disk msg="disk usage above 80%"
2026-02-27 02:35:08 INFO module=db msg="request completed"
2026-02-27 18:42:25 INFO module=net msg="user logged in"
2026-02-27 21:20:40 INFO module=auth msg="request completed"
2026-02-27 12:08:32 DEBUG module=auth msg="entering handler"
2026-02-27 12:37:36 INFO module=cache msg="job scheduled"
2026-02-27 17:29:28 ERROR module=net msg="query failed"
2026-02-27 09:29:58 INFO module=disk msg="service started"
2026-02-27 11:15:15 INFO module=api msg="request completed"
2026-02-27 23:55:01 INFO module=auth msg="cache warmed up"
2026-02-27 17:29:01 DEBUG module=sched msg="queue length checked"
2026-02-27 08:41:57 ERROR module=disk msg="connection timeout"
2026-02-27 05:26:14 INFO module=api msg="user logged in"
2026-02-27 13:14:25 INFO module=fs msg="cache warmed up"
2026-02-27 03:37:27 INFO module=api msg="user logged in"
2026-02-27 07:59:16 WARN module=sched msg="token expires soon"
2026-02-27 10:21:13 INFO module=disk msg="service started"
2026-02-27 09:17:14 INFO module=db msg="cache warmed up"
2026-02-27 18:30:16 INFO module=db msg="cache warmed up"
2026-02-27 01:32:25 WARN module=db msg="deprecated option used"
2026-02-27 10:54:04 WARN module=disk msg="retrying request"
2026-02-27 03:32:15 INFO module=cache msg="request completed"
2026-02-27 12:20:18 ERROR module=disk msg="permission denied"
2026-02-27 12:49:39 DEBUG module=cache msg="entering handler"
2026-02-27 20:45:31 INFO module=auth msg="cache warmed up"
2026-02-27 18:27:54 INFO module=sched msg="service started"
2026-02-27 18:07:16 INFO module=disk msg="request completed"
2026-02-27 14:54:59 DEBUG module=cache msg="retry counter reset"
2026-02-27 15:13:10 INFO module=fs msg="service started"
2026-02-27 06:43:55 INFO module=auth msg="config reloaded"
2026-02-27 11:49:30 INFO module=db msg="request completed"
2026-02-27 09:04:34 DEBUG module=net msg="entering handler"
2026-02-27 10:47:36 WARN module=cache msg="token expires soon"
2026-02-27 22:03:23 INFO module=net msg="job scheduled"
2026-02-27 01:15:42 ERROR module=disk msg="no space left on device"
2026-02-27 07:19:02 DEBUG module=auth msg="heartbeat sent"
2026-02-27 09:31:23 WARN module=db msg="disk usage above 80%"
2026-02-27 18:53:13 INFO module=db msg="request completed"
2026-02-27 21:46:39 INFO module=sched msg="service started"
2026-02-27 19:58:05 WARN module=net msg="retrying request"
2026-02-27 09:26:14 INFO module=db msg="config reloaded"
2026-02-27 13:20:12 INFO module=sched msg="config reloaded"
2026-02-27 16:56:21 INFO module=auth msg="config reloaded"
2026-02-27 09:38:17 DEBUG module=sched msg="entering handler"
2026-02-27 11:17:39 WARN module=db msg="deprecated option used"
2026-02-27 22:19:02 WARN module=db msg="token expires soon"
2026-02-27 04:59:46 INFO module=api msg="job scheduled"
2026-02-27 06:45:49 INFO module=auth msg="request completed"
2026-02-27 18:21:01 INFO module=net msg="request completed"
2026-02-27 08:10:53 INFO module=sched msg="job scheduled"
2026-02-27 21:21:26 DEBUG module=sched msg="heartbeat sent"
2026-02-27 13:05:57 INFO module=fs msg="user logged in"
2026-02-27 16:30:40 ERROR module=db msg="connection timeout"
2026-02-27 17:03:23 INFO module=net msg="user logged in"
2026-02-27 03:16:45 INFO module=fs msg="request completed"
2026-02-27 11:34:32 INFO module=disk msg="config reloaded"
2026-02-27 03:33:11 WARN module=disk msg="slow response"
2026-02-27 15:06:38 INFO module=db msg="job scheduled"
2026-02-27 18:16:41 INFO module=sched msg="user logged in"
2026-02-27 06:06:20 INFO module=disk msg="request completed"
2026-02-27 05:46:59 ERROR module=api msg="no space left on device"
2026-02-27 18:27:38 INFO module=auth msg="job scheduled"
2026-02-27 23:41:07 INFO module=disk msg="config reloaded"
2026-02-27 22:20:38 INFO module=fs msg="user logged in"
2026-02-27 12:23:15 INFO module=net msg="job scheduled"
2026-02-27 11:17:34 DEBUG module=auth msg="heartbeat sent"
2026-02-27 03:43:13 INFO module=disk msg="job scheduled"
2026-02-27 09:42:39 INFO module=api msg="cache warmed up"
2026-02-27 00:41:43 INFO module=fs msg="job scheduled"
2026-02-27 16:08:48 DEBUG module=disk msg="queue length checked"
2026-02-27 11:01:46 DEBUG module=sched msg="retry counter reset"
2026-02-27 00:29:18 ERROR module=disk msg="permission denied"
2026-02-27 09:05:07 INFO module=sched msg="config reloaded"
2026-02-27 09:35:59 INFO module=auth msg="user logged in"
2026-02-27 18:59:10 WARN module=disk msg="token expires soon"
2026-02-27 03:49:04 ERROR module=net msg="no space left on device"
2026-02-27 01:40:52 INFO module=disk msg="service started"
2026-02-27 14:01:13 INFO module=api msg="request completed"
2026-02-27 17:52:46 WARN module=cache msg="token expires soon"
2026-02-27 20:11:23 WARN module=auth msg="retrying request"
2026-02-27 00:22:34 DEBUG module=api msg="buffer flushed"
2026-02-27 07:29:26 ERROR module=net msg="connection timeout"
2026-02-27 10:08:45 INFO module=auth msg="user logged in"
2026-02-27 04:06:55 WARN module=disk msg="retrying request"
2026-02-27 03:11:08 DEBUG module=sched msg="entering handler"
2026-02-27 23:59:53 WARN module=db msg="disk usage above 80%"
2026-02-27 15:17:43 WARN module=api msg="disk usage above 80%"
2026-02-27 21:40:01 ERROR module=db msg="no space left on device"
2026-02-27 05:07:14 INFO module=auth msg="job scheduled"
2026-02-27 05:24:35 WARN module=auth msg="deprecated option used"
2026-02-27 08:01:35 INFO module=db msg="request completed"
2026-02-27 09:03:49 WARN module=net msg="token expires soon"
2026-02-27 23:12:56 INFO module=db msg="job scheduled"
2026-02-27 10:35:04 WARN module=net msg="token expires soon"
2026-02-27 21:14:34 INFO module=disk msg="config reloaded"
2026-02-27 05:12:52 DEBUG module=api msg="heartbeat sent"
2026-02-27 10:36:29 INFO module=disk msg="user logged in"
2026-02-27 15:23:05 DEBUG module=auth msg="retry counter reset"
2026-02-27 02:17:53 INFO module=fs msg="user logged in"
2026-02-27 14:29:59 INFO module=disk msg="cache warmed up"
2026-02-27 14:05:01 INFO module=sched msg="user logged in"
2026-02-27 08:09:06 DEBUG module=sched msg="queue length checked"
2026-02-27 06:45:51 WARN module=disk msg="slow response"
2026-02-27 13:41:45 INFO module=api msg="cache warmed up"
2026-02-27 23:56:28 WARN module=cache msg="token expires soon"
2026-02-27 13:16:08 DEBUG module=sched msg="entering handler"
2026-02-27 14:14:57 DEBUG module=auth msg="retry counter reset"
2026-02-27 04:58:26 INFO module=fs msg="config reloaded"
2026-02-27 08:22:45 INFO module=net msg="config reloaded"
2026-02-27 11:10:23 ERROR module=net msg="query failed"
2026-02-27 17:42:54 WARN module=sched msg="slow response"
2026-02-27 14:28:21 INFO module=auth msg="config reloaded"
2026-02-27 01:51:06 INFO module=cache msg="cache warmed up"
2026-02-27 10:05:02 INFO module=sched msg="config reloaded"
2026-02-27 15:33:46 WARN module=api msg="disk usage above 80%"
2026-02-27 18:56:01 INFO module=net msg="job scheduled"
2026-02-27 16:41:02 DEBUG module=sched msg="queue length checked"
2026-02-27 11:03:41 DEBUG module=db msg="entering handler"
2026-02-27 20:04:54 INFO module=api msg="request completed"
2026-02-27 03:53:49 INFO module=api msg="service started"
2026-02-27 16:33:44 DEBUG module=sched msg="queue length checked"
2026-02-27 16:16:54 INFO module=disk msg="job scheduled"
2026-02-27 11:34:04 INFO module=fs msg="job scheduled"
2026-02-27 19:34:33 INFO module=cache msg="request completed"
2026-02-27 11:41:12 ERROR module=sched msg="connection refused"
2026-02-27 11:06:58 ERROR module=db msg="query failed"
2026-02-27 05:52:17 WARN module=disk msg="token expires soon"
2026-02-27 13:22:53 ERROR module=net msg="query failed"
2026-02-27 06:38:44 WARN module=api msg="retrying request"
2026-02-27 00:28:32 DEBUG module=disk msg="queue length checked"
2026-02-27 07:55:37 INFO module=auth msg="service started"
2026-02-27 02:31:18 DEBUG module=sched msg="heartbeat sent"
2026-02-27 03:25:16 DEBUG module=fs msg="queue length checked"
2026-02-27 09:59:08 WARN module=fs msg="retrying request"
2026-02-27 10:39:49 DEBUG module=cache msg="entering handler"
2026-02-27 10:46:45 ERROR module=auth msg="connection refused"
2026-02-27 19:07:21 ERROR module=db msg="no space left on device"
2026-02-27 17:06:36 INFO module=db msg="config reloaded"
2026-02-27 06:58:00 INFO module=fs msg="user logged in"
2026-02-27 23:21:49 WARN module=cache msg="retrying request"
2026-02-27 10:40:47 INFO module=fs msg="request completed"
2026-02-27 02:52:40 DEBUG module=sched msg="retry counter reset"
2026-02-27 18:10:10 INFO module=disk msg="user logged in"
2026-02-27 03:36:44 INFO module=sched msg="config reloaded"
2026-02-27 13:07:37 DEBUG module=fs msg="queue length checked"
2026-02-27 06:58:59 DEBUG module=cache msg="queue length checked"
2026-02-27 18:37:10 DEBUG module=net msg="retry counter reset"
2026-02-27 05:14:46 INFO module=api msg="config reloaded"
2026-02-27 10:53:11 INFO module=net msg="request completed"
2026-02-27 09:13:51 INFO module=disk msg="config reloaded"
2026-02-27 03:17:57 ERROR module=cache msg="segment read failed"
2026-02-27 06:54:31 WARN module=disk msg="retrying request"
2026-02-27 08:02:21 INFO module=sched msg="user logged in"
2026-02-27 07:10:10 INFO module=disk msg="cache warmed up"
2026-02-27 08:04:01 INFO module=cache msg="config reloaded"
2026-02-27 15:01:58 INFO module=api msg="config reloaded"
2026-02-27 07:12:55 INFO module=auth msg="request completed"
2026-02-27 10:04:14 INFO module=fs msg="request completed"
2026-02-27 23:57:00 INFO module=db msg="job scheduled"
2026-02-27 20:57:37 WARN module=db msg="deprecated option used"
2026-02-27 19:33:05 INFO module=disk msg="cache warmed up"
2026-02-27 04:33:11 WARN module=fs msg="slow response"
2026-02-27 15:46:50 INFO module=api msg="request completed"
2026-02-27 21:02:10 INFO module=auth msg="service started"
2026-02-27 10:19:35 INFO module=cache msg="cache warmed up"
2026-02-27 10:30:26 DEBUG module=cache msg="heartbeat sent"
2026-02-27 00:12:35 DEBUG module=fs msg="buffer flushed"
2026-02-27 04:16:41 WARN module=disk msg="slow response"
2026-02-27 16:04:03 INFO module=fs msg="job scheduled"
2026-02-27 09:16:16 INFO module=fs msg="user logged in"
2026-02-27 23:58:41 INFO module=fs msg="request completed"
2026-02-27 00:32:42 INFO module=disk msg="service started"
2026-02-27 07:18:49 INFO module=api msg="config reloaded"
2026-02-27 08:30:06 INFO module=api msg="request completed"
2026-02-27 21:45:29 INFO module=sched msg="request completed"
2026-02-27 04:02:35 DEBUG module=auth msg="buffer flushed"
2026-02-27 02:48:20 INFO module=api msg="request completed"
2026-02-27 12:31:00 INFO module=sched msg="cache warmed up"
2026-02-27 19:06:00 INFO module=auth msg="config reloaded"
2026-02-27 02:11:48 INFO module=net msg="job scheduled"
2026-02-27 05:40:24 INFO module=auth msg="request completed"
2026-02-27 18:41:55 INFO module=db msg="user logged in"
2026-02-27 00:18:02 INFO module=cache msg="config reloaded"
2026-02-27 04:46:51 DEBUG module=sched msg="retry counter reset"
2026-02-27 03:39:41 WARN module=cache msg="disk usage above 80%"
2026-02-27 22:27:31 ERROR module=net msg="invalid token"
2026-02-27 15:31:54 DEBUG module=sched msg="queue length checked"
2026-02-27 17:16:02 INFO module=auth msg="job scheduled"
2026-02-27 13:19:09 WARN module=disk msg="slow response"
2026-02-27 21:25:42 INFO module=fs msg="service started"
2026-02-27 06:44:27 INFO module=sched msg="cache warmed up"
2026-02-27 09:28:47 INFO module=sched msg="user logged in"
2026-02-27 15:09:15 INFO module=db msg="config reloaded"
2026-02-27 12:13:54 INFO module=db msg="user logged in"
2026-02-27 17:48:11 INFO module=db msg="user logged in"
2026-02-27 00:13:26 INFO module=net msg="service started"
2026-02-27 09:04:51 INFO module=disk msg="job scheduled"
2026-02-27 10:16:36 INFO module=disk msg="cache warmed up"
2026-02-27 07:23:26 WARN module=sched msg="retrying request"
2026-02-27 13:00:11 INFO module=cache msg="service started"
2026-02-27 22:12:03 INFO module=fs msg="user logged in"
2026-02-27 07:41:06 WARN module=db msg="deprecated option used"
2026-02-27 21:27:54 INFO module=db msg="request completed"
2026-02-27 10:40:39 WARN module=net msg="slow response"
2026-02-27 22:51:57 INFO module=net msg="config reloaded"
2026-02-27 08:46:11 DEBUG module=disk msg="heartbeat sent"
2026-02-27 16:56:10 INFO module=net msg="service started"
2026-02-27 16:59:46 INFO module=cache msg="config reloaded"
2026-02-27 13:19:32 INFO module=disk msg="config reloaded"
2026-02-27 12:23:24 DEBUG module=sched msg="entering handler"
2026-02-27 14:18:03 WARN module=cache msg="deprecated option used"
2026-02-27 13:29:36 INFO module=net msg="request completed"
2026-02-27 04:00:22 INFO module=disk msg="cache warmed up"
2026-02-27 23:10:55 WARN module=api msg="token expires soon"
2026-02-27 02:30:48 INFO module=api msg="service started"
2026-02-27 05:47:24 DEBUG module=cache msg="queue length checked"
2026-02-27 11:57:47 DEBUG module=cache msg="retry counter reset"
2026-02-27 14:55:59 INFO module=db msg="config reloaded"
2026-02-27 19:37:09 WARN module=sched msg="deprecated option used"
2026-02-27 10:56:14 INFO module=disk msg="request completed"
2026-02-27 19:48:24 DEBUG module=net msg="buffer flushed"
2026-02-27 05:16:31 INFO module=db msg="request completed"
2026-02-27 07:54:54 WARN module=api msg="token expires soon"
2026-02-27 18:00:45 INFO module=cache msg="user logged in"
2026-02-27 00:11:46 ERROR module=db msg="connection timeout"
2026-02-27 01:30:16 INFO module=auth msg="user logged in"
2026-02-27 19:45:54 WARN module=db msg="disk usage above 80%"
2026-02-27 12:51:09 WARN module=disk msg="retrying request"
2026-02-27 11:29:28 WARN module=net msg="slow response"
2026-02-27 07:07:06 DEBUG module=cache msg="heartbeat sent"
2026-02-27 06:14:50 INFO module=api msg="user logged in"
2026-02-27 19:25:21 INFO module=cache msg="service started"
2026-02-27 14:27:29 INFO module=auth msg="request completed"
2026-02-27 19:31:00 INFO module=cache msg="config reloaded"
2026-02-27 18:34:10 WARN module=disk msg="deprecated option used"
2026-02-27 06:57:10 WARN module=net msg="retrying request"
2026-02-27 01:10:32 DEBUG module=sched msg="entering handler"
2026-02-27 21:33:57 INFO module=auth msg="service started"
2026-02-27 18:54:54 DEBUG module=fs msg="entering handler"
2026-02-27 02:39:58 INFO module=net msg="job scheduled"
2026-02-27 19:28:58 INFO module=auth msg="user logged in"
2026-02-27 11:47:39 WARN module=net msg="token expires soon"
2026-02-27 02:59:50 INFO module=disk msg="user logged in"
2026-02-27 00:37:51 INFO module=disk msg="service started"
2026-02-27 00:13:01 INFO module=disk msg="cache warmed up"
2026-02-27 05:25:03 DEBUG module=sched msg="retry counter reset"
2026-02-27 15:47:01 ERROR module=net msg="connection refused"
2026-02-27 12:25:20 INFO module=sched msg="user logged in"
2026-02-27 22:58:10 WARN module=api msg="slow response"
2026-02-27 00:34:23 INFO module=disk msg="config reloaded"
2026-02-27 04:23:36 WARN module=sched msg="slow response"
2026-02-27 00:59:23 DEBUG module=sched msg="buffer flushed"
2026-02-27 00:32:46 INFO module=db msg="user logged in"
2026-02-27 03:27:54 INFO module=net msg="service started"
2026-02-27 02:25:09 INFO module=auth msg="config reloaded"
2026-02-27 21:08:22 INFO module=sched msg="cache warmed up"
2026-02-27 10:56:21 INFO module=auth msg="job scheduled"
2026-02-27 08:37:45 INFO module=api msg="config reloaded"
2026-02-27 19:14:51 INFO module=net msg="service started"
2026-02-27 01:07:42 INFO module=db msg="user logged in"
2026-02-27 10:20:32 ERROR module=cache msg="connection refused"
2026-02-27 19:46:23 DEBUG module=cache msg="retry counter reset"
2026-02-27 10:12:42 DEBUG module=net msg="buffer flushed"
2026-02-27 16:07:13 INFO module=fs msg="cache warmed up"
2026-02-27 08:44:53 INFO module=auth msg="request completed"
2026-02-27 01:50:11 INFO module=disk msg="cache warmed up"
2026-02-27 13:45:30 ERROR module=sched msg="query failed"
2026-02-27 00:34:09 INFO module=fs msg="job scheduled"
2026-02-27 23:12:28 INFO module=auth msg="user logged in"
2026-02-27 03:27:52 INFO module=cache msg="user logged in"
2026-02-27 05:59:15 INFO module=sched msg="config reloaded"
2026-02-27 00:17:49 WARN module=db msg="slow response"
2026-02-27 22:05:42 WARN module=cache msg="token expires soon"
2026-02-27 03:32:24 INFO module=api msg="request completed"
2026-02-27 11:09:36 INFO module=db msg="request completed"
2026-02-27 12:02:16 DEBUG module=db msg="heartbeat sent"
2026-02-27 18:05:18 INFO module=cache msg="service started"
2026-02-27 08:31:23 DEBUG module=api msg="entering handler"
2026-02-27 05:16:40 INFO module=disk msg="cache warmed up"
2026-02-27 17:09:17 INFO module=db msg="user logged in"
2026-02-27 14:51:14 DEBUG module=sched msg="retry counter reset"
2026-02-27 17:46:19 INFO module=cache msg="request completed"
2026-02-27 05:02:46 ERROR module=net msg="permission denied"
2026-02-27 00:46:07 INFO module=api msg="request completed"
2026-02-27 23:55:12 INFO module=cache msg="request completed"
2026-02-27 04:13:46 INFO module=fs msg="job scheduled"
2026-02-27 12:16:01 WARN module=db msg="slow response"
2026-02-27 04:47:11 DEBUG module=auth msg="entering handler"
2026-02-27 20:44:00 INFO module=fs msg="request completed"
2026-02-27 19:43:40 INFO module=auth msg="config reloaded"
2026-02-27 07:42:37 WARN module=disk msg="deprecated option used"
2026-02-27 01:45:08 INFO module=auth msg="request completed"
2026-02-27 12:14:35 WARN module=db msg="slow response"
2026-02-27 12:42:47 ERROR module=net msg="connection timeout"
2026-02-27 20:13:33 INFO module=fs msg="cache warmed up"
2026-02-27 09:06:16 INFO module=db msg="request completed"
2026-02-27 13:56:50 WARN module=fs msg="slow response"
2026-02-27 02:09:17 INFO module=net msg="request completed"
2026-02-27 19:09:24 INFO module=db msg="request completed"
2026-02-27 18:51:18 INFO module=fs msg="service started"
2026-02-27 19:52:47 DEBUG module=disk msg="buffer flushed"
2026-02-27 00:13:33 INFO module=auth msg="service started"
2026-02-27 19:23:25 INFO module=net msg="job scheduled"
2026-02-27 02:04:25 INFO module=cache msg="service started"
2026-02-27 05:42:24 INFO module=sched msg="user logged in"
2026-02-27 02:11:38 INFO module=cache msg="config reloaded"
2026-02-27 13:52:54 INFO module=api msg="cache warmed up"
2026-02-27 11:51:15 DEBUG module=net msg="heartbeat sent"
2026-02-27 11:03:04 WARN module=net msg="deprecated option used"
2026-02-27 02:47:47 INFO module=db msg="user logged in"
2026-02-27 22:36:46 DEBUG module=sched msg="heartbeat sent"
2026-02-27 05:44:32 ERROR module=net msg="no space left on device"
2026-02-27 03:35:54 ERROR module=db msg="segment read failed"
2026-02-27 19:30:25 ERROR module=db msg="connection timeout"
2026-02-27 12:09:26 WARN module=sched msg="slow response"
2026-02-27 05:59:45 INFO module=disk msg="job scheduled"
2026-02-27 18:44:07 INFO module=fs msg="user logged in"
2026-02-27 14:37:50 INFO module=db msg="job scheduled"
2026-02-27 04:15:28 DEBUG module=sched msg="heartbeat sent"
2026-02-27 09:31:15 INFO module=db msg="user logged in"
2026-02-27 21:48:23 INFO module=fs msg="user logged in"
2026-02-27 09:12:56 WARN module=net msg="retrying request"
2026-02-27 16:34:07 INFO module=sched msg="job scheduled"
2026-02-27 13:44:46 INFO module=db msg="request completed"
2026-02-27 12:58:04 INFO module=db msg="user logged in"
2026-02-27 19:14:58 WARN module=api msg="deprecated option used"
2026-02-27 02:55:12 WARN module=sched msg="disk usage above 80%"
2026-02-27 05:51:56 DEBUG module=cache msg="queue length checked"
2026-02-27 13:46:52 INFO module=auth msg="user logged in"
2026-02-27 12:04:49 INFO module=cache msg="config reloaded"
2026-02-27 22:22:37 INFO module=db msg="cache warmed up"
2026-02-27 05:38:06 WARN module=net msg="slow response"
2026-02-27 21:22:40 INFO module=auth msg="user logged in"
2026-02-27 09:00:18 INFO module=api msg="cache warmed up"
2026-02-27 10:39:04 INFO module=api msg="service started"
2026-02-27 08:52:17 WARN module=api msg="deprecated option used"
2026-02-27 17:21:19 INFO module=sched msg="job scheduled"
2026-02-27 08:07:39 INFO module=fs msg="service started"
2026-02-27 04:31:57 INFO module=auth msg="user logged in"
2026-02-27 17:33:37 INFO module=db msg="service started"
2026-02-27 08:47:00 INFO module=disk msg="service started"
2026-02-27 22:02:55 DEBUG module=cache msg="queue length checked"
2026-02-27 19:58:44 INFO module=db msg="request completed"
2026-02-27 05:49:24 WARN module=db msg="disk usage above 80%"
2026-02-27 15:10:19 INFO module=cache msg="user logged in"
2026-02-27 23:52:47 INFO module=disk msg="config reloaded"
2026-02-27 04:19:01 INFO module=api msg="service started"
2026-02-27 10:46:09 INFO module=api msg="service started"
2026-02-27 22:45:30 DEBUG module=cache msg="retry counter reset"
2026-02-27 21:32:42 INFO module=net msg="cache warmed up"
2026-02-27 22:12:19 DEBUG module=api msg="retry counter reset"
2026-02-27 20:21:14 INFO module=net msg="cache warmed up"
2026-02-27 19:22:52 DEBUG module=auth msg="retry counter reset"
2026-02-27 10:09:26 INFO module=fs msg="user logged in"
2026-02-27 02:22:38 WARN module=cache msg="token expires soon"
2026-02-27 23:16:22 INFO module=db msg="service started"
2026-02-27 03:11:13 ERROR module=auth msg="query failed"
2026-02-27 12:33:53 DEBUG module=auth msg="entering handler"
2026-02-27 11:27:18 ERROR module=db msg="connection timeout"
2026-02-27 06:17:14 DEBUG module=sched msg="buffer flushed"
2026-02-27 19:44:28 WARN module=db msg="retrying request"
2026-02-27 20:23:22 INFO module=cache msg="job scheduled"
2026-02-27 10:34:38 INFO module=api msg="config reloaded"
2026-02-27 03:01:17 INFO module=disk msg="user logged in"
2026-02-27 01:55:00 INFO module=sched msg="config reloaded"
2026-02-27 13:33:24 DEBUG module=db msg="heartbeat sent"
2026-02-27 21:49:41 INFO module=api msg="cache warmed up"
2026-02-27 16:51:55 INFO module=auth msg="config reloaded"
2026-02-27 04:35:13 INFO module=cache msg="user logged in"
2026-02-27 19:32:00 ERROR module=db msg="invalid token"
2026-02-27 06:33:11 WARN module=cache msg="disk usage above 80%"
2026-02-27 23:55:58 WARN module=db msg="token expires soon"
2026-02-27 11:21:16 INFO module=net msg="config reloaded"
2026-02-27 20:44:01 INFO module=net msg="job scheduled"
2026-02-27 16:57:30 INFO module=fs msg="job scheduled"
2026-02-27 13:55:20 INFO module=api msg="job scheduled"
2026-02-27 15:19:25 INFO module=sched msg="cache warmed up"
2026-02-27 02:46:15 DEBUG module=cache msg="retry counter reset"
2026-02-27 02:20:10 INFO module=fs msg="user logged in"
2026-02-27 11:52:37 INFO module=api msg="request completed"
2026-02-27 04:07:37 WARN module=auth msg="disk usage above 80%"
2026-02-27 12:36:12 INFO module=disk msg="cache warmed up"
2026-02-27 04:58:59 INFO module=auth msg="job scheduled"
2026-02-27 11:36:26 INFO module=db msg="job scheduled"
2026-02-27 17:14:09 INFO module=auth msg="config reloaded"
2026-02-27 13:00:19 DEBUG module=auth msg="queue length checked"
2026-02-27 20:10:24 INFO module=sched msg="user logged in"
2026-02-27 20:35:55 DEBUG module=disk msg="entering handler"
2026-02-27 09:31:58 INFO module=auth msg="service started"
2026-02-27 16:25:02 INFO module=sched msg="cache warmed up"
2026-02-27 20:08:35 ERROR module=net msg="no space left on device"
2026-02-27 00:11:39 INFO module=disk msg="config reloaded"
2026-02-27 03:37:33 INFO module=auth msg="config reloaded"
2026-02-27 16:46:59 INFO module=api msg="job scheduled"
2026-02-27 19:33:47 INFO module=fs msg="job scheduled"
2026-02-27 09:56:07 WARN module=cache msg="token expires soon"
2026-02-27 10:13:59 DEBUG module=net msg="entering handler"
2026-02-27 07:02:42 INFO module=net msg="job scheduled"
2026-02-27 11:36:27 INFO module=api msg="cache warmed up"
2026-02-27 01:50:38 DEBUG module=cache msg="buffer flushed"
2026-02-27 04:28:31 INFO module=auth msg="user logged in"
2026-02-27 10:32:01 WARN module=auth msg="token expires soon"
2026-02-27 14:59:14 INFO module=fs msg="user logged in"
2026-02-27 06:57:17 INFO module=db msg="user logged in"
2026-02-27 06:21:40 INFO module=db msg="user logged in"
2026-02-27 09:50:47 INFO module=auth msg="user logged in"
2026-02-27 16:48:42 INFO module=api msg="config reloaded"
2026-02-27 20:15:17 DEBUG module=auth msg="entering handler"
2026-02-27 00:47:48 INFO module=db msg="job scheduled"
2026-02-27 12:42:28 INFO module=sched msg="config reloaded"
2026-02-27 02:38:21 INFO module=fs msg="request completed"
2026-02-27 05:46:38 WARN module=sched msg="slow response"
2026-02-27 02:43:27 WARN module=api msg="token expires soon"
2026-02-27 17:33:54 INFO module=db msg="cache warmed up"
2026-02-27 16:40:44 INFO module=net msg="service started"
2026-02-27 17:00:15 INFO module=db msg="cache warmed up"
2026-02-27 14:13:43 INFO module=db msg="request completed"
2026-02-27 13:08:36 INFO module=api msg="request completed"
2026-02-27 03:24:11 ERROR module=net msg="connection refused"
2026-02-27 13:15:11 ERROR module=db msg="invalid token"
2026-02-27 18:21:59 DEBUG module=cache msg="queue length checked"
2026-02-27 12:04:25 WARN module=api msg="disk usage above 80%"
2026-02-27 21:16:09 DEBUG module=auth msg="entering handler"
2026-02-27 22:53:00 ERROR module=db msg="query failed"
2026-02-27 22:54:15 INFO module=api msg="config reloaded"
2026-02-27 18:39:32 WARN module=cache msg="disk usage above 80%"
2026-02-27 17:27:06 INFO module=db msg="service started"
2026-02-27 04:25:30 INFO module=api msg="request completed"
2026-02-27 16:43:10 INFO module=db msg="config reloaded"
2026-02-27 03:40:10 INFO module=db msg="user logged in"
2026-02-27 03:00:14 DEBUG module=api msg="queue length checked"
2026-02-27 13:50:46 INFO module=disk msg="job scheduled"
2026-02-27 18:29:35 INFO module=net msg="cache warmed up"
2026-02-27 03:24:32 ERROR module=net msg="invalid token"
2026-02-27 18:41:18 WARN module=db msg="disk usage above 80%"
2026-02-27 02:33:24 ERROR module=cache msg="no space left on device"
2026-02-27 12:06:52 INFO module=disk msg="user logged in"
2026-02-27 11:42:21 INFO module=db msg="cache warmed up"
2026-02-27 12:04:09 INFO module=disk msg="request completed"
2026-02-27 03:46:17 DEBUG module=db msg="retry counter reset"
2026-02-27 22:50:46 WARN module=net msg="retrying request"
2026-02-27 22:33:02 INFO module=db msg="user logged in"
2026-02-27 01:37:01 WARN module=disk msg="slow response"
2026-02-27 11:53:28 DEBUG module=db msg="retry counter reset"
2026-02-27 09:45:52 INFO module=auth msg="request completed"
2026-02-27 10:41:40 WARN module=db msg="token expires soon"
2026-02-27 00:29:08 INFO module=fs msg="user logged in"
2026-02-27 06:06:07 DEBUG module=db msg="entering handler"
2026-02-27 04:28:52 INFO module=sched msg="cache warmed up"
2026-02-27 02:28:00 INFO module=db msg="user logged in"
2026-02-27 18:45:35 INFO module=auth msg="service started"
2026-02-27 21:19:41 DEBUG module=fs msg="buffer flushed"
2026-02-27 16:36:43 INFO module=fs msg="user logged in"
2026-02-27 02:27:25 INFO module=cache msg="job scheduled"
2026-02-27 05:37:26 WARN module=auth msg="slow response"
2026-02-27 00:32:00 WARN module=cache msg="deprecated option used"
2026-02-27 21:02:40 INFO module=sched msg="job scheduled"
2026-02-27 19:41:32 WARN module=auth msg="token expires soon"
2026-02-27 14:32:04 INFO module=net msg="request completed"
2026-02-27 14:32:51 WARN module=db msg="retrying request"
2026-02-27 14:46:18 DEBUG module=cache msg="queue length checked"
2026-02-27 19:14:03 INFO module=api msg="job scheduled"
2026-02-27 09:38:16 INFO module=cache msg="config reloaded"
2026-02-27 13:40:47 INFO module=sched msg="service started"
2026-02-27 18:32:28 WARN module=auth msg="slow response"
2026-02-27 12:33:24 WARN module=auth msg="disk usage above 80%"
2026-02-27 17:32:05 DEBUG module=cache msg="retry counter reset"
2026-02-27 05:48:48 INFO module=api msg="cache warmed up"
2026-02-27 20:22:31 INFO module=net msg="cache warmed up"
2026-02-27 19:20:54 INFO module=api msg="request completed"
2026-02-27 22:57:32 WARN module=api msg="disk usage above 80%"
2026-02-27 16:22:22 INFO module=api msg="service started"
2026-02-27 01:39:33 INFO module=api msg="user logged in"
2026-02-27 08:59:04 DEBUG module=cache msg="queue length checked"
2026-02-27 14:07:00 WARN module=disk msg="slow response"
2026-02-27 01:05:55 WARN module=cache msg="token expires soon"
2026-02-27 12:33:07 INFO module=api msg="request completed"
2026-02-27 09:10:08 INFO module=db msg="user logged in"
2026-02-27 07:27:07 DEBUG module=sched msg="heartbeat sent"
2026-02-27 19:57:42 INFO module=api msg="config reloaded"
2026-02-27 14:10:43 INFO module=cache msg="service started"
2026-02-27 19:15:57 INFO module=auth msg="request completed"
2026-02-27 17:57:18 INFO module=api msg="cache warmed up"
2026-02-27 06:30:24 INFO module=net msg="request completed"
2026-02-27 23:37:48 INFO module=net msg="config reloaded"
2026-02-27 07:30:55 WARN module=cache msg="token expires soon"
2026-02-27 18:56:08 INFO module=fs msg="request completed"
2026-02-27 09:07:31 INFO module=disk msg="cache warmed up"
2026-02-27 07:09:29 INFO module=net msg="user logged in"
2026-02-27 10:01:52 ERROR module=api msg="segment read failed"
2026-02-27 10:16:11 DEBUG module=db msg="retry counter reset"
2026-02-27 10:02:56 INFO module=api msg="service started"
2026-02-27 05:00:41 INFO module=auth msg="config reloaded"
2026-02-27 09:36:22 INFO module=api msg="user logged in"
2026-02-27 11:12:42 INFO module=auth msg="request completed"
2026-02-27 23:31:33 INFO module=cache msg="cache warmed up"
2026-02-27 22:48:55 INFO module=disk msg="request completed"
2026-02-27 14:59:30 INFO module=net msg="request completed"
2026-02-27 07:25:51 WARN module=auth msg="retrying request"
2026-02-27 19:18:02 INFO module=fs msg="job scheduled"
2026-02-27 13:01:02 INFO module=auth msg="request completed"
2026-02-27 06:06:14 DEBUG module=fs msg="retry counter reset"
2026-02-27 00:41:21 INFO module=db msg="user logged in"
2026-02-27 17:19:53 INFO module=auth msg="request completed"
2026-02-27 11:23:32 WARN module=net msg="disk usage above 80%"
2026-02-27 01:58:10 INFO module=api msg="request completed"
2026-02-27 08:22:46 DEBUG module=cache msg="retry counter reset"
2026-02-27 16:39:26 INFO module=fs msg="request completed"
2026-02-27 20:11:58 WARN module=net msg="token expires soon"
2026-02-27 11:57:49 INFO module=api msg="request completed"
2026-02-27 05:30:23 DEBUG module=db msg="retry counter reset"
2026-02-27 22:12:18 INFO module=db msg="service started"
2026-02-27 23:23:53 INFO module=db msg="user logged in"
2026-02-27 06:02:28 INFO module=api msg="config reloaded"
2026-02-27 03:23:33 WARN module=cache msg="token expires soon"
2026-02-27 17:35:02 DEBUG module=net msg="entering handler"
2026-02-27 10:31:32 INFO module=fs msg="user logged in"
2026-02-27 03:42:10 INFO module=cache msg="user logged in"
2026-02-27 23:47:02 INFO module=disk msg="config reloaded"
2026-02-27 13:29:04 INFO module=sched msg="service started"
2026-02-27 12:36:10 DEBUG module=cache msg="retry counter reset"
2026-02-27 05:32:53 WARN module=api msg="token expires soon"
2026-02-27 06:54:10 INFO module=auth msg="request completed"
2026-02-27 13:59:31 DEBUG module=db msg="heartbeat sent"
2026-02-27 10:16:23 INFO module=disk msg="service started"
2026-02-27 01:23:45 INFO module=net msg="job scheduled"
