2026-03-17 14:43:37 WARN module=api msg="retrying request"
2026-03-17 06:56:17 INFO module=db msg="service started"
2026-03-17 15:21:29 INFO module=fs msg="job scheduled"
2026-03-17 14:52:36 DEBUG module=cache msg="entering handler"
2026-03-17 22:29:42 INFO module=net msg="service started"
2026-03-17 14:26:14 INFO module=api msg="service started"
2026-03-17 13:04:03 WARN module=api msg="slow response"
2026-03-17 01:29:59 ERROR module=db msg="no space left on device"
2026-03-17 03:56:33 DEBUG module=db msg="buffer flushed"
2026-03-17 16:05:24 INFO module=sched msg="request completed"
2026-03-17 19:08:04 WARN module=fs msg="retrying request"
2026-03-17 08:06:37 INFO module=db msg="service started"
2026-03-17 00:21:55 INFO module=cache msg="config reloaded"
2026-03-17 01:48:08 INFO module=api msg="service started"
2026-03-17 10:23:41 DEBUG module=cache msg="heartbeat sent"
2026-03-17 10:48:29 INFO module=disk msg="user logged in"
2026-03-17 16:44:38 INFO module=fs msg="config reloaded"
2026-03-17 06:02:03 INFO module=disk msg="service started"
2026-03-17 15:33:53 DEBUG module=sched msg="buffer flushed"
2026-03-17 16:37:20 DEBUG module=cache msg="heartbeat sent"
2026-03-17 16:48:44 INFO module=net msg="config reloaded"
2026-03-17 00:40:38 INFO module=auth msg="job scheduled"
2026-03-17 00:57:09 DEBUG module=fs msg="entering handler"
2026-03-17 15:38:37 INFO module=api msg="cache warmed up"
2026-03-17 01:01:24 WARN module=db msg="slow response"
2026-03-17 19:22:33 INFO module=fs msg="user logged in"
2026-03-17 12:33:28 INFO module=api msg="cache warmed up"
2026-03-17 19:56:59 INFO module=db msg="config reloaded"
2026-03-17 05:56:28 WARN module=net msg="token expires soon"
2026-03-17 18:21:26 DEBUG module=sched msg="buffer flushed"
2026-03-17 13:30:53 DEBUG module=cache msg="buffer flushed"
2026-03-17 11:49:38 INFO module=auth msg="request completed"
2026-03-17 01:44:54 WARN module=cache msg="token expires soon"
2026-03-17 13:51:21 INFO module=db msg="request completed"
2026-03-17 09:38:04 WARN module=cache msg="token expires soon"
2026-03-17 14:30:20 DEBUG module=fs msg="entering handler"
2026-03-17 16:38:05 INFO module=fs msg="config reloaded"
2026-03-17 23:20:28 DEBUG module=cache msg="buffer flushed"
2026-03-17 12:48:38 INFO module=auth msg="config reloaded"
2026-03-17 01:30:05 ERROR module=auth msg="no space left on device"
2026-03-17 00:25:23 INFO module=cache msg="config reloaded"
2026-03-17 06:22:45 INFO module=sched msg="job scheduled"
2026-03-17 01:09:44 INFO module=net msg="service started"
2026-03-17 11:02:17 ERROR module=auth msg="connection timeout"
2026-03-17 12:00:44 DEBUG module=cache msg="retry counter reset"
2026-03-17 09:37:51 ERROR module=api msg="no space left on device"
2026-03-17 00:31:27 ERROR module=net msg="segment read failed"
2026-03-17 16:45:50 INFO module=db msg="config reloaded"
2026-03-17 07:00:51 INFO module=db msg="user logged in"
2026-03-17 22:29:46 INFO module=api msg="request completed"
2026-03-17 23:13:11 INFO module=net msg="user logged in"
2026-03-17 16:35:26 DEBUG module=cache msg="retry counter reset"
2026-03-17 21:50:29 INFO module=net msg="request completed"
2026-03-17 00:21:39 INFO module=auth msg="service started"
2026-03-17 11:54:21 WARN module=auth msg="retrying request"
2026-03-17 19:22:01 DEBUG module=sched msg="heartbeat sent"
2026-03-17 18:52:27 INFO module=db msg="service started"
2026-03-17 14:00:43 INFO module=auth msg="job scheduled"
2026-03-17 06:36:36 INFO module=sched msg="request completed"
2026-03-17 22:59:52 INFO module=cache msg="config reloaded"
2026-03-17 03:05:06 INFO module=api msg="request completed"
2026-03-17 16:41:58 DEBUG module=sched msg="buffer flushed"
2026-03-17 08:40:10 WARN module=api msg="token expires soon"
2026-03-17 00:22:26 INFO module=net msg="request completed"
2026-03-17 07:52:50 INFO module=fs msg="job scheduled"
2026-03-17 20:36:40 INFO module=fs msg="config reloaded"
2026-03-17 00:20:08 INFO module=cache msg="job scheduled"
2026-03-17 22:19:05 INFO module=fs msg="config reloaded"
2026-03-17 19:23:07 INFO module=net msg="cache warmed up"
2026-03-17 07:25:30 DEBUG module=fs msg="entering handler"
2026-03-17 23:18:02 WARN module=auth msg="deprecated option used"
2026-03-17 04:47:13 INFO module=disk msg="job scheduled"
2026-03-17 15:40:43 DEBUG module=cache msg="retry counter reset"
2026-03-17 17:23:32 INFO module=net msg="config reloaded"
2026-03-17 13:55:12 INFO module=sched msg="cache warmed up"
2026-03-17 20:12:50 INFO module=auth msg="job scheduled"
2026-03-17 08:15:46 DEBUG module=sched msg="entering handler"
2026-03-17 21:26:26 INFO module=disk msg="user logged in"
2026-03-17 20:26:16 INFO module=sched msg="service started"
2026-03-17 15:07:31 INFO module=disk msg="config reloaded"
2026-03-17 22:44:20 INFO module=disk msg="service started"
2026-03-17 21:45:54 WARN module=net msg="deprecated option used"
2026-03-17 14:33:52 INFO module=net msg="config reloaded"
2026-03-17 20:52:43 INFO module=cache msg="cache warmed up"
2026-03-17 15:23:58 INFO module=auth msg="job scheduled"
2026-03-17 15:39:38 ERROR module=disk msg="connection refused"
2026-03-17 12:43:15 INFO module=api msg="config reloaded"
2026-03-17 02:14:28 INFO module=api msg="request completed"
2026-03-17 18:19:26 INFO module=auth msg="service started"
2026-03-17 02:23:01 INFO module=fs msg="request completed"
2026-03-17 17:14:27 INFO module=sched msg="job scheduled"
2026-03-17 07:44:48 INFO module=api msg="job scheduled"
2026-03-17 07:15:00 INFO module=db msg="user logged in"
2026-03-17 23:55:34 DEBUG module=cache msg="entering handler"
2026-03-17 00:57:50 INFO module=net msg="job scheduled"
2026-03-17 15:45:37 DEBUG module=cache msg="buffer flushed"
2026-03-17 11:48:30 INFO module=disk msg="request completed"
2026-03-17 07:07:18 INFO module=auth msg="service started"
2026-03-17 12:40:59 INFO module=net msg="config reloaded"
2026-03-17 17:25:10 INFO module=db msg="cache warmed up"
2026-03-17 14:20:45 WARN module=net msg="retrying request"
2026-03-17 13:08:08 INFO module=cache msg="user logged in"
2026-03-17 04:13:07 WARN module=cache msg="token expires soon"
2026-03-17 21:16:24 WARN module=auth msg="retrying request"
2026-03-17 14:36:15 INFO module=api msg="service started"
2026-03-17 01:42:06 INFO module=net msg="config reloaded"
2026-03-17 01:30:29 WARN module=fs msg="retrying request"
2026-03-17 11:11:08 INFO module=db msg="job scheduled"
2026-03-17 09:35:06 WARN module=net msg="disk usage above 80%"
2026-03-17 11:56:20 WARN module=auth msg="deprecated option used"
2026-03-17 01:21:14 WARN module=net msg="slow response"
2026-03-17 21:13:52 DEBUG module=auth msg="buffer flushed"
2026-03-17 16:00:42 INFO module=fs msg="job scheduled"
2026-03-17 15:03:13 INFO module=db msg="user logged in"
2026-03-17 06:36:12 INFO module=db msg="cache warmed up"
2026-03-17 12:58:38 DEBUG module=disk msg="queue length checked"
2026-03-17 07:33:51 INFO module=cache msg="user logged in"
2026-03-17 02:09:59 WARN module=cache msg="retrying request"
2026-03-17 11:47:05 INFO module=disk msg="user logged in"
2026-03-17 20:34:33 INFO module=api msg="service started"
2026-03-17 07:39:07 INFO module=net msg="job scheduled"
2026-03-17 07:31:22 DEBUG module=sched msg="retry counter reset"
2026-03-17 22:20:48 INFO module=net msg="cache warmed up"
2026-03-17 03:50:42 DEBUG module=db msg="entering handler"
2026-03-17 00:03:45 WARN module=disk msg="token expires soon"
2026-03-17 23:40:31 WARN module=cache msg="retrying request"
2026-03-17 07:24:39 DEBUG module=auth msg="buffer flushed"
2026-03-17 09:22:20 INFO module=sched msg="config reloaded"
2026-03-17 11:01:27 INFO module=api msg="config reloaded"
2026-03-17 10:21:56 INFO module=db msg="job scheduled"
2026-03-17 19:46:22 ERROR module=db msg="no space left on device"
2026-03-17 13:35:46 INFO module=cache msg="service started"
2026-03-17 09:19:50 INFO module=cache msg="service started"
2026-03-17 11:30:20 INFO module=net msg="user logged in"
2026-03-17 05:26:39 INFO module=db msg="job scheduled"
2026-03-17 22:17:06 INFO module=auth msg="config reloaded"
2026-03-17 16:16:47 DEBUG module=cache msg="entering handler"
2026-03-17 16:54:29 INFO module=api msg="service started"
2026-03-17 01:34:45 INFO module=fs msg="job scheduled"
2026-03-17 03:46:43 ERROR module=api msg="connection timeout"
2026-03-17 18:25:34 INFO module=api msg="request completed"
2026-03-17 07:11:36 WARN module=disk msg="token expires soon"
2026-03-17 22:59:06 INFO module=db msg="service started"
2026-03-17 15:23:06 DEBUG module=fs msg="heartbeat sent"
2026-03-17 08:52:39 ERROR module=api msg="permission denied"
2026-03-17 18:47:24 WARN module=net msg="token expires soon"
2026-03-17 18:23:33 INFO module=auth msg="user logged in"
2026-03-17 01:44:42 DEBUG module=sched msg="entering handler"
2026-03-17 18:53:47 INFO module=disk msg="job scheduled"
2026-03-17 18:07:40 INFO module=net msg="service started"
2026-03-17 17:48:44 INFO module=disk msg="cache warmed up"
2026-03-17 17:46:55 INFO module=api msg="job scheduled"
2026-03-17 01:37:59 ERROR module=api msg="connection timeout"
2026-03-17 05:17:08 INFO module=auth msg="service started"
2026-03-17 17:15:00 INFO module=api msg="cache warmed up"
2026-03-17 02:38:15 WARN module=db msg="deprecated option used"
2026-03-17 10:12:04 INFO module=net msg="request completed"
2026-03-17 14:57:38 DEBUG module=cache msg="buffer flushed"
2026-03-17 06:49:52 INFO module=auth msg="request completed"
2026-03-17 22:06:49 INFO module=db msg="cache warmed up"
2026-03-17 01:16:54 DEBUG module=api msg="queue length checked"
2026-03-17 10:05:30 INFO module=fs msg="user logged in"
2026-03-17 01:58:32 INFO module=api msg="config reloaded"
2026-03-17 14:59:15 INFO module=disk msg="job scheduled"
2026-03-17 07:21:09 ERROR module=net msg="invalid token"
2026-03-17 15:20:24 INFO module=net msg="config reloaded"
2026-03-17 07:16:36 INFO module=disk msg="cache warmed up"
2026-03-17 05:29:13 WARN module=api msg="slow response"
2026-03-17 14:01:18 INFO module=api msg="service started"
2026-03-17 03:41:43 DEBUG module=fs msg="queue length checked"
2026-03-17 10:58:21 DEBUG module=sched msg="entering handler"
2026-03-17 11:49:20 INFO module=auth msg="request completed"
2026-03-17 10:38:25 WARN module=db msg="slow response"
2026-03-17 12:57:50 DEBUG module=net msg="retry counter reset"
2026-03-17 09:53:48 DEBUG module=sched msg="queue length checked"
2026-03-17 21:19:15 INFO module=net msg="service started"
2026-03-17 18:23:59 INFO module=cache msg="service started"
2026-03-17 02:53:29 INFO module=disk msg="cache warmed up"
2026-03-17 20:44:54 INFO module=cache msg="request completed"
2026-03-17 18:29:24 INFO module=fs msg="request completed"
2026-03-17 02:04:38 INFO module=db msg="job scheduled"
2026-03-17 06:29:02 INFO module=auth msg="request completed"
2026-03-17 06:32:00 ERROR module=disk msg="query failed"
2026-03-17 15:43:07 INFO module=disk msg="cache warmed up"
2026-03-17 22:24:41 DEBUG module=cache msg="heartbeat sent"
2026-03-17 08:25:15 INFO module=disk msg="request completed"
2026-03-17 00:46:23 WARN module=db msg="retrying request"
2026-03-17 14:52:24 WARN module=cache msg="deprecated option used"
2026-03-17 00:57:52 DEBUG module=auth msg="heartbeat sent"
2026-03-17 02:01:07 INFO module=fs msg="service started"
2026-03-17 14:19:31 INFO module=api msg="request completed"
2026-03-17 13:02:32 INFO module=api msg="job scheduled"
2026-03-17 06:32:18 INFO module=disk msg="request completed"
2026-03-17 13:24:43 INFO module=disk msg="job scheduled"
2026-03-17 00:28:13 INFO module=fs msg="user logged in"
2026-03-17 01:15:14 WARN module=net msg="deprecated option used"
2026-03-17 05:04:04 INFO module=auth msg="user logged in"
2026-03-17 03:49:44 WARN module=auth msg="retrying request"
2026-03-17 06:17:03 INFO module=api msg="service started"
2026-03-17 07:26:52 INFO module=auth msg="service started"
2026-03-17 11:30:10 INFO module=cache msg="user logged in"
2026-03-17 10:06:58 INFO module=api msg="service started"
2026-03-17 01:54:58 INFO module=net msg="request completed"
2026-03-17 21:35:03 DEBUG module=auth msg="retry counter reset"
2026-03-17 16:15:41 INFO module=auth msg="request completed"
2026-03-17 12:55:27 INFO module=net msg="request completed"
2026-03-17 02:59:22 INFO module=cache msg="service started"
2026-03-17 08:39:53 INFO module=fs msg="request completed"
2026-03-17 08:17:51 INFO module=net msg="cache warmed up"
2026-03-17 16:26:25 WARN module=disk msg="token expires soon"
2026-03-17 20:02:01 INFO module=disk msg="cache warmed up"
2026-03-17 09:54:06 INFO module=fs msg="service started"
2026-03-17 21:13:33 INFO module=net msg="config reloaded"
2026-03-17 05:03:44 INFO module=disk msg="job scheduled"
2026-03-17 20:38:50 INFO module=cache msg="cache warmed up"
2026-03-17 09:21:22 INFO module=net msg="request completed"
2026-03-17 00:06:59 INFO module=cache msg="cache warmed up"
2026-03-17 12:09:33 INFO module=sched msg="job scheduled"
2026-03-17 15:05:46 INFO module=sched msg="job scheduled"
2026-03-17 17:24:56 INFO module=api msg="config reloaded"
2026-03-17 01:38:42 DEBUG module=fs msg="buffer flushed"
2026-03-17 03:17:32 WARN module=api msg="slow response"
2026-03-17 08:12:01 ERROR module=net msg="segment read failed"
2026-03-17 03:09:07 INFO module=disk msg="config reloaded"
2026-03-17 01:09:27 INFO module=api msg="config reloaded"
2026-03-17 04:55:06 INFO module=fs msg="job scheduled"
2026-03-17 10:42:08 INFO module=db msg="user logged in"
2026-03-17 16:55:39 DEBUG module=sched msg="buffer flushed"
2026-03-17 22:04:09 INFO module=disk msg="job scheduled"
2026-03-17 19:29:34 WARN module=net msg="slow response"
2026-03-17 14:40:20 ERROR module=api msg="segment read failed"
2026-03-17 00:51:11 INFO module=fs msg="cache warmed up"
2026-03-17 17:13:46 INFO module=fs msg="job scheduled"
2026-03-17 11:19:55 DEBUG module=auth msg="queue length checked"
2026-03-17 11:03:38 ERROR module=disk msg="no space left on device"
2026-03-17 03:42:54 INFO module=db msg="job scheduled"
2026-03-17 13:09:56 INFO module=fs msg="cache warmed up"
2026-03-17 01:03:29 INFO module=net msg="user logged in"
2026-03-17 15:12:51 INFO module=fs msg="config reloaded"
2026-03-17 01:14:56 INFO module=db msg="request completed"
2026-03-17 01:42:35 WARN module=net msg="token expires soon"
2026-03-17 03:03:10 INFO module=disk msg="cache warmed up"
2026-03-17 05:09:43 INFO module=net msg="config reloaded"
2026-03-17 06:52:17 WARN module=net msg="disk usage above 80%"
2026-03-17 07:57:59 INFO module=auth msg="config reloaded"
2026-03-17 10:05:55 WARN module=auth msg="token expires soon"
2026-03-17 05:32:58 INFO module=db msg="cache warmed up"
2026-03-17 14:24:59 INFO module=auth msg="job scheduled"
2026-03-17 06:09:21 INFO module=disk msg="request completed"
2026-03-17 16:38:45 DEBUG module=sched msg="buffer flushed"
2026-03-17 13:19:05 INFO module=disk msg="job scheduled"
2026-03-17 09:24:04 INFO module=api msg="user logged in"
2026-03-17 18:25:41 INFO module=fs msg="user logged in"
2026-03-17 05:19:59 WARN module=db msg="disk usage above 80%"
2026-03-17 22:32:44 DEBUG module=sched msg="entering handler"
2026-03-17 23:06:29 INFO module=auth msg="service started"
2026-03-17 16:36:17 INFO module=auth msg="job scheduled"
2026-03-17 13:33:47 INFO module=net msg="job scheduled"
2026-03-17 12:17:01 WARN module=net msg="slow response"
2026-03-17 17:14:06 INFO module=net msg="user logged in"
2026-03-17 20:44:59 ERROR module=auth msg="query failed"
2026-03-17 21:34:03 INFO module=fs msg="config reloaded"
2026-03-17 04:25:26 INFO module=auth msg="service started"
2026-03-17 00:52:11 DEBUG module=disk msg="heartbeat sent"
2026-03-17 22:32:07 INFO module=api msg="cache warmed up"
2026-03-17 07:03:33 WARN module=auth msg="retrying request"
2026-03-17 15:27:04 INFO module=cache msg="config reloaded"
2026-03-17 16:13:55 WARN module=net msg="slow response"
2026-03-17 09:56:24 INFO module=fs msg="request completed"
2026-03-17 09:11:34 INFO module=auth msg="user logged in"
2026-03-17 01:14:20 INFO module=auth msg="service started"
2026-03-17 12:01:24 DEBUG module=disk msg="heartbeat sent"
2026-03-17 19:18:30 ERROR module=net msg="invalid token"
2026-03-17 03:34:58 DEBUG module=cache msg="queue length checked"
2026-03-17 23:27:38 DEBUG module=fs msg="entering handler"
2026-03-17 00:38:16 ERROR module=net msg="permission denied"
2026-03-17 01:50:11 DEBUG module=cache msg="entering handler"
2026-03-17 18:12:37 ERROR module=db msg="connection timeout"
2026-03-17 03:11:29 INFO module=auth msg="service started"
2026-03-17 05:35:04 INFO module=disk msg="user logged in"
2026-03-17 09:46:18 DEBUG module=net msg="buffer flushed"
2026-03-17 23:21:42 INFO module=auth msg="request completed"
2026-03-17 05:01:25 INFO module=fs msg="cache warmed up"
2026-03-17 22:20:58 INFO module=api msg="cache warmed up"
2026-03-17 08:13:54 INFO module=net msg="config reloaded"
2026-03-17 20:18:50 WARN module=net msg="deprecated option used"
2026-03-17 18:53:19 INFO module=fs msg="config reloaded"
2026-03-17 11:21:33 ERROR module=auth msg="invalid token"
2026-03-17 11:06:52 DEBUG module=disk msg="retry counter reset"
2026-03-17 20:44:03 INFO module=cache msg="job scheduled"
2026-03-17 11:19:43 INFO module=cache msg="cache warmed up"
2026-03-17 00:00:11 INFO module=cache msg="config reloaded"
2026-03-17 07:44:00 INFO module=auth msg="service started"
2026-03-17 23:01:38 INFO module=db msg="cache warmed up"
2026-03-17 02:57:35 DEBUG module=disk msg="queue length checked"
2026-03-17 20:24:21 INFO module=auth msg="request completed"
2026-03-17 19:37:23 INFO module=fs msg="job scheduled"
2026-03-17 04:07:27 INFO module=disk msg="service started"
2026-03-17 18:06:30 DEBUG module=cache msg="queue length checked"
2026-03-17 02:14:47 INFO module=db msg="request completed"
2026-03-17 14:42:14 INFO module=disk msg="request completed"
2026-03-17 13:16:44 INFO module=net msg="job scheduled"
2026-03-17 12:42:31 WARN module=net msg="token expires soon"
2026-03-17 19:29:00 INFO module=disk msg="job scheduled"
2026-03-17 20:28:06 ERROR module=cache msg="query failed"
2026-03-17 19:22:06 DEBUG module=disk msg="heartbeat sent"
2026-03-17 07:17:36 INFO module=net msg="request completed"
2026-03-17 13:00:29 DEBUG module=db msg="heartbeat sent"
2026-03-17 19:20:54 INFO module=db msg="request completed"
2026-03-17 21:27:26 DEBUG module=auth msg="entering handler"
2026-03-17 04:40:32 INFO module=api msg="user logged in"
2026-03-17 15:09:10 INFO module=cache msg="request completed"
2026-03-17 07:52:46 INFO module=auth msg="cache warmed up"
2026-03-17 22:16:18 INFO module=sched msg="cache warmed up"
2026-03-17 13:28:08 INFO module=cache msg="request completed"
2026-03-17 17:56:10 INFO module=api msg="user logged in"
2026-03-17 12:30:20 INFO module=auth msg="service started"
2026-03-17 14:06:24 WARN module=cache msg="disk usage above 80%"
2026-03-17 01:10:37 INFO module=net msg="user logged in"
2026-03-17 04:31:15 WARN module=db msg="deprecated option used"
2026-03-17 04:36:04 ERROR module=net msg="query failed"
2026-03-17 23:01:27 INFO module=api msg="request completed"
2026-03-17 20:00:50 INFO module=cache msg="config reloaded"
2026-03-17 17:43:05 WARN module=cache msg="retrying request"
2026-03-17 17:12:28 INFO module=api msg="job scheduled"
2026-03-17 11:32:26 DEBUG module=auth msg="entering handler"
2026-03-17 13:47:10 INFO module=cache msg="config reloaded"
2026-03-17 22:40:17 INFO module=sched msg="cache warmed up"
2026-03-17 07:05:48 INFO module=api msg="cache warmed up"
2026-03-17 09:39:29 DEBUG module=db msg="entering handler"
2026-03-17 21:28:54 INFO module=api msg="user logged in"
2026-03-17 10:03:43 WARN module=net msg="token expires soon"
2026-03-17 13:02:41 INFO module=db msg="job scheduled"
2026-03-17 09:13:42 INFO module=disk msg="request completed"
2026-03-17 02:20:31 DEBUG module=disk msg="retry counter reset"
2026-03-17 19:43:16 INFO module=cache msg="request completed"
2026-03-17 16:01:01 WARN module=fs msg="deprecated option used"
2026-03-17 08:02:04 INFO module=auth msg="user logged in"
2026-03-17 22:12:48 DEBUG module=db msg="heartbeat sent"
2026-03-17 12:00:28 INFO module=cache msg="cache warmed up"
2026-03-17 18:59:26 INFO module=fs msg="service started"
2026-03-17 11:20:12 INFO module=cache msg="job scheduled"
2026-03-17 10:00:58 INFO module=auth msg="request completed"
2026-03-17 10:54:11 INFO module=cache msg="config reloaded"
2026-03-17 20:07:13 INFO module=net msg="job scheduled"
2026-03-17 14:31:26 INFO module=sched msg="job scheduled"
2026-03-17 15:49:48 WARN module=auth msg="slow response"
2026-03-17 04:26:18 DEBUG module=api msg="retry counter reset"
2026-03-17 01:21:02 INFO module=cache msg="config reloaded"
2026-03-17 22:39:41 DEBUG module=db msg="entering handler"
2026-03-17 13:07:31 DEBUG module=sched msg="retry counter reset"
2026-03-17 02:06:17 INFO module=cache msg="job scheduled"
2026-03-17 15:57:17 DEBUG module=cache msg="entering handler"
2026-03-17 01:00:33 INFO module=sched msg="job scheduled"
2026-03-17 05:33:23 DEBUG module=disk msg="heartbeat sent"
2026-03-17 11:20:40 INFO module=api msg="user logged in"
2026-03-17 17:28:32 DEBUG module=sched msg="queue length checked"
2026-03-17 10:33:58 WARN module=disk msg="slow response"
2026-03-17 03:37:07 DEBUG module=auth msg="queue length checked"
2026-03-17 16:36:25 ERROR module=net msg="connection timeout"
2026-03-17 23:47:21 WARN module=net msg="disk usage above 80%"
2026-03-17 05:48:41 DEBUG module=cache msg="buffer flushed"
2026-03-17 18:32:51 DEBUG module=db msg="buffer flushed"
2026-03-17 01:23:47 INFO module=net msg="request completed"
2026-03-17 04:40:36 INFO module=db msg="service started"
2026-03-17 00:27:39 WARN module=disk msg="slow response"
2026-03-17 19:03:41 INFO module=api msg="cache warmed up"
2026-03-17 22:40:56 DEBUG module=api msg="heartbeat sent"
2026-03-17 21:16:07 WARN module=db msg="token expires soon"
2026-03-17 10:43:01 INFO module=api msg="cache warmed up"
2026-03-17 17:06:18 INFO module=net msg="request completed"
2026-03-17 16:53:09 INFO module=db msg="job scheduled"
2026-03-17 23:55:07 ERROR module=auth msg="query failed"
2026-03-17 21:58:00 WARN module=fs msg="deprecated option used"
2026-03-17 22:04:18 INFO module=fs msg="job scheduled"
2026-03-17 17:41:53 INFO module=auth msg="user logged in"
2026-03-17 05:59:16 INFO module=disk msg="job scheduled"
2026-03-17 01:31:02 WARN module=auth msg="slow response"
2026-03-17 03:17:28 INFO module=cache msg="request completed"
2026-03-17 02:25:30 DEBUG module=cache msg="buffer flushed"
2026-03-17 23:00:04 WARN module=cache msg="retrying request"
2026-03-17 00:08:00 INFO module=db msg="config reloaded"
2026-03-17 03:13:44 INFO module=fs msg="request completed"
2026-03-17 09:32:46 INFO module=auth msg="request completed"
2026-03-17 14:40:16 DEBUG module=api msg="heartbeat sent"
2026-03-17 22:05:31 ERROR module=db msg="no space left on device"
2026-03-17 00:56:38 DEBUG module=auth msg="queue length checked"
2026-03-17 06:38:21 INFO module=disk msg="cache warmed up"
2026-03-17 20:57:28 DEBUG module=auth msg="retry counter reset"
2026-03-17 03:24:35 INFO module=fs msg="config reloaded"
2026-03-17 01:32:24 INFO module=db msg="request completed"
2026-03-17 05:18:26 WARN module=auth msg="disk usage above 80%"
2026-03-17 01:06:21 WARN module=db msg="deprecated option used"
2026-03-17 18:55:42 DEBUG module=fs msg="heartbeat sent"
2026-03-17 07:02:46 DEBUG module=disk msg="heartbeat sent"
2026-03-17 18:41:44 INFO module=net msg="config reloaded"
2026-03-17 08:53:28 WARN module=fs msg="slow response"
2026-03-17 04:56:09 INFO module=sched msg="job scheduled"
2026-03-17 16:58:33 WARN module=api msg="disk usage above 80%"
2026-03-17 00:44:31 INFO module=api msg="job scheduled"
2026-03-17 10:58:54 INFO module=sched msg="request completed"
2026-03-17 22:09:25 INFO module=auth msg="request completed"
2026-03-17 12:38:03 DEBUG module=disk msg="buffer flushed"
2026-03-17 08:03:25 INFO module=sched msg="service started"
2026-03-17 20:57:07 WARN module=db msg="retrying request"
2026-03-17 04:11:18 INFO module=net msg="request completed"
2026-03-17 10:31:01 INFO module=db msg="request completed"
2026-03-17 23:18:31 INFO module=sched msg="config reloaded"
2026-03-17 23:25:59 DEBUG module=db msg="queue length checked"
2026-03-17 09:41:24 INFO module=cache msg="service started"
2026-03-17 21:13:02 WARN module=db msg="token expires soon"
2026-03-17 23:53:13 INFO module=fs msg="config reloaded"
2026-03-17 23:11:01 INFO module=disk msg="service started"
2026-03-17 11:26:29 INFO module=sched msg="config reloaded"
2026-03-17 06:54:41 WARN module=api msg="deprecated option used"
2026-03-17 02:45:54 INFO module=fs msg="cache warmed up"
2026-03-17 08:47:56 ERROR module=net msg="invalid token"
2026-03-17 12:43:18 DEBUG module=fs msg="heartbeat sent"
2026-03-17 22:07:51 WARN module=db msg="slow response"
2026-03-17 04:04:22 ERROR module=db msg="permission denied"
2026-03-17 11:48:47 INFO module=db msg="config reloaded"
2026-03-17 00:25:40 DEBUG module=sched msg="entering handler"
2026-03-17 11:34:38 INFO module=auth msg="cache warmed up"
2026-03-17 12:15:57 INFO module=cache msg="job scheduled"
2026-03-17 13:36:22 INFO module=net msg="user logged in"
2026-03-17 06:41:24 INFO module=auth msg="request completed"
2026-03-17 13:13:57 INFO module=net msg="config reloaded"
2026-03-17 00:35:24 INFO module=api msg="user logged in"
2026-03-17 06:33:11 INFO module=auth msg="config reloaded"
2026-03-17 06:19:42 INFO module=auth msg="user logged in"
2026-03-17 09:54:10 INFO module=db msg="cache warmed up"
2026-03-17 11:39:56 INFO module=cache msg="request completed"
2026-03-17 01:21:51 INFO module=net msg="job scheduled"
2026-03-17 01:32:51 INFO module=auth msg="service started"
2026-03-17 12:29:35 INFO module=db msg="user logged in"
2026-03-17 12:01:38 INFO module=fs msg="job scheduled"
2026-03-17 05:30:42 DEBUG module=cache msg="queue length checked"
2026-03-17 09:40:20 INFO module=db msg="config reloaded"
2026-03-17 05:59:13 DEBUG module=sched msg="retry counter reset"
2026-03-17 08:23:08 INFO module=net msg="config reloaded"
2026-03-17 05:49:57 INFO module=fs msg="request completed"
2026-03-17 18:15:20 ERROR module=cache msg="connection timeout"
2026-03-17 09:07:43 INFO module=cache msg="request completed"
2026-03-17 19:57:37 INFO module=net msg="user logged in"
2026-03-17 01:57:52 INFO module=fs msg="request completed"
2026-03-17 18:43:57 INFO module=net msg="job scheduled"
2026-03-17 08:22:39 INFO module=db msg="cache warmed up"
2026-03-17 00:57:16 INFO module=api msg="cache warmed up"
2026-03-17 04:17:22 DEBUG module=sched msg="heartbeat sent"
2026-03-17 18:34:54 DEBUG module=api msg="entering handler"
2026-03-17 01:08:04 INFO module=net msg="service started"
2026-03-17 20:45:06 WARN module=cache msg="slow response"
2026-03-17 03:10:48 DEBUG module=api msg="buffer flushed"
2026-03-17 16:14:14 DEBUG module=sched msg="entering handler"
2026-03-17 15:58:59 INFO module=net msg="service started"
2026-03-17 04:19:24 ERROR module=auth msg="segment read failed"
2026-03-17 23:27:46 INFO module=sched msg="request completed"
2026-03-17 23:23:58 INFO module=auth msg="cache warmed up"
2026-03-17 17:01:21 INFO module=db msg="user logged in"
2026-03-17 18:48:26 DEBUG module=sched msg="retry counter reset"
2026-03-17 21:39:41 INFO module=db msg="user logged in"
2026-03-17 15:22:01 INFO module=db msg="job scheduled"
2026-03-17 05:49:25 INFO module=auth msg="cache warmed up"
2026-03-17 19:53:38 WARN module=cache msg="disk usage above 80%"
2026-03-17 15:14:11 INFO module=auth msg="job scheduled"
2026-03-17 22:12:13 INFO module=auth msg="job scheduled"
2026-03-17 07:55:47 DEBUG module=db msg="retry counter reset"
2026-03-17 08:12:17 DEBUG module=net msg="retry counter reset"
2026-03-17 17:45:25 INFO module=auth msg="service started"
2026-03-17 07:48:13 INFO module=disk msg="service started"
2026-03-17 11:38:37 WARN module=fs msg="disk usage above 80%"
2026-03-17 10:47:44 DEBUG module=fs msg="retry counter reset"
2026-03-17 07:22:21 DEBUG module=db msg="buffer flushed"
2026-03-17 05:25:46 INFO module=db msg="cache warmed up"
2026-03-17 14:00:30 WARN module=cache msg="slow response"
2026-03-17 05:50:40 INFO module=auth msg="request completed"
2026-03-17 15:07:11 INFO module=db msg="service started"
2026-03-17 21:47:05 INFO module=auth msg="request completed"
2026-03-17 02:12:55 WARN module=cache msg="slow response"
2026-03-17 10:15:55 ERROR module=net msg="no space left on device"
2026-03-17 22:49:40 INFO module=fs msg="config reloaded"
2026-03-17 20:04:57 INFO module=disk msg="user logged in"
2026-03-17 11:59:37 DEBUG module=api msg="buffer flushed"
2026-03-17 12:47:49 INFO module=fs msg="config reloaded"
2026-03-17 10:59:30 ERROR module=net msg="no space left on device"
2026-03-17 21:47:07 ERROR module=db msg="permission denied"
2026-03-17 09:48:07 INFO module=net msg="request completed"
2026-03-17 01:36:23 DEBUG module=cache msg="heartbeat sent"
2026-03-17 12:40:41 INFO module=sched msg="user logged in"
2026-03-17 22:09:36 INFO module=net msg="service started"
2026-03-17 14:09:24 INFO module=api msg="cache warmed up"
2026-03-17 01:24:54 WARN module=net msg="deprecated option used"
2026-03-17 11:50:35 DEBUG module=net msg="heartbeat sent"
2026-03-17 05:58:20 INFO module=db msg="job scheduled"
2026-03-17 11:32:29 WARN module=fs msg="slow response"
2026-03-17 20:39:19 INFO module=api msg="request completed"
2026-03-17 19:11:08 WARN module=disk msg="retrying request"
2026-03-17 05:18:01 WARN module=disk msg="deprecated option used"
2026-03-17 06:58:53 DEBUG module=cache msg="heartbeat sent"
2026-03-17 09:50:55 WARN module=db msg="token expires soon"
2026-03-17 07:17:37 WARN module=sched msg="slow response"
2026-03-17 16:04:42 DEBUG module=db msg="heartbeat sent"
2026-03-17 05:43:05 INFO module=db msg="cache warmed up"
2026-03-17 08:44:31 INFO module=db msg="cache warmed up"
2026-03-17 05:49:54 INFO module=db msg="job scheduled"
2026-03-17 06:45:21 INFO module=auth msg="user logged in"
2026-03-17 05:25:29 WARN module=fs msg="disk usage above 80%"
2026-03-17 14:24:19 INFO module=net msg="service started"
2026-03-17 14:18:04 ERROR module=disk msg="permission denied"
2026-03-17 20:58:23 INFO module=auth msg="service started"
2026-03-17 13:31:21 WARN module=disk msg="token expires soon"
2026-03-17 11:02:44 INFO module=cache msg="config reloaded"
2026-03-17 23:57:17 WARN module=sched msg="retrying request"
2026-03-17 18:40:30 INFO module=fs msg="config reloaded"
2026-03-17 02:02:59 INFO module=disk msg="cache warmed up"
2026-03-17 11:21:10 INFO module=db msg="user logged in"
2026-03-17 21:49:07 DEBUG module=auth msg="buffer flushed"
2026-03-17 12:14:50 WARN module=net msg="deprecated option used"
2026-03-17 12:27:02 WARN module=api msg="token expires soon"
2026-03-17 03:50:01 INFO module=net msg="job scheduled"
2026-03-17 04:51:49 DEBUG module=cache msg="buffer flushed"
2026-03-17 14:26:13 INFO module=api msg="config reloaded"
2026-03-17 01:18:43 INFO module=db msg="cache warmed up"
2026-03-17 03:05:24 WARN module=net msg="retrying request"
2026-03-17 22:09:07 WARN module=auth msg="disk usage above 80%"
2026-03-17 12:12:35 INFO module=api msg="job scheduled"
2026-03-17 19:17:55 DEBUG module=sched msg="heartbeat sent"
2026-03-17 02:44:00 INFO module=api msg="config reloaded"
2026-03-17 16:28:49 INFO module=db msg="user logged in"
2026-03-17 14:14:12 INFO module=fs msg="user logged in"
2026-03-17 10:53:26 INFO module=api msg="user logged in"
2026-03-17 00:32:39 INFO module=net msg="job scheduled"
2026-03-17 14:42:05 ERROR module=disk msg="segment read failed"
2026-03-17 12:48:26 INFO module=cache msg="user logged in"
2026-03-17 13:42:16 ERROR module=cache msg="permission denied"
2026-03-17 02:38:41 INFO module=fs msg="cache warmed up"
2026-03-17 17:56:34 INFO module=api msg="user logged in"
2026-03-17 05:28:12 ERROR module=db msg="connection refused"
2026-03-17 08:49:23 INFO module=fs msg="job scheduled"
2026-03-17 23:02:47 INFO module=net msg="service started"
2026-03-17 06:22:39 INFO module=db msg="cache warmed up"
2026-03-17 14:45:54 INFO module=net msg="request completed"
2026-03-17 14:11:03 DEBUG module=auth msg="queue length checked"
2026-03-17 18:29:15 INFO module=sched msg="request completed"
2026-03-17 08:31:49 INFO module=cache msg="config reloaded"
2026-03-17 11:57:43 DEBUG module=sched msg="buffer flushed"
2026-03-17 16:11:31 INFO module=disk msg="service started"
2026-03-17 08:10:57 WARN module=auth msg="disk usage above 80%"
2026-03-17 04:44:05 DEBUG module=db msg="heartbeat sent"
2026-03-17 16:31:19 INFO module=cache msg="user logged in"
2026-03-17 15:20:09 WARN module=disk msg="token expires soon"
2026-03-17 08:14:39 INFO module=disk msg="job scheduled"
2026-03-17 13:48:59 INFO module=db msg="cache warmed up"
2026-03-17 10:33:53 DEBUG module=api msg="heartbeat sent"
2026-03-17 02:16:01 INFO module=api msg="user logged in"
2026-03-17 04:20:48 WARN module=cache msg="deprecated option used"
2026-03-17 10:50:59 INFO module=disk msg="job scheduled"
2026-03-17 03:28:35 INFO module=fs msg="cache warmed up"
2026-03-17 03:53:48 INFO module=sched msg="cache warmed up"
2026-03-17 20:58:35 INFO module=auth msg="job scheduled"
2026-03-17 13:33:55 DEBUG module=db msg="heartbeat sent"
2026-03-17 18:35:08 INFO module=sched msg="service started"
2026-03-17 16:12:28 WARN module=db msg="disk usage above 80%"
2026-03-17 20:11:05 INFO module=fs msg="config reloaded"
2026-03-17 17:37:41 INFO module=net msg="service started"
2026-03-17 21:27:51 INFO module=cache msg="cache warmed up"
2026-03-17 01:54:28 DEBUG module=disk msg="entering handler"
2026-03-17 18:13:08 INFO module=auth msg="user logged in"
2026-03-17 22:07:21 DEBUG module=db msg="entering handler"
2026-03-17 09:21:20 INFO module=cache msg="cache warmed up"
2026-03-17 09:53:45 WARN module=auth msg="disk usage above 80%"
2026-03-17 18:13:16 INFO module=api msg="request completed"
2026-03-17 11:05:39 DEBUG module=sched msg="heartbeat sent"
2026-03-17 11:58:36 WARN module=cache msg="retrying request"
2026-03-17 09:58:36 DEBUG module=sched msg="queue length checked"
2026-03-17 12:14:19 DEBUG module=sched msg="buffer flushed"
2026-03-17 18:18:18 INFO module=disk msg="request completed"
2026-03-17 14:55:26 INFO module=net msg="config reloaded"
2026-03-17 17:43:44 DEBUG module=net msg="retry counter reset"
2026-03-17 17:12:04 WARN module=db msg="disk usage above 80%"
2026-03-17 12:21:14 DEBUG module=cache msg="entering handler"
2026-03-17 22:47:53 WARN module=db msg="disk usage above 80%"
2026-03-17 16:44:57 WARN module=sched msg="token expires soon"
2026-03-17 21:12:30 INFO module=disk msg="job scheduled"
2026-03-17 16:05:08 DEBUG module=cache msg="retry counter reset"
2026-03-17 12:41:53 WARN module=net msg="deprecated option used"
2026-03-17 14:22:15 INFO module=db msg="cache warmed up"
2026-03-17 21:51:55 INFO module=cache msg="config reloaded"
2026-03-17 14:40:13 WARN module=net msg="slow response"
2026-03-17 10:08:25 INFO module=sched msg="request completed"
2026-03-17 23:46:45 DEBUG module=db msg="entering handler"
2026-03-17 21:06:29 INFO module=db msg="job scheduled"
2026-03-17 23:36:22 WARN module=sched msg="slow response"
2026-03-17 00:38:23 WARN module=auth msg="token expires soon"
2026-03-17 14:50:07 WARN module=fs msg="deprecated option used"
2026-03-17 10:23:16 DEBUG module=auth msg="queue length checked"
2026-03-17 20:03:11 DEBUG module=sched msg="heartbeat sent"
2026-03-17 18:01:18 INFO module=auth msg="request completed"
2026-03-17 01:02:15 DEBUG module=cache msg="heartbeat sent"
2026-03-17 04:07:12 INFO module=net msg="cache warmed up"
2026-03-17 15:33:19 WARN module=net msg="deprecated option used"
2026-03-17 21:30:30 INFO module=auth msg="config reloaded"
2026-03-17 00:10:25 INFO module=db msg="service started"
2026-03-17 18:56:12 DEBUG module=api msg="heartbeat sent"
2026-03-17 01:55:14 INFO module=net msg="cache warmed up"
2026-03-17 20:38:33 INFO module=api msg="service started"
2026-03-17 01:13:06 INFO module=auth msg="request completed"
2026-03-17 13:46:10 INFO module=disk msg="cache warmed up"
2026-03-17 07:13:18 INFO module=disk msg="user logged in"
2026-03-17 11:27:21 INFO module=disk msg="service started"
2026-03-17 05:49:05 WARN module=disk msg="slow response"
2026-03-17 17:05:09 DEBUG module=fs msg="retry counter reset"
2026-03-17 04:26:54 DEBUG module=db msg="retry counter reset"
2026-03-17 03:14:18 INFO module=db msg="job scheduled"
2026-03-17 06:18:48 DEBUG module=auth msg="retry counter reset"
2026-03-17 00:55:47 INFO module=sched msg="user logged in"
2026-03-17 01:56:43 WARN module=sched msg="slow response"
2026-03-17 21:01:16 INFO module=disk msg="cache warmed up"
2026-03-17 13:44:21 INFO module=sched msg="service started"
2026-03-17 21:38:05 INFO module=sched msg="config reloaded"
2026-03-17 12:49:13 WARN module=disk msg="deprecated option used"
2026-03-17 09:34:40 INFO module=disk msg="config reloaded"
2026-03-17 19:59:58 WARN module=api msg="deprecated option used"
2026-03-17 15:19:27 INFO module=cache msg="request completed"
2026-03-17 02:00:08 ERROR module=sched msg="connection refused"
2026-03-17 22:11:22 WARN module=net msg="deprecated option used"
2026-03-17 10:45:19 WARN module=disk msg="token expires soon"
2026-03-17 13:38:44 DEBUG module=cache msg="heartbeat sent"
2026-03-17 02:34:43 INFO module=api msg="request completed"
2026-03-17 02:23:05 INFO module=auth msg="user logged in"
2026-03-17 11:11:57 DEBUG module=net msg="heartbeat sent"
2026-03-17 19:20:10 ERROR module=sched msg="invalid token"
2026-03-17 03:49:15 DEBUG module=fs msg="entering handler"
2026-03-17 20:47:54 INFO module=auth msg="config reloaded"
2026-03-17 02:29:46 INFO module=fs msg="job scheduled"
2026-03-17 15:17:45 DEBUG module=sched msg="queue length checked"
2026-03-17 08:42:34 INFO module=disk msg="cache warmed up"
2026-03-17 06:55:32 DEBUG module=fs msg="heartbeat sent"
2026-03-17 03:23:09 INFO module=sched msg="user logged in"
2026-03-17 03:02:56 INFO module=disk msg="cache warmed up"
2026-03-17 03:14:03 INFO module=api msg="user logged in"
2026-03-17 15:05:08 INFO module=net msg="user logged in"
2026-03-17 23:07:31 WARN module=auth msg="token expires soon"
2026-03-17 07:27:45 INFO module=net msg="service started"
2026-03-17 21:57:58 INFO module=disk msg="job scheduled"
2026-03-17 10:53:46 INFO module=sched msg="user logged in"
2026-03-17 14:05:05 INFO module=db msg="config reloaded"
2026-03-17 11:57:05 INFO module=db msg="cache warmed up"
2026-03-17 06:10:47 WARN module=net msg="deprecated option used"
2026-03-17 06:07:15 INFO module=auth msg="service started"
2026-03-17 09:28:11 DEBUG module=cache msg="retry counter reset"
2026-03-17 19:36:01 DEBUG module=sched msg="queue length checked"
2026-03-17 10:42:17 ERROR module=net msg="segment read failed"
2026-03-17 09:35:59 INFO module=api msg="user logged in"
2026-03-17 15:47:22 DEBUG module=disk msg="heartbeat sent"
2026-03-17 17:13:39 INFO module=cache msg="job scheduled"
2026-03-17 16:05:22 INFO module=db msg="cache warmed up"
2026-03-17 22:17:30 INFO module=sched msg="config reloaded"
2026-03-17 18:12:23 DEBUG module=api msg="queue length checked"
2026-03-17 03:51:08 WARN module=db msg="retrying request"
2026-03-17 09:57:58 WARN module=cache msg="retrying request"
2026-03-17 18:07:17 INFO module=sched msg="request completed"
2026-03-17 04:04:16 WARN module=disk msg="slow response"
2026-03-17 00:54:04 DEBUG module=cache msg="queue length checked"
2026-03-17 03:03:48 WARN module=net msg="token expires soon"
2026-03-17 16:36:06 WARN module=net msg="retrying request"
2026-03-17 07:48:01 INFO module=auth msg="user logged in"
2026-03-17 17:33:28 WARN module=db msg="slow response"
2026-03-17 23:28:17 DEBUG module=api msg="queue length checked"
2026-03-17 01:27:49 WARN module=auth msg="token expires soon"
2026-03-17 22:14:50 INFO module=db msg="config reloaded"
2026-03-17 00:25:29 WARN module=net msg="token expires soon"
2026-03-17 18:12:10 INFO module=db msg="cache warmed up"
2026-03-17 21:40:05 DEBUG module=api msg="heartbeat sent"
2026-03-17 10:48:19 INFO module=auth msg="job scheduled"
2026-03-17 00:22:56 DEBUG module=auth msg="heartbeat sent"
2026-03-17 04:42:13 INFO module=api msg="cache warmed up"
2026-03-17 05:38:15 WARN module=disk msg="slow response"
2026-03-17 09:39:40 INFO module=sched msg="job scheduled"
2026-03-17 15:46:38 INFO module=net msg="cache warmed up"
2026-03-17 08:23:03 INFO module=fs msg="request completed"
2026-03-17 13:59:30 INFO module=fs msg="job scheduled"
2026-03-17 17:07:53 INFO module=db msg="user logged in"
2026-03-17 22:34:46 INFO module=fs msg="cache warmed up"
2026-03-17 11:06:25 INFO module=api msg="config reloaded"
2026-03-17 09:24:16 INFO module=db msg="user logged in"
2026-03-17 15:32:28 DEBUG module=auth msg="retry counter reset"
2026-03-17 20:23:09 INFO module=sched msg="job scheduled"
2026-03-17 05:48:34 DEBUG module=cache msg="retry counter reset"
2026-03-17 03:29:30 INFO module=fs msg="service started"
2026-03-17 12:38:08 INFO module=auth msg="job scheduled"
2026-03-17 14:58:40 DEBUG module=db msg="queue length checked"
2026-03-17 05:52:27 INFO module=fs msg="job scheduled"
2026-03-17 05:56:03 INFO module=db msg="user logged in"
2026-03-17 15:17:01 WARN module=auth msg="retrying request"
2026-03-17 07:20:36 INFO module=auth msg="service started"
2026-03-17 16:04:48 INFO module=disk msg="job scheduled"
2026-03-17 10:23:22 DEBUG module=sched msg="queue length checked"
2026-03-17 17:14:36 INFO module=db msg="request completed"
2026-03-17 00:26:07 DEBUG module=sched msg="entering handler"
2026-03-17 18:12:41 DEBUG module=cache msg="heartbeat sent"
2026-03-17 06:32:27 INFO module=net msg="cache warmed up"
