2026-03-19 23:39:32 INFO module=disk msg="job scheduled"
2026-03-19 05:52:42 DEBUG module=api msg="entering handler"
2026-03-19 12:15:51 DEBUG module=auth msg="heartbeat sent"
2026-03-19 15:34:20 ERROR module=db msg="query failed"
2026-03-19 17:01:12 DEBUG module=net msg="entering handler"
2026-03-19 01:48:58 INFO module=cache msg="config reloaded"
2026-03-19 07:20:02 ERROR module=db msg="query failed"
2026-03-19 23:05:12 WARN module=cache msg="disk usage above 80%"
2026-03-19 09:47:27 INFO module=api msg="request completed"
2026-03-19 13:06:32 ERROR module=net msg="query failed"
2026-03-19 11:43:25 DEBUG module=net msg="buffer flushed"
2026-03-19 01:02:41 INFO module=net msg="service started"
2026-03-19 18:37:16 WARN module=db msg="retrying request"
2026-03-19 14:37:48 WARN module=net msg="disk usage above 80%"
2026-03-19 20:59:23 INFO module=db msg="user logged in"
2026-03-19 14:10:56 INFO module=auth msg="request completed"
2026-03-19 20:31:14 ERROR module=auth msg="connection refused"
2026-03-19 12:40:40 WARN module=disk msg="disk usage above 80%"
2026-03-19 17:53:26 INFO module=net msg="service started"
2026-03-19 17:35:44 WARN module=disk msg="token expires soon"
2026-03-19 10:33:14 INFO module=api msg="cache warmed up"
2026-03-19 15:28:27 WARN module=api msg="disk usage above 80%"
2026-03-19 00:15:54 ERROR module=db msg="invalid token"
2026-03-19 20:21:00 WARN module=disk msg="disk usage above 80%"
2026-03-19 17:16:30 INFO module=sched msg="service started"
2026-03-19 08:34:38 INFO module=net msg="cache warmed up"
2026-03-19 13:45:01 WARN module=net msg="retrying request"
2026-03-19 05:44:15 DEBUG module=fs msg="heartbeat sent"
2026-03-19 06:59:10 INFO module=auth msg="config reloaded"
2026-03-19 18:06:43 INFO module=disk msg="job scheduled"
2026-03-19 01:05:48 DEBUG module=cache msg="heartbeat sent"
2026-03-19 16:50:27 ERROR module=db msg="query failed"
2026-03-19 12:10:06 WARN module=api msg="retrying request"
2026-03-19 05:40:48 INFO module=api msg="request completed"
2026-03-19 04:22:39 WARN module=fs msg="slow response"
2026-03-19 12:30:52 INFO module=net msg="config reloaded"
2026-03-19 10:40:35 INFO module=cache msg="cache warmed up"
2026-03-19 22:28:31 INFO module=cache msg="request completed"
2026-03-19 22:06:46 INFO module=auth msg="config reloaded"
2026-03-19 13:09:37 INFO module=net msg="cache warmed up"
2026-03-19 16:49:04 WARN module=fs msg="deprecated option used"
2026-03-19 08:59:01 DEBUG module=auth msg="retry counter reset"
2026-03-19 14:22:35 WARN module=net msg="token expires soon"
2026-03-19 11:50:39 DEBUG module=disk msg="heartbeat sent"
2026-03-19 21:21:08 INFO module=net msg="job scheduled"
2026-03-19 01:31:02 WARN module=fs msg="deprecated option used"
2026-03-19 07:29:31 INFO module=sched msg="config reloaded"
2026-03-19 13:20:19 INFO module=api msg="service started"
2026-03-19 12:13:34 INFO module=fs msg="job scheduled"
2026-03-19 15:24:06 INFO module=disk msg="user logged in"
2026-03-19 18:21:23 DEBUG module=api msg="entering handler"
2026-03-19 21:42:51 INFO module=cache msg="cache warmed up"
2026-03-19 00:41:53 WARN module=cache msg="token expires soon"
2026-03-19 04:49:50 INFO module=disk msg="cache warmed up"
2026-03-19 14:28:12 INFO module=auth msg="config reloaded"
2026-03-19 18:24:56 WARN module=disk msg="disk usage above 80%"
2026-03-19 14:26:58 INFO module=cache msg="request completed"
2026-03-19 11:53:43 WARN module=cache msg="deprecated option used"
2026-03-19 02:48:50 DEBUG module=auth msg="buffer flushed"
2026-03-19 01:15:56 WARN module=net msg="slow response"
2026-03-19 23:37:44 INFO module=cache msg="config reloaded"
2026-03-19 20:05:50 INFO module=auth msg="cache warmed up"
2026-03-19 04:35:01 WARN module=disk msg="token expires soon"
2026-03-19 19:01:29 INFO module=disk msg="config reloaded"
2026-03-19 14:59:46 ERROR module=auth msg="no space left on device"
2026-03-19 16:49:56 INFO module=cache msg="config reloaded"
2026-03-19 07:55:23 INFO module=api msg="config reloaded"
2026-03-19 07:36:38 INFO module=net msg="request completed"
2026-03-19 23:29:28 INFO module=fs msg="cache warmed up"
2026-03-19 08:21:20 WARN module=api msg="disk usage above 80%"
2026-03-19 12:12:42 INFO module=disk msg="request completed"
2026-03-19 08:21:39 INFO module=cache msg="user logged in"
2026-03-19 09:28:24 INFO module=net msg="service started"
2026-03-19 00:16:08 DEBUG module=net msg="entering handler"
2026-03-19 22:26:15 INFO module=cache msg="cache warmed up"
2026-03-19 03:19:45 INFO module=api msg="user logged in"
2026-03-19 10:19:49 DEBUG module=sched msg="buffer flushed"
2026-03-19 16:10:09 INFO module=fs msg="cache warmed up"
2026-03-19 16:08:48 INFO module=net msg="request completed"
2026-03-19 06:22:22 INFO module=net msg="cache warmed up"
2026-03-19 17:05:57 INFO module=api msg="request completed"
2026-03-19 10:09:48 INFO module=cache msg="request completed"
2026-03-19 16:09:14 INFO module=auth msg="request completed"
2026-03-19 05:55:17 ERROR module=disk msg="connection timeout"
2026-03-19 14:33:01 INFO module=auth msg="service started"
2026-03-19 02:08:38 DEBUG module=cache msg="retry counter reset"
2026-03-19 03:24:06 WARN module=net msg="disk usage above 80%"
2026-03-19 06:16:53 INFO module=db msg="request completed"
2026-03-19 02:37:58 INFO module=db msg="user logged in"
2026-03-19 21:58:26 INFO module=net msg="user logged in"
2026-03-19 07:14:40 DEBUG module=sched msg="queue length checked"
2026-03-19 19:46:03 INFO module=auth msg="job scheduled"
2026-03-19 23:08:17 WARN module=db msg="token expires soon"
2026-03-19 18:29:14 INFO module=cache msg="user logged in"
2026-03-19 09:49:46 WARN module=net msg="slow response"
2026-03-19 10:49:31 INFO module=api msg="request completed"
2026-03-19 04:09:35 WARN module=net msg="deprecated option used"
2026-03-19 22:09:08 ERROR module=disk msg="connection refused"
2026-03-19 00:45:28 DEBUG module=disk msg="buffer flushed"
2026-03-19 18:58:51 INFO module=net msg="request completed"
2026-03-19 17:58:18 INFO module=db msg="job scheduled"
2026-03-19 03:08:11 INFO module=sched msg="user logged in"
2026-03-19 08:51:02 WARN module=fs msg="slow response"
2026-03-19 03:27:42 INFO module=cache msg="user logged in"
2026-03-19 08:29:55 WARN module=net msg="slow response"
2026-03-19 23:28:42 INFO module=sched msg="job scheduled"
2026-03-19 15:44:58 INFO module=net msg="config reloaded"
2026-03-19 08:29:07 INFO module=disk msg="cache warmed up"
2026-03-19 21:25:30 INFO module=disk msg="service started"
2026-03-19 02:04:26 INFO module=auth msg="request completed"
2026-03-19 14:46:21 INFO module=net msg="cache warmed up"
2026-03-19 15:13:44 DEBUG module=fs msg="entering handler"
2026-03-19 11:02:00 DEBUG module=db msg="queue length checked"
2026-03-19 10:10:39 INFO module=sched msg="user logged in"
2026-03-19 10:37:58 ERROR module=db msg="connection refused"
2026-03-19 11:24:38 INFO module=sched msg="job scheduled"
2026-03-19 03:44:46 INFO module=cache msg="cache warmed up"
2026-03-19 22:27:16 WARN module=api msg="retrying request"
2026-03-19 09:24:55 WARN module=disk msg="disk usage above 80%"
2026-03-19 20:02:49 DEBUG module=auth msg="heartbeat sent"
2026-03-19 18:01:26 ERROR module=disk msg="permission denied"
2026-03-19 22:53:04 DEBUG module=net msg="queue length checked"
2026-03-19 06:48:54 INFO module=cache msg="service started"
2026-03-19 03:18:44 INFO module=net msg="cache warmed up"
2026-03-19 09:11:28 INFO module=sched msg="job scheduled"
2026-03-19 09:47:57 INFO module=fs msg="request completed"
2026-03-19 19:00:12 WARN module=disk msg="disk usage above 80%"
2026-03-19 18:21:08 ERROR module=disk msg="segment read failed"
2026-03-19 23:45:33 DEBUG module=cache msg="entering handler"
2026-03-19 05:23:32 WARN module=api msg="token expires soon"
2026-03-19 08:59:39 DEBUG module=db msg="queue length checked"
2026-03-19 02:42:54 INFO module=auth msg="service started"
2026-03-19 18:53:31 DEBUG module=sched msg="retry counter reset"
2026-03-19 05:03:19 INFO module=api msg="job scheduled"
2026-03-19 11:57:18 ERROR module=net msg="segment read failed"
2026-03-19 13:54:06 ERROR module=db msg="no space left on device"
2026-03-19 20:53:41 DEBUG module=db msg="entering handler"
2026-03-19 21:20:44 INFO module=db msg="config reloaded"
2026-03-19 00:15:24 DEBUG module=auth msg="queue length checked"
2026-03-19 14:53:06 INFO module=api msg="user logged in"
2026-03-19 08:17:12 INFO module=db msg="config reloaded"
2026-03-19 15:42:38 DEBUG module=sched msg="entering handler"
2026-03-19 20:20:18 DEBUG module=disk msg="retry counter reset"
2026-03-19 23:48:24 WARN module=cache msg="deprecated option used"
2026-03-19 07:42:30 INFO module=api msg="job scheduled"
2026-03-19 01:41:19 INFO module=api msg="service started"
2026-03-19 13:00:42 WARN module=disk msg="token expires soon"
2026-03-19 14:15:45 WARN module=cache msg="slow response"
2026-03-19 20:08:23 DEBUG module=db msg="entering handler"
2026-03-19 18:03:41 DEBUG module=auth msg="retry counter reset"
2026-03-19 06:41:26 INFO module=db msg="config reloaded"
2026-03-19 01:40:52 DEBUG module=api msg="queue length checked"
2026-03-19 05:36:19 INFO module=db msg="request completed"
2026-03-19 03:56:55 INFO module=db msg="config reloaded"
2026-03-19 19:57:32 INFO module=disk msg="config reloaded"
2026-03-19 00:00:20 INFO module=auth msg="config reloaded"
2026-03-19 19:38:35 INFO module=db msg="job scheduled"
2026-03-19 04:49:06 INFO module=net msg="user logged in"
2026-03-19 05:12:46 INFO module=net msg="config reloaded"
2026-03-19 20:00:45 WARN module=net msg="retrying request"
2026-03-19 10:20:03 WARN module=net msg="token expires soon"
2026-03-19 11:58:07 WARN module=cache msg="slow response"
2026-03-19 18:57:43 INFO module=api msg="cache warmed up"
2026-03-19 03:50:21 INFO module=net msg="service started"
2026-03-19 21:29:41 WARN module=net msg="deprecated option used"
2026-03-19 07:35:01 INFO module=fs msg="request completed"
2026-03-19 23:38:47 INFO module=api msg="config reloaded"
2026-03-19 17:29:18 DEBUG module=cache msg="queue length checked"
2026-03-19 09:19:08 INFO module=api msg="job scheduled"
2026-03-19 12:48:58 INFO module=cache msg="job scheduled"
2026-03-19 08:14:11 WARN module=sched msg="disk usage above 80%"
2026-03-19 14:06:45 INFO module=net msg="job scheduled"
2026-03-19 00:37:08 ERROR module=db msg="segment read failed"
2026-03-19 06:53:19 INFO module=disk msg="request completed"
2026-03-19 02:16:20 INFO module=net msg="cache warmed up"
2026-03-19 12:01:25 INFO module=fs msg="config reloaded"
2026-03-19 03:09:21 DEBUG module=cache msg="heartbeat sent"
2026-03-19 01:03:28 DEBUG module=sched msg="heartbeat sent"
2026-03-19 21:06:41 INFO module=cache msg="service started"
2026-03-19 22:11:56 ERROR module=db msg="query failed"
2026-03-19 04:14:43 INFO module=api msg="request completed"
2026-03-19 02:51:06 INFO module=net msg="job scheduled"
2026-03-19 02:11:04 DEBUG module=db msg="queue length checked"
2026-03-19 05:55:55 INFO module=disk msg="config reloaded"
2026-03-19 01:28:21 INFO module=fs msg="job scheduled"
2026-03-19 00:22:26 DEBUG module=fs msg="buffer flushed"
2026-03-19 12:42:40 INFO module=net msg="service started"
2026-03-19 12:52:09 WARN module=cache msg="deprecated option used"
2026-03-19 06:57:49 ERROR module=auth msg="permission denied"
2026-03-19 08:58:55 INFO module=db msg="service started"
2026-03-19 19:53:26 INFO module=sched msg="job scheduled"
2026-03-19 23:45:58 DEBUG module=disk msg="queue length checked"
2026-03-19 10:49:28 ERROR module=db msg="query failed"
2026-03-19 03:09:55 INFO module=sched msg="cache warmed up"
2026-03-19 07:57:12 WARN module=api msg="deprecated option used"
2026-03-19 14:41:35 DEBUG module=auth msg="buffer flushed"
2026-03-19 17:19:24 INFO module=net msg="config reloaded"
2026-03-19 20:24:31 INFO module=net msg="user logged in"
2026-03-19 14:02:50 ERROR module=disk msg="invalid token"
2026-03-19 03:15:22 DEBUG module=cache msg="retry counter reset"
2026-03-19 19:28:02 ERROR module=auth msg="no space left on device"
2026-03-19 22:20:48 WARN module=auth msg="retrying request"
2026-03-19 09:25:38 INFO module=net msg="user logged in"
2026-03-19 02:40:36 INFO module=cache msg="cache warmed up"
2026-03-19 10:36:11 DEBUG module=cache msg="queue length checked"
2026-03-19 18:44:18 WARN module=api msg="retrying request"
2026-03-19 11:17:48 WARN module=net msg="deprecated option used"
2026-03-19 07:36:32 DEBUG module=auth msg="entering handler"
2026-03-19 06:56:50 DEBUG module=cache msg="entering handler"
2026-03-19 20:03:06 DEBUG module=disk msg="buffer flushed"
2026-03-19 22:18:39 INFO module=sched msg="config reloaded"
2026-03-19 23:16:12 DEBUG module=db msg="heartbeat sent"
2026-03-19 02:02:47 WARN module=disk msg="deprecated option used"
2026-03-19 06:46:46 INFO module=net msg="job scheduled"
2026-03-19 08:17:09 WARN module=disk msg="slow response"
2026-03-19 13:56:22 DEBUG module=auth msg="entering handler"
2026-03-19 00:13:47 DEBUG module=api msg="entering handler"
2026-03-19 02:23:29 INFO module=db msg="cache warmed up"
2026-03-19 23:08:21 DEBUG module=sched msg="retry counter reset"
2026-03-19 06:50:22 INFO module=api msg="job scheduled"
2026-03-19 09:38:03 DEBUG module=fs msg="retry counter reset"
2026-03-19 16:54:34 INFO module=cache msg="config reloaded"
2026-03-19 22:39:56 INFO module=cache msg="user logged in"
2026-03-19 12:28:50 DEBUG module=disk msg="heartbeat sent"
2026-03-19 23:56:13 INFO module=fs msg="user logged in"
2026-03-19 04:12:15 INFO module=api msg="user logged in"
2026-03-19 11:39:14 DEBUG module=auth msg="queue length checked"
2026-03-19 01:32:21 INFO module=auth msg="cache warmed up"
2026-03-19 01:00:07 INFO module=disk msg="config reloaded"
2026-03-19 15:46:31 INFO module=net msg="job scheduled"
2026-03-19 23:29:49 INFO module=fs msg="cache warmed up"
2026-03-19 15:58:42 DEBUG module=cache msg="retry counter reset"
2026-03-19 09:59:34 WARN module=sched msg="deprecated option used"
2026-03-19 17:20:47 ERROR module=db msg="query failed"
2026-03-19 00:46:15 INFO module=cache msg="service started"
2026-03-19 14:47:54 ERROR module=cache msg="connection timeout"
2026-03-19 18:21:52 INFO module=sched msg="config reloaded"
2026-03-19 02:12:00 INFO module=fs msg="service started"
2026-03-19 16:48:48 INFO module=auth msg="service started"
2026-03-19 11:50:57 WARN module=net msg="token expires soon"
2026-03-19 15:40:00 INFO module=db msg="cache warmed up"
2026-03-19 11:59:50 INFO module=cache msg="user logged in"
2026-03-19 22:08:52 DEBUG module=db msg="entering handler"
2026-03-19 00:25:08 INFO module=fs msg="cache warmed up"
2026-03-19 17:32:58 WARN module=auth msg="slow response"
2026-03-19 23:30:46 DEBUG module=auth msg="retry counter reset"
2026-03-19 02:26:40 INFO module=api msg="job scheduled"
2026-03-19 03:15:19 INFO module=fs msg="job scheduled"
2026-03-19 21:16:51 ERROR module=api msg="permission denied"
2026-03-19 22:17:20 DEBUG module=cache msg="retry counter reset"
2026-03-19 19:45:00 DEBUG module=fs msg="buffer flushed"
2026-03-19 11:15:16 WARN module=db msg="slow response"
2026-03-19 10:15:23 INFO module=api msg="cache warmed up"
2026-03-19 19:25:54 INFO module=sched msg="cache warmed up"
2026-03-19 14:13:08 INFO module=sched msg="request completed"
2026-03-19 09:12:19 INFO module=net msg="service started"
2026-03-19 14:55:26 INFO module=fs msg="job scheduled"
2026-03-19 09:13:00 ERROR module=cache msg="segment read failed"
2026-03-19 18:10:46 INFO module=cache msg="service started"
2026-03-19 07:55:45 WARN module=auth msg="disk usage above 80%"
2026-03-19 07:40:18 INFO module=auth msg="user logged in"
2026-03-19 15:11:25 INFO module=net msg="service started"
2026-03-19 19:00:09 INFO module=cache msg="service started"
2026-03-19 19:15:13 ERROR module=db msg="connection refused"
2026-03-19 14:56:36 INFO module=net msg="cache warmed up"
2026-03-19 02:44:03 INFO module=net msg="config reloaded"
2026-03-19 16:39:53 INFO module=api msg="user logged in"
2026-03-19 23:02:16 DEBUG module=net msg="retry counter reset"
2026-03-19 19:42:07 INFO module=net msg="user logged in"
2026-03-19 09:11:31 WARN module=net msg="token expires soon"
2026-03-19 03:52:17 DEBUG module=db msg="retry counter reset"
2026-03-19 14:28:41 INFO module=sched msg="service started"
2026-03-19 22:24:06 INFO module=cache msg="config reloaded"
2026-03-19 07:59:11 INFO module=fs msg="user logged in"
2026-03-19 14:52:23 INFO module=fs msg="cache warmed up"
2026-03-19 23:38:26 INFO module=disk msg="request completed"
2026-03-19 22:05:16 INFO module=disk msg="request completed"
2026-03-19 00:42:17 INFO module=api msg="config reloaded"
2026-03-19 20:18:03 INFO module=api msg="job scheduled"
2026-03-19 05:16:59 DEBUG module=fs msg="buffer flushed"
2026-03-19 23:29:44 INFO module=net msg="config reloaded"
2026-03-19 21:33:11 INFO module=net msg="request completed"
2026-03-19 02:50:15 INFO module=disk msg="job scheduled"
2026-03-19 17:35:02 INFO module=disk msg="cache warmed up"
2026-03-19 12:21:36 DEBUG module=api msg="buffer flushed"
2026-03-19 20:13:09 DEBUG module=sched msg="entering handler"
2026-03-19 11:33:06 ERROR module=disk msg="query failed"
2026-03-19 13:34:05 DEBUG module=cache msg="buffer flushed"
2026-03-19 09:04:12 DEBUG module=disk msg="retry counter reset"
2026-03-19 18:39:30 DEBUG module=db msg="heartbeat sent"
2026-03-19 03:11:48 ERROR module=api msg="connection refused"
2026-03-19 17:44:12 ERROR module=net msg="segment read failed"
2026-03-19 02:18:04 WARN module=api msg="slow response"
2026-03-19 11:35:35 INFO module=fs msg="cache warmed up"
2026-03-19 23:34:53 WARN module=disk msg="slow response"
2026-03-19 08:35:15 INFO module=fs msg="config reloaded"
2026-03-19 03:18:05 DEBUG module=sched msg="entering handler"
2026-03-19 01:33:03 INFO module=sched msg="user logged in"
2026-03-19 03:01:56 WARN module=cache msg="disk usage above 80%"
2026-03-19 22:18:41 INFO module=cache msg="config reloaded"
2026-03-19 11:03:41 INFO module=cache msg="cache warmed up"
2026-03-19 19:54:03 INFO module=db msg="user logged in"
2026-03-19 12:40:00 WARN module=cache msg="slow response"
2026-03-19 20:37:44 INFO module=db msg="service started"
2026-03-19 11:54:06 INFO module=fs msg="job scheduled"
2026-03-19 03:44:30 INFO module=net msg="user logged in"
2026-03-19 13:53:32 INFO module=db msg="cache warmed up"
2026-03-19 16:23:56 INFO module=fs msg="job scheduled"
2026-03-19 23:04:25 ERROR module=db msg="connection refused"
2026-03-19 00:48:10 DEBUG module=fs msg="retry counter reset"
2026-03-19 18:48:07 INFO module=auth msg="service started"
2026-03-19 14:25:31 DEBUG module=disk msg="retry counter reset"
2026-03-19 06:12:47 ERROR module=auth msg="connection timeout"
2026-03-19 18:08:07 WARN module=api msg="deprecated option used"
2026-03-19 08:44:17 INFO module=db msg="config reloaded"
2026-03-19 00:31:13 ERROR module=cache msg="permission denied"
2026-03-19 20:59:51 INFO module=net msg="request completed"
2026-03-19 02:46:54 INFO module=sched msg="service started"
2026-03-19 03:48:39 INFO module=sched msg="cache warmed up"
2026-03-19 04:07:02 INFO module=auth msg="request completed"
2026-03-19 20:32:51 INFO module=db msg="request completed"
2026-03-19 17:05:39 WARN module=net msg="slow response"
2026-03-19 22:12:41 INFO module=net msg="request completed"
2026-03-19 11:30:31 INFO module=db msg="request completed"
2026-03-19 02:34:45 DEBUG module=cache msg="entering handler"
2026-03-19 17:55:50 INFO module=api msg="job scheduled"
2026-03-19 02:26:14 WARN module=net msg="retrying request"
2026-03-19 23:31:19 DEBUG module=net msg="entering handler"
2026-03-19 07:39:46 ERROR module=disk msg="connection timeout"
2026-03-19 17:56:20 ERROR module=net msg="query failed"
2026-03-19 17:08:23 INFO module=fs msg="user logged in"
2026-03-19 08:49:20 INFO module=net msg="cache warmed up"
2026-03-19 09:12:03 INFO module=net msg="config reloaded"
2026-03-19 01:24:39 INFO module=net msg="cache warmed up"
2026-03-19 15:31:23 INFO module=auth msg="cache warmed up"
2026-03-19 23:34:27 INFO module=auth msg="job scheduled"
2026-03-19 22:39:57 INFO module=auth msg="config reloaded"
2026-03-19 15:14:30 INFO module=db msg="job scheduled"
2026-03-19 03:52:47 INFO module=auth msg="service started"
2026-03-19 17:50:51 INFO module=disk msg="job scheduled"
2026-03-19 06:55:40 INFO module=cache msg="cache warmed up"
2026-03-19 13:16:00 INFO module=fs msg="job scheduled"
2026-03-19 01:19:21 INFO module=db msg="config reloaded"
2026-03-19 07:51:38 INFO module=disk msg="job scheduled"
2026-03-19 17:21:42 INFO module=sched msg="config reloaded"
2026-03-19 20:26:33 INFO module=disk msg="service started"
2026-03-19 23:05:31 WARN module=cache msg="token expires soon"
2026-03-19 02:44:50 INFO module=api msg="config reloaded"
2026-03-19 01:33:30 DEBUG module=auth msg="queue length checked"
2026-03-19 22:54:12 INFO module=db msg="user logged in"
2026-03-19 20:55:20 INFO module=sched msg="cache warmed up"
2026-03-19 11:59:33 WARN module=disk msg="token expires soon"
2026-03-19 05:56:03 DEBUG module=net msg="retry counter reset"
2026-03-19 05:55:11 WARN module=disk msg="slow response"
2026-03-19 13:27:02 INFO module=auth msg="request completed"
2026-03-19 19:03:10 INFO module=fs msg="request completed"
2026-03-19 03:00:17 INFO module=disk msg="job scheduled"
2026-03-19 22:23:51 INFO module=auth msg="job scheduled"
2026-03-19 02:46:11 INFO module=net msg="user logged in"
2026-03-19 18:24:41 DEBUG module=cache msg="buffer flushed"
2026-03-19 08:58:40 ERROR module=net msg="query failed"
2026-03-19 10:34:54 DEBUG module=disk msg="heartbeat sent"
2026-03-19 00:18:05 INFO module=db msg="service started"
2026-03-19 09:20:59 INFO module=api msg="cache warmed up"
2026-03-19 10:53:48 INFO module=cache msg="service started"
2026-03-19 07:45:32 DEBUG module=sched msg="buffer flushed"
2026-03-19 14:01:45 INFO module=disk msg="cache warmed up"
2026-03-19 18:32:03 INFO module=auth msg="user logged in"
2026-03-19 00:54:56 WARN module=disk msg="slow response"
2026-03-19 01:30:33 INFO module=db msg="request completed"
2026-03-19 23:24:17 INFO module=fs msg="service started"
2026-03-19 08:41:08 INFO module=auth msg="user logged in"
2026-03-19 20:48:38 INFO module=disk msg="request completed"
2026-03-19 23:23:49 INFO module=db msg="config reloaded"
2026-03-19 17:31:26 INFO module=fs msg="user logged in"
2026-03-19 12:02:28 WARN module=net msg="slow response"
2026-03-19 13:25:14 DEBUG module=disk msg="heartbeat sent"
2026-03-19 21:38:00 INFO module=net msg="cache warmed up"
2026-03-19 13:13:42 INFO module=auth msg="request completed"
2026-03-19 08:48:32 INFO module=net msg="request completed"
2026-03-19 22:13:24 INFO module=api msg="user logged in"
2026-03-19 10:04:02 INFO module=disk msg="user logged in"
2026-03-19 09:47:46 ERROR module=net msg="segment read failed"
2026-03-19 12:46:13 INFO module=fs msg="cache warmed up"
2026-03-19 11:00:40 INFO module=sched msg="config reloaded"
2026-03-19 10:38:21 WARN module=fs msg="slow response"
2026-03-19 13:36:04 INFO module=db msg="service started"
2026-03-19 02:53:06 INFO module=cache msg="job scheduled"
2026-03-19 21:43:33 INFO module=db msg="cache warmed up"
2026-03-19 22:35:50 INFO module=sched msg="job scheduled"
2026-03-19 11:58:35 INFO module=fs msg="request completed"
2026-03-19 05:44:52 INFO module=net msg="config reloaded"
2026-03-19 07:25:38 DEBUG module=api msg="retry counter reset"
2026-03-19 06:00:14 INFO module=sched msg="service started"
2026-03-19 10:14:28 INFO module=disk msg="config reloaded"
2026-03-19 02:20:17 DEBUG module=sched msg="buffer flushed"
2026-03-19 20:44:27 INFO module=api msg="config reloaded"
2026-03-19 13:42:08 INFO module=disk msg="cache warmed up"
2026-03-19 18:26:38 INFO module=fs msg="user logged in"
2026-03-19 20:26:36 WARN module=net msg="retrying request"
2026-03-19 18:34:29 INFO module=sched msg="service started"
2026-03-19 09:00:26 INFO module=cache msg="request completed"
2026-03-19 14:06:54 DEBUG module=db msg="buffer flushed"
2026-03-19 05:51:56 DEBUG module=auth msg="queue length checked"
2026-03-19 12:54:22 INFO module=api msg="job scheduled"
2026-03-19 16:24:34 INFO module=api msg="cache warmed up"
2026-03-19 22:10:55 ERROR module=db msg="segment read failed"
2026-03-19 11:36:59 WARN module=auth msg="token expires soon"
2026-03-19 03:50:25 INFO module=fs msg="user logged in"
2026-03-19 16:14:17 WARN module=disk msg="slow response"
2026-03-19 14:57:23 WARN module=auth msg="retrying request"
2026-03-19 22:57:05 DEBUG module=db msg="buffer flushed"
2026-03-19 01:04:04 INFO module=net msg="job scheduled"
2026-03-19 23:57:40 DEBUG module=fs msg="queue length checked"
2026-03-19 23:47:35 INFO module=sched msg="cache warmed up"
2026-03-19 01:09:32 DEBUG module=fs msg="buffer flushed"
2026-03-19 14:41:49 INFO module=cache msg="request completed"
2026-03-19 04:04:17 INFO module=net msg="config reloaded"
2026-03-19 23:05:59 INFO module=cache msg="cache warmed up"
2026-03-19 03:58:10 INFO module=db msg="user logged in"
2026-03-19 21:04:34 ERROR module=net msg="segment read failed"
2026-03-19 12:07:09 INFO module=sched msg="user logged in"
2026-03-19 05:04:20 WARN module=cache msg="disk usage above 80%"
2026-03-19 12:16:31 INFO module=cache msg="service started"
2026-03-19 20:38:06 DEBUG module=sched msg="queue length checked"
2026-03-19 18:12:20 DEBUG module=cache msg="entering handler"
2026-03-19 03:58:47 INFO module=net msg="config reloaded"
2026-03-19 02:24:22 INFO module=api msg="config reloaded"
2026-03-19 04:22:15 INFO module=api msg="config reloaded"
2026-03-19 10:13:03 DEBUG module=db msg="retry counter reset"
2026-03-19 10:44:29 INFO module=cache msg="request completed"
2026-03-19 03:27:16 DEBUG module=sched msg="heartbeat sent"
2026-03-19 23:41:16 INFO module=net msg="user logged in"
2026-03-19 02:15:50 WARN module=db msg="token expires soon"
2026-03-19 21:07:50 ERROR module=fs msg="segment read failed"
2026-03-19 13:06:48 INFO module=net msg="user logged in"
2026-03-19 00:49:36 WARN module=net msg="slow response"
2026-03-19 09:04:50 DEBUG module=sched msg="entering handler"
2026-03-19 04:28:26 DEBUG module=disk msg="heartbeat sent"
2026-03-19 22:15:44 INFO module=db msg="config reloaded"
2026-03-19 13:20:21 WARN module=disk msg="token expires soon"
2026-03-19 11:42:48 WARN module=net msg="slow response"
2026-03-19 07:23:03 INFO module=auth msg="service started"
2026-03-19 05:33:21 WARN module=db msg="token expires soon"
2026-03-19 18:20:24 DEBUG module=net msg="buffer flushed"
2026-03-19 01:10:20 DEBUG module=db msg="heartbeat sent"
2026-03-19 02:53:50 DEBUG module=api msg="buffer flushed"
2026-03-19 18:25:00 INFO module=cache msg="job scheduled"
2026-03-19 05:13:05 WARN module=sched msg="disk usage above 80%"
2026-03-19 18:19:51 INFO module=db msg="service started"
2026-03-19 09:27:40 WARN module=db msg="token expires soon"
2026-03-19 11:25:42 INFO module=net msg="cache warmed up"
2026-03-19 18:18:18 INFO module=auth msg="request completed"
2026-03-19 21:28:02 ERROR module=disk msg="invalid token"
2026-03-19 10:30:21 INFO module=auth msg="job scheduled"
2026-03-19 20:46:26 ERROR module=disk msg="invalid token"
2026-03-19 10:47:22 DEBUG module=cache msg="retry counter reset"
2026-03-19 04:19:59 INFO module=net msg="service started"
2026-03-19 00:54:44 INFO module=fs msg="request completed"
2026-03-19 08:12:17 INFO module=cache msg="request completed"
2026-03-19 07:45:59 WARN module=net msg="slow response"
2026-03-19 16:59:20 INFO module=net msg="job scheduled"
2026-03-19 23:51:34 INFO module=db msg="service started"
2026-03-19 02:18:39 INFO module=net msg="job scheduled"
2026-03-19 09:15:31 WARN module=auth msg="token expires soon"
2026-03-19 20:21:13 ERROR module=api msg="connection timeout"
2026-03-19 09:07:20 INFO module=api msg="cache warmed up"
2026-03-19 04:20:23 INFO module=auth msg="request completed"
2026-03-19 03:21:37 ERROR module=disk msg="connection refused"
2026-03-19 10:35:01 INFO module=sched msg="config reloaded"
2026-03-19 19:06:17 INFO module=sched msg="user logged in"
2026-03-19 04:25:28 INFO module=auth msg="job scheduled"
2026-03-19 00:00:02 WARN module=disk msg="slow response"
2026-03-19 16:50:25 INFO module=api msg="user logged in"
2026-03-19 13:53:17 ERROR module=disk msg="permission denied"
2026-03-19 13:09:57 ERROR module=db msg="permission denied"
2026-03-19 22:05:57 ERROR module=disk msg="connection timeout"
2026-03-19 06:30:15 INFO module=db msg="user logged in"
2026-03-19 19:03:37 WARN module=cache msg="slow response"
2026-03-19 19:07:42 ERROR module=auth msg="segment read failed"
2026-03-19 00:54:01 INFO module=db msg="config reloaded"
2026-03-19 13:12:47 INFO module=db msg="user logged in"
2026-03-19 05:32:59 INFO module=net msg="config reloaded"
2026-03-19 14:35:35 WARN module=api msg="retrying request"
2026-03-19 07:57:19 DEBUG module=cache msg="buffer flushed"
2026-03-19 06:32:16 INFO module=net msg="request completed"
2026-03-19 12:06:35 DEBUG module=net msg="retry counter reset"
2026-03-19 09:06:44 INFO module=api msg="user logged in"
2026-03-19 01:02:39 INFO module=disk msg="request completed"
2026-03-19 16:07:37 INFO module=sched msg="request completed"
2026-03-19 13:25:56 INFO module=sched msg="service started"
2026-03-19 06:52:13 INFO module=auth msg="request completed"
2026-03-19 18:03:32 INFO module=cache msg="job scheduled"
2026-03-19 17:09:50 WARN module=auth msg="slow response"
2026-03-19 09:54:00 ERROR module=db msg="segment read failed"
2026-03-19 23:50:01 DEBUG module=net msg="entering handler"
2026-03-19 05:15:41 WARN module=cache msg="retrying request"
2026-03-19 06:53:36 ERROR module=db msg="invalid token"
2026-03-19 11:25:40 ERROR module=db msg="invalid token"
2026-03-19 03:56:36 INFO module=disk msg="cache warmed up"
2026-03-19 13:37:59 INFO module=sched msg="job scheduled"
2026-03-19 13:51:22 INFO module=net msg="job scheduled"
2026-03-19 11:37:58 INFO module=auth msg="service started"
2026-03-19 07:52:11 WARN module=cache msg="deprecated option used"
2026-03-19 00:13:01 DEBUG module=sched msg="retry counter reset"
2026-03-19 17:58:39 ERROR module=cache msg="segment read failed"
2026-03-19 23:06:46 INFO module=disk msg="user logged in"
2026-03-19 07:38:18 INFO module=auth msg="service started"
2026-03-19 21:22:59 WARN module=disk msg="deprecated option used"
2026-03-19 14:34:40 INFO module=api msg="request completed"
2026-03-19 05:11:58 INFO module=fs msg="config reloaded"
2026-03-19 04:50:16 WARN module=disk msg="retrying request"
2026-03-19 09:49:07 INFO module=db msg="service started"
2026-03-19 20:43:27 INFO module=net msg="config reloaded"
2026-03-19 18:53:52 INFO module=cache msg="job scheduled"
2026-03-19 20:39:02 INFO module=auth msg="config reloaded"
2026-03-19 09:26:12 INFO module=db msg="user logged in"
2026-03-19 23:06:36 WARN module=db msg="token expires soon"
2026-03-19 20:37:38 INFO module=cache msg="config reloaded"
2026-03-19 11:38:39 INFO module=api msg="cache warmed up"
2026-03-19 17:21:00 WARN module=disk msg="slow response"
2026-03-19 11:49:31 INFO module=api msg="user logged in"
2026-03-19 04:25:20 WARN module=cache msg="token expires soon"
2026-03-19 07:05:02 INFO module=net msg="cache warmed up"
2026-03-19 10:13:59 INFO module=net msg="cache warmed up"
2026-03-19 16:06:05 ERROR module=db msg="no space left on device"
2026-03-19 23:24:03 INFO module=db msg="config reloaded"
2026-03-19 06:30:40 INFO module=cache msg="cache warmed up"
2026-03-19 15:41:52 WARN module=disk msg="token expires soon"
2026-03-19 07:23:23 WARN module=net msg="slow response"
2026-03-19 19:57:09 DEBUG module=auth msg="entering handler"
2026-03-19 07:19:40 INFO module=disk msg="service started"
2026-03-19 02:21:49 WARN module=cache msg="deprecated option used"
2026-03-19 07:20:34 INFO module=auth msg="user logged in"
2026-03-19 10:45:46 DEBUG module=auth msg="entering handler"
2026-03-19 04:22:59 WARN module=api msg="retrying request"
2026-03-19 22:33:43 INFO module=api msg="user logged in"
2026-03-19 15:46:06 INFO module=net msg="service started"
2026-03-19 00:50:38 WARN module=db msg="token expires soon"
2026-03-19 18:04:57 DEBUG module=fs msg="retry counter reset"
2026-03-19 10:37:47 DEBUG module=disk msg="buffer flushed"
2026-03-19 03:43:50 INFO module=sched msg="request completed"
2026-03-19 10:41:50 ERROR module=db msg="query failed"
2026-03-19 18:48:16 INFO module=auth msg="user logged in"
2026-03-19 23:54:00 INFO module=net msg="service started"
2026-03-19 13:24:09 DEBUG module=fs msg="buffer flushed"
2026-03-19 15:39:07 INFO module=net msg="config reloaded"
2026-03-19 12:21:20 DEBUG module=sched msg="buffer flushed"
2026-03-19 15:15:21 INFO module=auth msg="job scheduled"
2026-03-19 17:49:17 INFO module=api msg="service started"
2026-03-19 03:21:24 INFO module=db msg="cache warmed up"
2026-03-19 23:41:40 INFO module=auth msg="job scheduled"
2026-03-19 23:21:27 INFO module=api msg="cache warmed up"
2026-03-19 22:24:29 INFO module=fs msg="request completed"
2026-03-19 06:44:07 WARN module=disk msg="token expires soon"
2026-03-19 05:55:39 INFO module=net msg="job scheduled"
2026-03-19 19:44:44 DEBUG module=sched msg="queue length checked"
2026-03-19 10:28:28 INFO module=db msg="service started"
2026-03-19 14:57:44 WARN module=disk msg="deprecated option used"
2026-03-19 19:12:47 INFO module=net msg="request completed"
2026-03-19 14:16:08 INFO module=fs msg="user logged in"
2026-03-19 19:40:03 INFO module=disk msg="service started"
2026-03-19 22:28:23 DEBUG module=db msg="entering handler"
2026-03-19 15:11:22 INFO module=cache msg="service started"
2026-03-19 00:30:46 INFO module=auth msg="service started"
2026-03-19 00:14:23 INFO module=api msg="job scheduled"
2026-03-19 03:59:12 WARN module=db msg="deprecated option used"
2026-03-19 01:24:43 INFO module=sched msg="job scheduled"
2026-03-19 17:56:35 WARN module=db msg="deprecated option used"
2026-03-19 16:25:43 INFO module=cache msg="config reloaded"
2026-03-19 02:21:27 INFO module=api msg="config reloaded"
2026-03-19 17:38:07 INFO module=api msg="job scheduled"
2026-03-19 00:39:39 INFO module=fs msg="config reloaded"
2026-03-19 05:45:37 WARN module=api msg="slow response"
2026-03-19 19:46:36 WARN module=cache msg="deprecated option used"
2026-03-19 20:05:01 INFO module=disk msg="cache warmed up"
2026-03-19 19:39:18 INFO module=auth msg="cache warmed up"
2026-03-19 22:35:46 INFO module=api msg="user logged in"
2026-03-19 02:57:05 INFO module=disk msg="user logged in"
2026-03-19 08:01:36 INFO module=sched msg="job scheduled"
2026-03-19 12:55:44 DEBUG module=cache msg="queue length checked"
2026-03-19 18:39:22 ERROR module=db msg="connection timeout"
2026-03-19 16:35:24 INFO module=api msg="cache warmed up"
2026-03-19 23:06:12 WARN module=cache msg="token expires soon"
2026-03-19 12:19:00 INFO module=auth msg="service started"
2026-03-19 07:17:00 ERROR module=api msg="connection refused"
2026-03-19 03:35:17 DEBUG module=sched msg="queue length checked"
2026-03-19 06:45:17 INFO module=net msg="service started"
2026-03-19 08:26:13 INFO module=cache msg="config reloaded"
2026-03-19 21:00:59 DEBUG module=disk msg="entering handler"
2026-03-19 09:19:54 INFO module=db msg="cache warmed up"
2026-03-19 19:15:10 ERROR module=api msg="query failed"
2026-03-19 01:20:20 INFO module=fs msg="user logged in"
2026-03-19 13:59:48 WARN module=db msg="retrying request"
2026-03-19 13:31:14 INFO module=cache msg="cache warmed up"
2026-03-19 09:59:07 ERROR module=net msg="permission denied"
2026-03-19 16:42:33 DEBUG module=db msg="heartbeat sent"
2026-03-19 16:05:46 INFO module=db msg="service started"
2026-03-19 06:47:15 WARN module=db msg="slow response"
2026-03-19 11:25:10 INFO module=sched msg="job scheduled"
2026-03-19 07:07:35 WARN module=auth msg="slow response"
2026-03-19 11:42:19 WARN module=api msg="retrying request"
2026-03-19 12:24:41 INFO module=auth msg="cache warmed up"
2026-03-19 20:46:44 WARN module=disk msg="deprecated option used"
2026-03-19 16:09:22 INFO module=cache msg="request completed"
2026-03-19 21:29:57 DEBUG module=disk msg="entering handler"
2026-03-19 03:34:25 INFO module=auth msg="user logged in"
2026-03-19 19:05:36 INFO module=cache msg="request completed"
2026-03-19 22:30:29 INFO module=disk msg="cache warmed up"
2026-03-19 12:13:44 INFO module=sched msg="service started"
2026-03-19 18:03:47 INFO module=auth msg="user logged in"
2026-03-19 10:05:38 INFO module=fs msg="cache warmed up"
2026-03-19 08:11:07 ERROR module=db msg="invalid token"
2026-03-19 16:42:01 ERROR module=auth msg="invalid token"
2026-03-19 06:17:23 INFO module=net msg="job scheduled"
2026-03-19 11:20:28 INFO module=cache msg="service started"
2026-03-19 14:41:19 ERROR module=auth msg="segment read failed"
2026-03-19 23:49:43 INFO module=api msg="config reloaded"
2026-03-19 03:50:09 INFO module=auth msg="job scheduled"
2026-03-19 00:45:23 INFO module=db msg="user logged in"
2026-03-19 19:45:30 ERROR module=net msg="no space left on device"
2026-03-19 10:11:40 INFO module=auth msg="request completed"
2026-03-19 00:15:17 INFO module=disk msg="service started"
2026-03-19 12:00:13 DEBUG module=sched msg="retry counter reset"
2026-03-19 22:53:47 WARN module=disk msg="deprecated option used"
2026-03-19 20:36:18 INFO module=sched msg="config reloaded"
2026-03-19 14:17:06 INFO module=cache msg="service started"
2026-03-19 22:07:47 ERROR module=net msg="invalid token"
2026-03-19 17:40:21 INFO module=fs msg="cache warmed up"
2026-03-19 09:37:50 WARN module=net msg="slow response"
2026-03-19 16:42:14 ERROR module=net msg="invalid token"
2026-03-19 08:33:55 ERROR module=disk msg="query failed"
2026-03-19 19:04:06 ERROR module=db msg="connection timeout"
2026-03-19 09:26:58 WARN module=net msg="deprecated option used"
2026-03-19 10:32:18 INFO module=api msg="service started"
2026-03-19 20:27:51 INFO module=auth msg="cache warmed up"
2026-03-19 20:57:07 INFO module=db msg="cache warmed up"
2026-03-19 03:05:55 INFO module=cache msg="request completed"
2026-03-19 06:50:54 INFO module=disk msg="cache warmed up"
2026-03-19 00:09:12 WARN module=auth msg="deprecated option used"
2026-03-19 10:41:58 INFO module=auth msg="job scheduled"
2026-03-19 05:18:56 ERROR module=auth msg="connection timeout"
2026-03-19 01:30:15 DEBUG module=cache msg="heartbeat sent"
2026-03-19 11:49:22 INFO module=db msg="user logged in"
2026-03-19 13:04:17 INFO module=db msg="user logged in"
2026-03-19 07:14:55 INFO module=fs msg="service started"
2026-03-19 06:00:20 WARN module=cache msg="deprecated option used"
2026-03-19 07:46:50 WARN module=disk msg="slow response"
2026-03-19 05:17:28 INFO module=api msg="config reloaded"
2026-03-19 03:01:41 DEBUG module=cache msg="queue length checked"
2026-03-19 11:35:16 INFO module=cache msg="cache warmed up"
2026-03-19 17:06:23 INFO module=api msg="cache warmed up"
2026-03-19 11:31:59 WARN module=auth msg="disk usage above 80%"
2026-03-19 08:47:35 INFO module=api msg="user logged in"
2026-03-19 09:49:40 INFO module=fs msg="config reloaded"
2026-03-19 22:36:53 WARN module=auth msg="slow response"
2026-03-19 08:04:19 DEBUG module=cache msg="queue length checked"
2026-03-19 16:13:30 INFO module=net msg="cache warmed up"
2026-03-19 16:09:52 INFO module=sched msg="cache warmed up"
2026-03-19 04:49:39 INFO module=net msg="request completed"
2026-03-19 13:19:40 ERROR module=auth msg="segment read failed"
2026-03-19 00:22:14 INFO module=net msg="config reloaded"
2026-03-19 03:17:14 INFO module=sched msg="request completed"
2026-03-19 00:55:32 WARN module=net msg="disk usage above 80%"
2026-03-19 12:18:03 INFO module=net msg="request completed"
2026-03-19 14:34:42 INFO module=disk msg="cache warmed up"
2026-03-19 19:23:21 DEBUG module=fs msg="buffer flushed"
2026-03-19 09:11:05 INFO module=auth msg="user logged in"
2026-03-19 23:33:32 INFO module=fs msg="service started"
2026-03-19 22:10:49 INFO module=auth msg="config reloaded"
2026-03-19 22:16:28 ERROR module=disk msg="permission denied"
2026-03-19 03:57:01 WARN module=fs msg="slow response"
2026-03-19 04:53:46 WARN module=auth msg="retrying request"
2026-03-19 12:54:07 INFO module=net msg="service started"
