2026-03-22 14:40:12 INFO module=api msg="request completed"
2026-03-22 04:47:37 INFO module=api msg="config reloaded"
2026-03-22 22:27:22 INFO module=sched msg="user logged in"
2026-03-22 13:21:26 DEBUG module=auth msg="entering handler"
2026-03-22 09:05:24 INFO module=db msg="user logged in"
2026-03-22 04:39:47 ERROR module=net msg="connection refused"
2026-03-22 01:39:18 INFO module=db msg="job scheduled"
2026-03-22 16:35:51 INFO module=net msg="request completed"
2026-03-22 21:33:31 INFO module=api msg="job scheduled"
2026-03-22 22:43:31 INFO module=disk msg="user logged in"
2026-03-22 13:08:10 DEBUG module=disk msg="buffer flushed"
2026-03-22 12:21:55 INFO module=disk msg="cache warmed up"
2026-03-22 21:53:27 INFO module=disk msg="job scheduled"
2026-03-22 15:45:06 INFO module=net msg="service started"
2026-03-22 23:54:23 INFO module=fs msg="user logged in"
2026-03-22 22:23:53 INFO module=cache msg="job scheduled"
2026-03-22 19:39:32 INFO module=db msg="user logged in"
2026-03-22 16:49:39 WARN module=net msg="retrying request"
2026-03-22 21:36:41 INFO module=auth msg="job scheduled"
2026-03-22 04:15:35 DEBUG module=cache msg="retry counter reset"
2026-03-22 15:41:15 INFO module=auth msg="config reloaded"
2026-03-22 01:38:15 WARN module=disk msg="retrying request"
2026-03-22 23:18:01 WARN module=db msg="disk usage above 80%"
2026-03-22 05:12:51 DEBUG module=cache msg="queue length checked"
2026-03-22 10:42:59 ERROR module=net msg="no space left on device"
2026-03-22 05:42:26 INFO module=db msg="cache warmed up"
2026-03-22 04:39:42 WARN module=disk msg="retrying request"
2026-03-22 21:43:01 DEBUG module=db msg="buffer flushed"
2026-03-22 06:51:37 INFO module=sched msg="service started"
2026-03-22 13:57:08 ERROR module=disk msg="connection refused"
2026-03-22 08:01:23 INFO module=api msg="request completed"
2026-03-22 16:27:46 DEBUG module=auth msg="entering handler"
2026-03-22 02:58:03 INFO module=auth msg="cache warmed up"
2026-03-22 10:59:12 DEBUG module=api msg="entering handler"
2026-03-22 20:49:41 DEBUG module=sched msg="queue length checked"
2026-03-22 05:38:25 INFO module=cache msg="service started"
2026-03-22 22:53:44 INFO module=net msg="config reloaded"
2026-03-22 10:14:24 INFO module=disk msg="request completed"
2026-03-22 00:06:07 DEBUG module=net msg="buffer flushed"
2026-03-22 08:16:40 INFO module=db msg="request completed"
2026-03-22 19:27:31 INFO module=api msg="service started"
2026-03-22 05:06:51 WARN module=api msg="retrying request"
2026-03-22 11:14:07 WARN module=net msg="retrying request"
2026-03-22 01:04:50 INFO module=fs msg="job scheduled"
2026-03-22 16:37:41 INFO module=auth msg="config reloaded"
2026-03-22 15:52:10 INFO module=db msg="cache warmed up"
2026-03-22 17:32:52 DEBUG module=sched msg="heartbeat sent"
2026-03-22 01:23:16 ERROR module=net msg="query failed"
2026-03-22 15:21:00 INFO module=net msg="service started"
2026-03-22 00:19:13 ERROR module=cache msg="query failed"
2026-03-22 03:57:44 WARN module=db msg="disk usage above 80%"
2026-03-22 04:30:19 DEBUG module=db msg="queue length checked"
2026-03-22 22:29:14 INFO module=net msg="job scheduled"
2026-03-22 05:21:47 INFO module=auth msg="service started"
2026-03-22 12:34:58 INFO module=api msg="service started"
2026-03-22 02:11:48 DEBUG module=db msg="retry counter reset"
2026-03-22 14:17:27 INFO module=net msg="service started"
2026-03-22 21:57:08 INFO module=db msg="request completed"
2026-03-22 00:51:47 ERROR module=db msg="permission denied"
2026-03-22 06:24:05 INFO module=disk msg="job scheduled"
2026-03-22 04:35:36 INFO module=cache msg="user logged in"
2026-03-22 10:55:52 WARN module=net msg="deprecated option used"
2026-03-22 23:57:56 INFO module=cache msg="cache warmed up"
2026-03-22 14:45:43 DEBUG module=cache msg="queue length checked"
2026-03-22 13:09:20 DEBUG module=sched msg="queue length checked"
2026-03-22 00:38:06 WARN module=disk msg="slow response"
2026-03-22 03:55:00 INFO module=net msg="job scheduled"
2026-03-22 10:00:29 INFO module=api msg="user logged in"
2026-03-22 17:03:31 INFO module=api msg="job scheduled"
2026-03-22 16:25:06 DEBUG module=cache msg="buffer flushed"
2026-03-22 15:19:43 INFO module=fs msg="user logged in"
2026-03-22 18:18:40 INFO module=sched msg="job scheduled"
2026-03-22 11:49:25 WARN module=disk msg="token expires soon"
2026-03-22 21:37:18 INFO module=fs msg="cache warmed up"
2026-03-22 12:42:36 INFO module=auth msg="job scheduled"
2026-03-22 02:37:44 DEBUG module=api msg="buffer flushed"
2026-03-22 11:09:07 WARN module=db msg="disk usage above 80%"
2026-03-22 01:58:06 DEBUG module=net msg="buffer flushed"
2026-03-22 20:27:35 DEBUG module=fs msg="queue length checked"
2026-03-22 20:28:15 WARN module=net msg="deprecated option used"
2026-03-22 15:07:50 INFO module=sched msg="config reloaded"
2026-03-22 10:55:25 DEBUG module=api msg="queue length checked"
2026-03-22 06:19:42 DEBUG module=api msg="retry counter reset"
2026-03-22 02:10:10 INFO module=auth msg="config reloaded"
2026-03-22 10:16:43 INFO module=api msg="user logged in"
2026-03-22 04:45:24 DEBUG module=fs msg="queue length checked"
2026-03-22 10:08:28 ERROR module=net msg="invalid token"
2026-03-22 00:17:33 INFO module=disk msg="job scheduled"
2026-03-22 22:32:12 INFO module=net msg="request completed"
2026-03-22 07:45:43 INFO module=auth msg="job scheduled"
2026-03-22 13:04:52 INFO module=disk msg="cache warmed up"
2026-03-22 01:04:40 WARN module=net msg="token expires soon"
2026-03-22 02:03:26 INFO module=db msg="config reloaded"
2026-03-22 00:32:08 INFO module=auth msg="request completed"
2026-03-22 07:56:15 ERROR module=db msg="query failed"
2026-03-22 23:25:16 WARN module=cache msg="slow response"
2026-03-22 13:51:25 DEBUG module=auth msg="queue length checked"
2026-03-22 00:34:21 INFO module=net msg="user logged in"
2026-03-22 07:21:04 INFO module=auth msg="service started"
2026-03-22 20:08:52 WARN module=cache msg="slow response"
2026-03-22 03:16:38 DEBUG module=sched msg="entering handler"
2026-03-22 16:56:53 INFO module=net msg="service started"
2026-03-22 05:14:29 WARN module=cache msg="slow response"
2026-03-22 11:25:03 INFO module=db msg="cache warmed up"
2026-03-22 02:49:14 DEBUG module=api msg="queue length checked"
2026-03-22 18:31:56 INFO module=api msg="user logged in"
2026-03-22 03:17:22 INFO module=net msg="job scheduled"
2026-03-22 00:45:13 INFO module=net msg="job scheduled"
2026-03-22 17:23:32 WARN module=auth msg="token expires soon"
2026-03-22 01:59:14 DEBUG module=db msg="buffer flushed"
2026-03-22 19:53:23 INFO module=cache msg="job scheduled"
2026-03-22 13:38:33 INFO module=api msg="config reloaded"
2026-03-22 13:11:31 WARN module=cache msg="retrying request"
2026-03-22 12:51:41 INFO module=cache msg="config reloaded"
2026-03-22 18:59:29 INFO module=auth msg="cache warmed up"
2026-03-22 15:20:40 ERROR module=fs msg="query failed"
2026-03-22 06:39:04 DEBUG module=sched msg="heartbeat sent"
2026-03-22 12:22:34 INFO module=fs msg="cache warmed up"
2026-03-22 14:56:12 INFO module=api msg="config reloaded"
2026-03-22 11:19:35 INFO module=fs msg="service started"
2026-03-22 02:16:22 INFO module=db msg="config reloaded"
2026-03-22 12:41:45 INFO module=net msg="job scheduled"
2026-03-22 18:51:12 INFO module=db msg="request completed"
2026-03-22 03:22:02 INFO module=auth msg="request completed"
2026-03-22 19:39:03 INFO module=db msg="request completed"
2026-03-22 05:44:26 INFO module=disk msg="request completed"
2026-03-22 15:33:33 INFO module=auth msg="request completed"
2026-03-22 18:39:54 INFO module=disk msg="request completed"
2026-03-22 14:34:00 WARN module=db msg="retrying request"
2026-03-22 00:05:36 ERROR module=net msg="segment read failed"
2026-03-22 23:22:57 INFO module=sched msg="user logged in"
2026-03-22 06:23:11 WARN module=api msg="slow response"
2026-03-22 15:32:46 WARN module=disk msg="disk usage above 80%"
2026-03-22 12:34:31 INFO module=disk msg="cache warmed up"
2026-03-22 07:12:16 INFO module=api msg="service started"
2026-03-22 23:42:36 DEBUG module=cache msg="buffer flushed"
2026-03-22 21:35:34 INFO module=api msg="job scheduled"
2026-03-22 17:10:45 ERROR module=api msg="no space left on device"
2026-03-22 07:53:08 ERROR module=net msg="connection refused"
2026-03-22 22:17:33 INFO module=sched msg="request completed"
2026-03-22 12:19:08 INFO module=auth msg="config reloaded"
2026-03-22 20:40:36 WARN module=auth msg="token expires soon"
2026-03-22 11:31:00 DEBUG module=auth msg="queue length checked"
2026-03-22 22:34:04 INFO module=auth msg="user logged in"
2026-03-22 15:12:59 WARN module=sched msg="deprecated option used"
2026-03-22 18:26:28 INFO module=api msg="service started"
2026-03-22 20:09:49 INFO module=db msg="job scheduled"
2026-03-22 19:13:14 DEBUG module=net msg="heartbeat sent"
2026-03-22 16:18:32 INFO module=db msg="user logged in"
2026-03-22 20:28:46 DEBUG module=api msg="retry counter reset"
2026-03-22 13:50:47 INFO module=disk msg="request completed"
2026-03-22 02:55:14 ERROR module=disk msg="query failed"
2026-03-22 21:35:38 ERROR module=disk msg="permission denied"
2026-03-22 13:27:15 WARN module=net msg="deprecated option used"
2026-03-22 06:27:56 INFO module=auth msg="service started"
2026-03-22 12:11:42 DEBUG module=net msg="retry counter reset"
2026-03-22 15:19:14 INFO module=fs msg="request completed"
2026-03-22 15:13:44 INFO module=net msg="service started"
2026-03-22 09:00:39 INFO module=disk msg="config reloaded"
2026-03-22 02:58:57 ERROR module=disk msg="connection refused"
2026-03-22 13:33:33 WARN module=disk msg="token expires soon"
2026-03-22 22:05:33 INFO module=cache msg="config reloaded"
2026-03-22 22:54:06 INFO module=net msg="cache warmed up"
2026-03-22 04:09:17 DEBUG module=api msg="retry counter reset"
2026-03-22 08:18:30 INFO module=cache msg="request completed"
2026-03-22 04:01:33 DEBUG module=sched msg="buffer flushed"
2026-03-22 19:56:18 INFO module=db msg="cache warmed up"
2026-03-22 19:54:42 DEBUG module=api msg="buffer flushed"
2026-03-22 05:01:56 INFO module=net msg="cache warmed up"
2026-03-22 10:28:34 DEBUG module=disk msg="entering handler"
2026-03-22 07:55:38 DEBUG module=sched msg="entering handler"
2026-03-22 02:45:18 WARN module=disk msg="retrying request"
2026-03-22 18:16:59 INFO module=disk msg="job scheduled"
2026-03-22 03:33:01 INFO module=db msg="user logged in"
2026-03-22 11:50:55 DEBUG module=sched msg="queue length checked"
2026-03-22 22:19:33 INFO module=auth msg="service started"
2026-03-22 09:04:59 INFO module=auth msg="service started"
2026-03-22 15:48:04 DEBUG module=fs msg="queue length checked"
2026-03-22 12:11:21 INFO module=api msg="cache warmed up"
2026-03-22 12:52:04 ERROR module=disk msg="segment read failed"
2026-03-22 01:00:09 INFO module=sched msg="user logged in"
2026-03-22 17:11:44 INFO module=net msg="job scheduled"
2026-03-22 05:13:51 INFO module=sched msg="cache warmed up"
2026-03-22 23:35:35 INFO module=auth msg="request completed"
2026-03-22 15:30:01 INFO module=net msg="user logged in"
2026-03-22 22:59:00 DEBUG module=disk msg="buffer flushed"
2026-03-22 12:55:49 INFO module=sched msg="request completed"
2026-03-22 16:19:51 INFO module=api msg="user logged in"
2026-03-22 23:11:43 WARN module=api msg="slow response"
2026-03-22 21:41:43 WARN module=sched msg="disk usage above 80%"
2026-03-22 13:46:53 WARN module=net msg="token expires soon"
2026-03-22 02:13:31 INFO module=sched msg="service started"
2026-03-22 08:08:49 DEBUG module=fs msg="retry counter reset"
2026-03-22 13:14:13 ERROR module=db msg="query failed"
2026-03-22 06:09:11 INFO module=net msg="user logged in"
2026-03-22 12:11:01 DEBUG module=db msg="heartbeat sent"
2026-03-22 20:13:13 INFO module=db msg="config reloaded"
2026-03-22 04:35:41 ERROR module=sched msg="permission denied"
2026-03-22 16:25:05 ERROR module=db msg="invalid token"
2026-03-22 08:15:33 INFO module=cache msg="job scheduled"
2026-03-22 07:02:31 ERROR module=fs msg="segment read failed"
2026-03-22 02:56:03 WARN module=auth msg="retrying request"
2026-03-22 00:40:32 DEBUG module=fs msg="queue length checked"
2026-03-22 15:02:08 WARN module=api msg="retrying request"
2026-03-22 00:37:37 INFO module=fs msg="user logged in"
2026-03-22 13:19:40 WARN module=disk msg="deprecated option used"
2026-03-22 22:44:02 ERROR module=net msg="connection refused"
2026-03-22 08:13:55 INFO module=fs msg="config reloaded"
2026-03-22 11:40:06 INFO module=cache msg="cache warmed up"
2026-03-22 09:17:53 INFO module=auth msg="request completed"
2026-03-22 20:49:27 INFO module=auth msg="cache warmed up"
2026-03-22 03:39:50 INFO module=disk msg="user logged in"
2026-03-22 22:01:43 INFO module=api msg="config reloaded"
2026-03-22 22:22:34 DEBUG module=disk msg="buffer flushed"
2026-03-22 17:34:41 INFO module=db msg="cache warmed up"
2026-03-22 15:34:14 INFO module=sched msg="cache warmed up"
2026-03-22 17:57:39 INFO module=fs msg="job scheduled"
2026-03-22 10:23:05 INFO module=net msg="service started"
2026-03-22 09:03:32 INFO module=net msg="user logged in"
2026-03-22 21:28:22 INFO module=disk msg="cache warmed up"
2026-03-22 15:23:38 INFO module=sched msg="service started"
2026-03-22 18:53:51 INFO module=auth msg="user logged in"
2026-03-22 08:03:56 WARN module=disk msg="retrying request"
2026-03-22 08:45:15 ERROR module=db msg="connection refused"
2026-03-22 10:44:11 INFO module=fs msg="config reloaded"
2026-03-22 13:04:09 DEBUG module=disk msg="retry counter reset"
2026-03-22 07:25:39 INFO module=disk msg="user logged in"
2026-03-22 11:33:04 WARN module=cache msg="disk usage above 80%"
2026-03-22 03:59:33 ERROR module=db msg="invalid token"
2026-03-22 23:39:32 ERROR module=net msg="invalid token"
2026-03-22 10:54:07 INFO module=db msg="job scheduled"
2026-03-22 14:15:29 ERROR module=db msg="invalid token"
2026-03-22 18:53:22 INFO module=api msg="request completed"
2026-03-22 06:37:32 INFO module=api msg="cache warmed up"
2026-03-22 10:55:46 INFO module=db msg="job scheduled"
2026-03-22 01:37:01 INFO module=api msg="config reloaded"
2026-03-22 21:30:27 WARN module=auth msg="retrying request"
2026-03-22 09:25:06 INFO module=auth msg="user logged in"
2026-03-22 21:58:23 INFO module=db msg="cache warmed up"
2026-03-22 03:56:40 WARN module=disk msg="token expires soon"
2026-03-22 17:26:13 DEBUG module=db msg="queue length checked"
2026-03-22 20:29:02 INFO module=db msg="user logged in"
2026-03-22 12:33:17 INFO module=cache msg="service started"
2026-03-22 05:43:37 INFO module=fs msg="cache warmed up"
2026-03-22 01:07:45 INFO module=api msg="cache warmed up"
2026-03-22 14:32:09 WARN module=db msg="disk usage above 80%"
2026-03-22 18:41:32 INFO module=api msg="request completed"
2026-03-22 11:54:29 INFO module=disk msg="cache warmed up"
2026-03-22 01:21:57 INFO module=disk msg="job scheduled"
2026-03-22 03:23:02 DEBUG module=sched msg="entering handler"
2026-03-22 19:24:14 WARN module=disk msg="disk usage above 80%"
2026-03-22 14:46:24 WARN module=disk msg="deprecated option used"
2026-03-22 15:16:51 INFO module=disk msg="job scheduled"
2026-03-22 23:10:15 INFO module=disk msg="job scheduled"
2026-03-22 21:10:24 WARN module=api msg="retrying request"
2026-03-22 16:21:48 INFO module=auth msg="request completed"
2026-03-22 11:26:58 WARN module=cache msg="slow response"
2026-03-22 07:30:59 INFO module=auth msg="user logged in"
2026-03-22 23:38:14 ERROR module=db msg="permission denied"
2026-03-22 13:30:27 WARN module=cache msg="slow response"
2026-03-22 14:18:04 INFO module=auth msg="cache warmed up"
2026-03-22 01:01:59 INFO module=db msg="cache warmed up"
2026-03-22 18:38:55 INFO module=db msg="user logged in"
2026-03-22 14:44:01 INFO module=db msg="cache warmed up"
2026-03-22 13:55:52 ERROR module=api msg="permission denied"
2026-03-22 14:23:26 INFO module=cache msg="config reloaded"
2026-03-22 14:15:51 DEBUG module=sched msg="retry counter reset"
2026-03-22 14:36:56 DEBUG module=db msg="heartbeat sent"
2026-03-22 04:24:48 DEBUG module=auth msg="queue length checked"
2026-03-22 20:20:54 ERROR module=net msg="query failed"
2026-03-22 08:36:10 DEBUG module=api msg="retry counter reset"
2026-03-22 09:59:22 WARN module=sched msg="disk usage above 80%"
2026-03-22 10:31:54 WARN module=disk msg="slow response"
2026-03-22 00:04:12 INFO module=sched msg="request completed"
2026-03-22 09:16:21 DEBUG module=cache msg="queue length checked"
2026-03-22 17:26:29 INFO module=disk msg="user logged in"
2026-03-22 01:55:23 INFO module=disk msg="user logged in"
2026-03-22 11:14:15 INFO module=fs msg="request completed"
2026-03-22 05:39:14 ERROR module=db msg="connection refused"
2026-03-22 09:44:00 INFO module=fs msg="request completed"
2026-03-22 08:34:01 INFO module=auth msg="user logged in"
2026-03-22 02:14:33 INFO module=db msg="cache warmed up"
2026-03-22 00:38:13 WARN module=sched msg="slow response"
2026-03-22 09:24:57 INFO module=db msg="config reloaded"
2026-03-22 07:31:32 INFO module=db msg="config reloaded"
2026-03-22 22:32:37 INFO module=disk msg="job scheduled"
2026-03-22 12:16:49 INFO module=db msg="user logged in"
2026-03-22 21:28:07 INFO module=fs msg="config reloaded"
2026-03-22 16:49:42 INFO module=disk msg="cache warmed up"
2026-03-22 16:25:31 WARN module=db msg="retrying request"
2026-03-22 22:26:47 WARN module=db msg="deprecated option used"
2026-03-22 14:59:45 WARN module=net msg="retrying request"
2026-03-22 13:12:27 INFO module=db msg="cache warmed up"
2026-03-22 17:15:42 INFO module=api msg="service started"
2026-03-22 00:51:46 INFO module=api msg="service started"
2026-03-22 16:51:47 INFO module=db msg="cache warmed up"
2026-03-22 07:23:30 ERROR module=auth msg="no space left on device"
2026-03-22 16:11:03 INFO module=api msg="config reloaded"
2026-03-22 15:43:18 INFO module=disk msg="request completed"
2026-03-22 13:36:50 INFO module=auth msg="job scheduled"
2026-03-22 23:32:57 DEBUG module=auth msg="buffer flushed"
2026-03-22 14:45:57 INFO module=net msg="service started"
2026-03-22 04:44:24 WARN module=auth msg="retrying request"
2026-03-22 03:43:35 DEBUG module=auth msg="queue length checked"
2026-03-22 10:26:37 DEBUG module=sched msg="buffer flushed"
2026-03-22 10:15:37 DEBUG module=net msg="queue length checked"
2026-03-22 14:58:45 INFO module=fs msg="user logged in"
2026-03-22 04:57:20 INFO module=db msg="service started"
2026-03-22 18:24:23 INFO module=disk msg="job scheduled"
2026-03-22 23:32:47 INFO module=auth msg="request completed"
2026-03-22 19:52:31 INFO module=net msg="cache warmed up"
2026-03-22 04:06:04 WARN module=cache msg="slow response"
2026-03-22 11:57:13 DEBUG module=fs msg="entering handler"
2026-03-22 00:10:55 DEBUG module=cache msg="queue length checked"
2026-03-22 07:19:34 INFO module=cache msg="user logged in"
2026-03-22 07:22:51 DEBUG module=sched msg="entering handler"
2026-03-22 23:50:00 DEBUG module=cache msg="heartbeat sent"
2026-03-22 18:21:35 ERROR module=auth msg="invalid token"
2026-03-22 06:51:40 DEBUG module=cache msg="buffer flushed"
2026-03-22 14:39:13 INFO module=cache msg="request completed"
2026-03-22 15:13:03 INFO module=api msg="job scheduled"
2026-03-22 15:36:02 ERROR module=auth msg="no space left on device"
2026-03-22 07:36:27 WARN module=sched msg="deprecated option used"
2026-03-22 23:43:02 INFO module=auth msg="service started"
2026-03-22 02:06:54 INFO module=fs msg="job scheduled"
2026-03-22 03:14:47 INFO module=api msg="cache warmed up"
2026-03-22 14:02:33 DEBUG module=api msg="buffer flushed"
2026-03-22 20:23:48 WARN module=net msg="retrying request"
2026-03-22 16:23:58 ERROR module=net msg="invalid token"
2026-03-22 22:42:12 INFO module=cache msg="job scheduled"
2026-03-22 11:06:00 WARN module=api msg="slow response"
2026-03-22 03:04:44 INFO module=net msg="user logged in"
2026-03-22 18:08:19 INFO module=cache msg="config reloaded"
2026-03-22 01:10:33 ERROR module=net msg="segment read failed"
2026-03-22 18:44:33 DEBUG module=cache msg="heartbeat sent"
2026-03-22 23:18:44 ERROR module=disk msg="invalid token"
2026-03-22 22:21:05 INFO module=auth msg="config reloaded"
2026-03-22 17:00:08 INFO module=db msg="config reloaded"
2026-03-22 16:17:47 INFO module=disk msg="service started"
2026-03-22 01:03:50 WARN module=disk msg="disk usage above 80%"
2026-03-22 00:34:07 WARN module=disk msg="deprecated option used"
2026-03-22 09:10:28 INFO module=net msg="service started"
2026-03-22 10:20:03 DEBUG module=api msg="heartbeat sent"
2026-03-22 01:54:49 DEBUG module=api msg="entering handler"
2026-03-22 02:25:26 INFO module=api msg="config reloaded"
2026-03-22 22:05:28 WARN module=sched msg="retrying request"
2026-03-22 02:22:41 WARN module=net msg="retrying request"
2026-03-22 17:15:24 INFO module=sched msg="config reloaded"
2026-03-22 20:10:24 INFO module=db msg="service started"
2026-03-22 05:37:44 ERROR module=api msg="connection refused"
2026-03-22 07:33:48 DEBUG module=sched msg="heartbeat sent"
2026-03-22 12:04:36 DEBUG module=cache msg="queue length checked"
2026-03-22 00:37:42 INFO module=fs msg="config reloaded"
2026-03-22 04:48:09 WARN module=db msg="disk usage above 80%"
2026-03-22 08:29:04 DEBUG module=sched msg="heartbeat sent"
2026-03-22 23:01:31 INFO module=auth msg="service started"
2026-03-22 11:39:06 INFO module=cache msg="config reloaded"
2026-03-22 06:53:42 INFO module=fs msg="request completed"
2026-03-22 13:21:37 INFO module=api msg="cache warmed up"
2026-03-22 04:02:06 INFO module=net msg="job scheduled"
2026-03-22 09:40:40 INFO module=fs msg="job scheduled"
2026-03-22 03:46:25 INFO module=api msg="request completed"
2026-03-22 23:50:05 INFO module=net msg="job scheduled"
2026-03-22 03:09:26 INFO module=auth msg="service started"
2026-03-22 06:07:39 INFO module=net msg="config reloaded"
2026-03-22 07:07:59 INFO module=net msg="job scheduled"
2026-03-22 08:41:43 INFO module=auth msg="service started"
2026-03-22 10:39:35 WARN module=net msg="token expires soon"
2026-03-22 22:14:33 INFO module=api msg="config reloaded"
2026-03-22 00:16:55 INFO module=fs msg="service started"
2026-03-22 00:53:50 INFO module=net msg="request completed"
2026-03-22 01:57:08 DEBUG module=sched msg="queue length checked"
2026-03-22 14:37:44 ERROR module=net msg="permission denied"
2026-03-22 00:46:11 INFO module=api msg="request completed"
2026-03-22 18:46:58 INFO module=cache msg="user logged in"
2026-03-22 20:26:06 INFO module=disk msg="service started"
2026-03-22 11:08:03 WARN module=auth msg="disk usage above 80%"
2026-03-22 07:44:11 INFO module=db msg="user logged in"
2026-03-22 19:00:01 WARN module=disk msg="retrying request"
2026-03-22 00:03:41 INFO module=sched msg="config reloaded"
2026-03-22 06:25:35 DEBUG module=api msg="queue length checked"
2026-03-22 13:39:18 INFO module=disk msg="request completed"
2026-03-22 06:42:44 INFO module=auth msg="job scheduled"
2026-03-22 10:34:40 INFO module=disk msg="cache warmed up"
2026-03-22 03:45:39 INFO module=db msg="job scheduled"
2026-03-22 23:16:24 INFO module=net msg="service started"
2026-03-22 17:35:56 WARN module=auth msg="retrying request"
2026-03-22 18:31:01 DEBUG module=db msg="retry counter reset"
2026-03-22 14:49:17 INFO module=net msg="request completed"
2026-03-22 23:28:46 INFO module=cache msg="request completed"
2026-03-22 05:03:09 DEBUG module=api msg="buffer flushed"
2026-03-22 23:48:49 INFO module=net msg="config reloaded"
2026-03-22 05:55:10 INFO module=disk msg="request completed"
2026-03-22 01:13:55 INFO module=auth msg="cache warmed up"
2026-03-22 07:45:33 INFO module=auth msg="request completed"
2026-03-22 05:13:19 INFO module=net msg="config reloaded"
2026-03-22 21:44:44 DEBUG module=api msg="queue length checked"
2026-03-22 21:52:47 INFO module=cache msg="service started"
2026-03-22 21:30:38 INFO module=fs msg="cache warmed up"
2026-03-22 20:26:39 DEBUG module=sched msg="buffer flushed"
2026-03-22 06:15:09 INFO module=db msg="user logged in"
2026-03-22 15:08:26 INFO module=cache msg="cache warmed up"
2026-03-22 14:58:33 INFO module=net msg="request completed"
2026-03-22 01:00:16 ERROR module=net msg="no space left on device"
2026-03-22 21:40:08 ERROR module=net msg="query failed"
2026-03-22 23:53:08 INFO module=db msg="config reloaded"
2026-03-22 17:11:06 INFO module=auth msg="service started"
2026-03-22 20:51:17 WARN module=cache msg="deprecated option used"
2026-03-22 16:31:54 DEBUG module=net msg="queue length checked"
2026-03-22 08:19:25 INFO module=fs msg="user logged in"
2026-03-22 14:46:53 INFO module=cache msg="service started"
2026-03-22 09:01:55 WARN module=auth msg="slow response"
2026-03-22 02:08:09 INFO module=disk msg="request completed"
2026-03-22 03:07:50 INFO module=db msg="request completed"
2026-03-22 04:56:46 INFO module=api msg="service started"
2026-03-22 16:00:23 INFO module=db msg="cache warmed up"
2026-03-22 16:42:09 ERROR module=api msg="query failed"
2026-03-22 08:29:25 DEBUG module=fs msg="queue length checked"
2026-03-22 15:37:30 INFO module=cache msg="user logged in"
2026-03-22 18:55:17 INFO module=auth msg="service started"
2026-03-22 14:09:43 INFO module=api msg="job scheduled"
2026-03-22 17:44:18 INFO module=net msg="request completed"
2026-03-22 00:57:48 DEBUG module=cache msg="heartbeat sent"
2026-03-22 00:47:16 INFO module=fs msg="cache warmed up"
2026-03-22 03:27:48 INFO module=auth msg="request completed"
2026-03-22 02:22:21 WARN module=cache msg="retrying request"
2026-03-22 07:08:47 WARN module=db msg="slow response"
2026-03-22 20:49:55 INFO module=net msg="job scheduled"
2026-03-22 01:07:41 INFO module=disk msg="request completed"
2026-03-22 19:03:11 INFO module=db msg="cache warmed up"
2026-03-22 10:45:06 INFO module=auth msg="config reloaded"
2026-03-22 15:02:23 INFO module=db msg="job scheduled"
2026-03-22 07:18:10 WARN module=api msg="disk usage above 80%"
2026-03-22 22:37:29 INFO module=auth msg="service started"
2026-03-22 21:21:17 INFO module=net msg="service started"
2026-03-22 06:10:43 INFO module=disk msg="user logged in"
2026-03-22 21:58:27 ERROR module=net msg="segment read failed"
2026-03-22 13:08:43 DEBUG module=api msg="retry counter reset"
2026-03-22 13:32:11 ERROR module=db msg="invalid token"
2026-03-22 17:29:55 DEBUG module=disk msg="retry counter reset"
2026-03-22 03:27:51 INFO module=net msg="service started"
2026-03-22 20:39:10 INFO module=fs msg="job scheduled"
2026-03-22 16:24:55 INFO module=api msg="config reloaded"
2026-03-22 14:11:15 INFO module=api msg="service started"
2026-03-22 05:24:18 INFO module=fs msg="user logged in"
2026-03-22 16:43:29 WARN module=db msg="deprecated option used"
2026-03-22 19:13:39 INFO module=disk msg="user logged in"
2026-03-22 13:01:38 INFO module=db msg="job scheduled"
2026-03-22 07:30:45 INFO module=sched msg="cache warmed up"
2026-03-22 19:13:35 INFO module=disk msg="service started"
2026-03-22 21:25:11 INFO module=auth msg="request completed"
2026-03-22 16:23:07 INFO module=sched msg="job scheduled"
2026-03-22 20:29:34 ERROR module=auth msg="segment read failed"
2026-03-22 07:40:20 DEBUG module=disk msg="heartbeat sent"
2026-03-22 12:32:17 WARN module=cache msg="disk usage above 80%"
2026-03-22 21:23:07 DEBUG module=fs msg="queue length checked"
2026-03-22 01:50:26 INFO module=net msg="job scheduled"
2026-03-22 21:41:19 DEBUG module=cache msg="retry counter reset"
2026-03-22 11:08:14 INFO module=fs msg="request completed"
2026-03-22 11:21:28 INFO module=net msg="service started"
2026-03-22 14:19:43 INFO module=cache msg="request completed"
2026-03-22 18:23:22 INFO module=db msg="request completed"
2026-03-22 16:02:09 ERROR module=net msg="permission denied"
2026-03-22 08:24:23 INFO module=auth msg="config reloaded"
2026-03-22 19:38:59 WARN module=disk msg="slow response"
2026-03-22 05:16:19 WARN module=auth msg="deprecated option used"
2026-03-22 19:04:12 INFO module=fs msg="request completed"
2026-03-22 18:28:13 INFO module=auth msg="service started"
2026-03-22 21:51:28 INFO module=sched msg="job scheduled"
2026-03-22 03:37:52 WARN module=disk msg="slow response"
2026-03-22 01:27:37 ERROR module=cache msg="permission denied"
2026-03-22 02:59:32 DEBUG module=cache msg="queue length checked"
2026-03-22 13:53:58 WARN module=db msg="token expires soon"
2026-03-22 07:32:17 DEBUG module=cache msg="retry counter reset"
2026-03-22 17:30:28 INFO module=cache msg="user logged in"
2026-03-22 21:05:43 WARN module=cache msg="disk usage above 80%"
2026-03-22 19:09:17 ERROR module=cache msg="connection refused"
2026-03-22 18:11:28 INFO module=fs msg="request completed"
2026-03-22 23:33:43 INFO module=disk msg="request completed"
2026-03-22 10:02:51 INFO module=api msg="job scheduled"
2026-03-22 12:07:41 DEBUG module=sched msg="buffer flushed"
2026-03-22 14:10:03 DEBUG module=sched msg="queue length checked"
2026-03-22 02:00:22 INFO module=api msg="request completed"
2026-03-22 14:34:56 INFO module=cache msg="cache warmed up"
2026-03-22 09:12:38 WARN module=disk msg="disk usage above 80%"
2026-03-22 04:32:56 WARN module=db msg="slow response"
2026-03-22 00:15:45 INFO module=disk msg="job scheduled"
2026-03-22 23:37:18 INFO module=net msg="user logged in"
2026-03-22 10:32:39 DEBUG module=fs msg="heartbeat sent"
2026-03-22 09:57:51 INFO module=net msg="user logged in"
2026-03-22 19:23:21 INFO module=fs msg="config reloaded"
2026-03-22 07:02:09 ERROR module=auth msg="query failed"
2026-03-22 18:21:28 INFO module=cache msg="service started"
2026-03-22 08:54:48 INFO module=db msg="config reloaded"
2026-03-22 16:54:44 INFO module=auth msg="job scheduled"
2026-03-22 19:58:44 DEBUG module=disk msg="retry counter reset"
2026-03-22 11:19:53 DEBUG module=fs msg="heartbeat sent"
2026-03-22 17:11:59 INFO module=disk msg="cache warmed up"
2026-03-22 10:45:53 DEBUG module=net msg="queue length checked"
2026-03-22 22:54:35 INFO module=net msg="user logged in"
2026-03-22 16:43:42 ERROR module=net msg="invalid token"
2026-03-22 11:22:07 INFO module=net msg="cache warmed up"
2026-03-22 11:36:13 INFO module=api msg="service started"
2026-03-22 11:48:33 INFO module=api msg="job scheduled"
2026-03-22 07:28:39 WARN module=db msg="retrying request"
2026-03-22 04:52:24 INFO module=net msg="config reloaded"
2026-03-22 16:40:36 INFO module=net msg="job scheduled"
2026-03-22 00:44:32 WARN module=disk msg="disk usage above 80%"
2026-03-22 22:13:05 INFO module=cache msg="job scheduled"
2026-03-22 19:38:33 DEBUG module=sched msg="buffer flushed"
2026-03-22 01:50:36 INFO module=db msg="request completed"
2026-03-22 04:57:49 DEBUG module=db msg="heartbeat sent"
2026-03-22 13:33:44 INFO module=net msg="config reloaded"
2026-03-22 04:55:35 INFO module=api msg="cache warmed up"
2026-03-22 17:19:33 DEBUG module=disk msg="queue length checked"
2026-03-22 10:36:37 ERROR module=db msg="query failed"
2026-03-22 21:33:28 WARN module=disk msg="token expires soon"
2026-03-22 13:34:14 DEBUG module=auth msg="retry counter reset"
2026-03-22 21:27:01 INFO module=auth msg="request completed"
2026-03-22 10:30:07 WARN module=api msg="token expires soon"
2026-03-22 17:14:30 INFO module=disk msg="job scheduled"
2026-03-22 03:22:34 INFO module=disk msg="config reloaded"
2026-03-22 01:51:54 INFO module=cache msg="config reloaded"
2026-03-22 15:52:15 WARN module=auth msg="deprecated option used"
2026-03-22 19:21:49 INFO module=auth msg="job scheduled"
2026-03-22 06:25:23 INFO module=disk msg="cache warmed up"
2026-03-22 05:55:30 INFO module=net msg="user logged in"
2026-03-22 14:29:23 ERROR module=fs msg="connection timeout"
2026-03-22 20:41:31 WARN module=cache msg="deprecated option used"
2026-03-22 06:37:16 INFO module=db msg="request completed"
2026-03-22 06:28:17 INFO module=api msg="config reloaded"
2026-03-22 12:52:50 INFO module=fs msg="request completed"
2026-03-22 10:54:32 INFO module=cache msg="cache warmed up"
2026-03-22 16:25:47 INFO module=auth msg="user logged in"
2026-03-22 05:52:36 WARN module=auth msg="slow response"
2026-03-22 21:07:11 DEBUG module=disk msg="heartbeat sent"
2026-03-22 20:22:56 INFO module=sched msg="request completed"
2026-03-22 10:26:25 INFO module=auth msg="user logged in"
2026-03-22 17:56:45 ERROR module=api msg="segment read failed"
2026-03-22 00:07:35 ERROR module=net msg="segment read failed"
2026-03-22 17:19:24 INFO module=api msg="request completed"
2026-03-22 04:48:36 INFO module=fs msg="request completed"
2026-03-22 21:43:49 INFO module=db msg="cache warmed up"
2026-03-22 12:47:21 INFO module=auth msg="service started"
2026-03-22 08:06:59 DEBUG module=sched msg="buffer flushed"
2026-03-22 21:23:16 INFO module=db msg="user logged in"
2026-03-22 21:51:52 INFO module=net msg="cache warmed up"
2026-03-22 19:59:23 WARN module=disk msg="retrying request"
2026-03-22 07:41:25 INFO module=net msg="config reloaded"
2026-03-22 17:41:53 INFO module=sched msg="cache warmed up"
2026-03-22 11:27:11 WARN module=disk msg="slow response"
2026-03-22 12:08:02 INFO module=auth msg="request completed"
2026-03-22 05:53:25 INFO module=db msg="user logged in"
2026-03-22 06:25:39 INFO module=db msg="request completed"
2026-03-22 20:43:09 INFO module=net msg="service started"
2026-03-22 01:08:10 WARN module=net msg="deprecated option used"
2026-03-22 02:12:57 INFO module=sched msg="request completed"
2026-03-22 09:00:41 WARN module=auth msg="disk usage above 80%"
2026-03-22 05:15:43 INFO module=api msg="service started"
2026-03-22 17:58:50 ERROR module=disk msg="invalid token"
2026-03-22 14:04:50 INFO module=sched msg="service started"
2026-03-22 11:12:38 INFO module=auth msg="user logged in"
2026-03-22 21:17:59 INFO module=sched msg="job scheduled"
2026-03-22 19:16:24 INFO module=db msg="config reloaded"
2026-03-22 07:02:36 ERROR module=disk msg="invalid token"
2026-03-22 23:59:26 INFO module=api msg="job scheduled"
2026-03-22 09:52:13 INFO module=auth msg="service started"
2026-03-22 16:54:45 INFO module=net msg="service started"
2026-03-22 03:58:01 INFO module=api msg="service started"
2026-03-22 20:45:02 INFO module=net msg="request completed"
2026-03-22 02:21:48 INFO module=auth msg="service started"
2026-03-22 23:14:32 ERROR module=net msg="connection refused"
2026-03-22 17:57:22 ERROR module=auth msg="query failed"
2026-03-22 06:51:28 WARN module=auth msg="retrying request"
2026-03-22 13:49:35 INFO module=sched msg="cache warmed up"
2026-03-22 21:19:40 INFO module=db msg="user logged in"
2026-03-22 05:26:00 INFO module=disk msg="request completed"
2026-03-22 03:29:01 INFO module=sched msg="service started"
2026-03-22 01:30:10 INFO module=api msg="config reloaded"
2026-03-22 19:42:25 INFO module=fs msg="request completed"
2026-03-22 21:11:32 INFO module=net msg="job scheduled"
2026-03-22 00:59:58 INFO module=auth msg="config reloaded"
2026-03-22 12:26:30 INFO module=db msg="service started"
2026-03-22 04:45:35 INFO module=sched msg="job scheduled"
2026-03-22 09:34:04 INFO module=net msg="service started"
2026-03-22 10:37:58 INFO module=net msg="request completed"
2026-03-22 13:38:20 INFO module=cache msg="request completed"
2026-03-22 09:24:24 INFO module=api msg="config reloaded"
2026-03-22 09:01:20 INFO module=db msg="user logged in"
2026-03-22 08:25:15 DEBUG module=sched msg="heartbeat sent"
2026-03-22 08:02:20 DEBUG module=sched msg="queue length checked"
2026-03-22 11:25:12 DEBUG module=db msg="heartbeat sent"
2026-03-22 18:06:13 INFO module=disk msg="config reloaded"
2026-03-22 09:53:01 INFO module=sched msg="config reloaded"
2026-03-22 19:02:50 INFO module=auth msg="user logged in"
2026-03-22 20:21:19 WARN module=disk msg="slow response"
2026-03-22 21:22:06 INFO module=auth msg="request completed"
2026-03-22 00:44:24 INFO module=api msg="user logged in"
2026-03-22 02:18:55 INFO module=cache msg="cache warmed up"
2026-03-22 17:56:23 INFO module=fs msg="config reloaded"
2026-03-22 06:38:15 INFO module=api msg="config reloaded"
2026-03-22 09:29:59 INFO module=db msg="cache warmed up"
2026-03-22 16:11:54 INFO module=db msg="job scheduled"
2026-03-22 23:03:40 INFO module=net msg="config reloaded"
2026-03-22 13:18:28 INFO module=fs msg="request completed"
2026-03-22 17:56:07 ERROR module=db msg="connection refused"
2026-03-22 07:38:00 INFO module=auth msg="job scheduled"
2026-03-22 01:53:35 ERROR module=disk msg="segment read failed"
2026-03-22 11:48:19 INFO module=api msg="request completed"
2026-03-22 13:27:04 INFO module=auth msg="service started"
2026-03-22 15:58:43 DEBUG module=disk msg="entering handler"
2026-03-22 12:39:35 WARN module=db msg="retrying request"
2026-03-22 21:33:30 WARN module=auth msg="token expires soon"
2026-03-22 04:50:51 INFO module=cache msg="service started"
2026-03-22 19:34:00 INFO module=fs msg="request completed"
2026-03-22 00:56:13 ERROR module=disk msg="query failed"
2026-03-22 16:41:06 INFO module=auth msg="job scheduled"
2026-03-22 00:08:45 DEBUG module=net msg="buffer flushed"
2026-03-22 01:50:22 DEBUG module=api msg="retry counter reset"
2026-03-22 17:07:15 INFO module=disk msg="user logged in"
2026-03-22 11:09:27 INFO module=fs msg="request completed"
2026-03-22 06:24:22 WARN module=api msg="deprecated option used"
2026-03-22 11:20:35 INFO module=net msg="user logged in"
2026-03-22 00:43:42 INFO module=db msg="request completed"
2026-03-22 02:40:24 INFO module=disk msg="request completed"
2026-03-22 03:39:48 INFO module=auth msg="request completed"
2026-03-22 10:00:31 DEBUG module=disk msg="entering handler"
2026-03-22 23:29:30 WARN module=disk msg="slow response"
2026-03-22 03:33:18 DEBUG module=fs msg="entering handler"
2026-03-22 06:55:15 INFO module=auth msg="job scheduled"
2026-03-22 00:17:10 INFO module=api msg="service started"
2026-03-22 14:37:04 INFO module=auth msg="service started"
2026-03-22 12:19:25 WARN module=cache msg="token expires soon"
2026-03-22 12:10:05 INFO module=disk msg="request completed"
2026-03-22 05:43:19 INFO module=api msg="user logged in"
2026-03-22 04:55:30 INFO module=auth msg="config reloaded"
2026-03-22 21:16:46 INFO module=api msg="job scheduled"
2026-03-22 23:13:43 INFO module=net msg="user logged in"
2026-03-22 21:02:44 WARN module=disk msg="retrying request"
2026-03-22 16:03:04 INFO module=auth msg="user logged in"
2026-03-22 04:15:13 INFO module=api msg="config reloaded"
2026-03-22 05:03:48 WARN module=cache msg="disk usage above 80%"
2026-03-22 09:15:55 WARN module=fs msg="token expires soon"
2026-03-22 11:52:48 ERROR module=disk msg="segment read failed"
2026-03-22 23:27:14 WARN module=net msg="slow response"
2026-03-22 03:53:47 INFO module=cache msg="cache warmed up"
2026-03-22 05:56:35 INFO module=net msg="service started"
2026-03-22 23:58:02 INFO module=fs msg="service started"
2026-03-22 04:48:10 ERROR module=disk msg="connection timeout"
2026-03-22 05:07:37 WARN module=auth msg="deprecated option used"
2026-03-22 05:44:32 WARN module=disk msg="token expires soon"
2026-03-22 13:43:24 ERROR module=net msg="permission denied"
2026-03-22 03:19:36 DEBUG module=cache msg="heartbeat sent"
2026-03-22 23:01:50 INFO module=auth msg="cache warmed up"
2026-03-22 04:21:45 DEBUG module=cache msg="buffer flushed"
2026-03-22 21:21:36 INFO module=net msg="config reloaded"
2026-03-22 23:35:37 DEBUG module=sched msg="entering handler"
2026-03-22 01:22:14 INFO module=net msg="service started"
2026-03-22 01:32:42 DEBUG module=net msg="retry counter reset"
2026-03-22 20:27:17 INFO module=cache msg="service started"
2026-03-22 10:48:51 WARN module=db msg="token expires soon"
2026-03-22 00:55:39 INFO module=db msg="request completed"
2026-03-22 12:02:05 WARN module=api msg="retrying request"
2026-03-22 18:49:27 WARN module=db msg="retrying request"
2026-03-22 23:39:11 DEBUG module=net msg="queue length checked"
2026-03-22 20:59:58 INFO module=net msg="config reloaded"
2026-03-22 23:22:30 DEBUG module=fs msg="queue length checked"
2026-03-22 04:40:32 ERROR module=net msg="permission denied"
2026-03-22 04:56:13 INFO module=net msg="job scheduled"
2026-03-22 12:50:54 DEBUG module=sched msg="entering handler"
2026-03-22 03:17:50 DEBUG module=net msg="entering handler"
2026-03-22 12:56:39 ERROR module=net msg="segment read failed"
2026-03-22 09:58:27 INFO module=sched msg="user logged in"
2026-03-22 22:07:20 INFO module=api msg="job scheduled"
2026-03-22 05:25:26 DEBUG module=fs msg="heartbeat sent"
2026-03-22 11:43:24 WARN module=disk msg="slow response"
2026-03-22 16:25:02 ERROR module=net msg="connection timeout"
2026-03-22 20:52:06 WARN module=db msg="token expires soon"
2026-03-22 15:52:02 INFO module=net msg="request completed"
2026-03-22 21:27:13 INFO module=disk msg="config reloaded"
2026-03-22 03:12:34 DEBUG module=db msg="retry counter reset"
2026-03-22 17:11:42 INFO module=sched msg="job scheduled"
2026-03-22 14:33:54 INFO module=fs msg="job scheduled"
2026-03-22 00:12:09 INFO module=sched msg="request completed"
2026-03-22 02:43:50 INFO module=cache msg="user logged in"
2026-03-22 07:20:21 INFO module=db msg="job scheduled"
2026-03-22 22:54:56 INFO module=net msg="cache warmed up"
2026-03-22 13:51:34 WARN module=cache msg="deprecated option used"
2026-03-22 06:27:10 INFO module=cache msg="cache warmed up"
2026-03-22 22:52:35 INFO module=fs msg="config reloaded"
2026-03-22 04:12:09 WARN module=fs msg="slow response"
2026-03-22 17:19:04 INFO module=net msg="user logged in"
2026-03-22 19:59:59 INFO module=api msg="config reloaded"
2026-03-22 03:17:28 DEBUG module=auth msg="heartbeat sent"
2026-03-22 10:47:47 INFO module=db msg="request completed"
2026-03-22 00:06:59 WARN module=disk msg="retrying request"
2026-03-22 17:22:05 INFO module=fs msg="service started"
2026-03-22 14:55:09 INFO module=cache msg="request completed"
2026-03-22 13:20:50 ERROR module=net msg="segment read failed"
2026-03-22 22:17:57 INFO module=api msg="user logged in"
2026-03-22 23:12:45 INFO module=net msg="cache warmed up"
2026-03-22 00:40:35 INFO module=sched msg="service started"
2026-03-22 09:01:26 INFO module=auth msg="cache warmed up"
2026-03-22 07:44:13 DEBUG module=cache msg="queue length checked"
2026-03-22 07:17:57 INFO module=db msg="request completed"
2026-03-22 10:06:42 INFO module=auth msg="user logged in"
2026-03-22 00:25:18 INFO module=net msg="request completed"
2026-03-22 06:28:53 INFO module=disk msg="job scheduled"
2026-03-22 22:42:15 DEBUG module=net msg="queue length checked"
2026-03-22 19:09:18 DEBUG module=net msg="entering handler"
2026-03-22 13:35:17 DEBUG module=sched msg="queue length checked"
2026-03-22 05:18:10 INFO module=cache msg="cache warmed up"
2026-03-22 02:19:40 INFO module=disk msg="job scheduled"
2026-03-22 07:34:19 INFO module=disk msg="cache warmed up"
2026-03-22 09:48:41 INFO module=db msg="job scheduled"
2026-03-22 03:56:33 DEBUG module=db msg="queue length checked"
2026-03-22 10:57:04 INFO module=db msg="job scheduled"
2026-03-22 12:42:00 INFO module=db msg="user logged in"
2026-03-22 05:31:53 WARN module=net msg="slow response"
2026-03-22 09:17:55 INFO module=fs msg="cache warmed up"
2026-03-22 00:49:37 INFO module=db msg="request completed"
2026-03-22 02:33:07 INFO module=db msg="job scheduled"
2026-03-22 18:10:07 ERROR module=net msg="segment read failed"
2026-03-22 22:37:04 INFO module=net msg="config reloaded"
